Archive member included to satisfy reference by file (symbol)

/home/flinux/Downloads/MounRiver_Studio_Community_Linux_x64_V170/MRS_Community/toolchain/RISC-V_Embedded_GCC/bin/../lib/gcc/riscv-none-embed/8.2.0/rv32imac/ilp32/libgcc.a(save-restore.o)
                              ./USB_Host/app_km.o (__riscv_save_12)
/home/flinux/Downloads/MounRiver_Studio_Community_Linux_x64_V170/MRS_Community/toolchain/RISC-V_Embedded_GCC/bin/../lib/gcc/riscv-none-embed/8.2.0/../../../../riscv-none-embed/lib/rv32imac/ilp32/libg_nano.a(lib_a-malloc.o)
                              ./USB_Host/app_km.o (malloc)
/home/flinux/Downloads/MounRiver_Studio_Community_Linux_x64_V170/MRS_Community/toolchain/RISC-V_Embedded_GCC/bin/../lib/gcc/riscv-none-embed/8.2.0/../../../../riscv-none-embed/lib/rv32imac/ilp32/libg_nano.a(lib_a-memchr.o)
                              ./USB_Host/app_km.o (memchr)
/home/flinux/Downloads/MounRiver_Studio_Community_Linux_x64_V170/MRS_Community/toolchain/RISC-V_Embedded_GCC/bin/../lib/gcc/riscv-none-embed/8.2.0/../../../../riscv-none-embed/lib/rv32imac/ilp32/libg_nano.a(lib_a-memcpy.o)
                              ./User/ch32v20x_usbfs_device.o (memcpy)
/home/flinux/Downloads/MounRiver_Studio_Community_Linux_x64_V170/MRS_Community/toolchain/RISC-V_Embedded_GCC/bin/../lib/gcc/riscv-none-embed/8.2.0/../../../../riscv-none-embed/lib/rv32imac/ilp32/libg_nano.a(lib_a-memset.o)
                              ./User/main.o (memset)
/home/flinux/Downloads/MounRiver_Studio_Community_Linux_x64_V170/MRS_Community/toolchain/RISC-V_Embedded_GCC/bin/../lib/gcc/riscv-none-embed/8.2.0/../../../../riscv-none-embed/lib/rv32imac/ilp32/libg_nano.a(lib_a-nano-freer.o)
                              /home/flinux/Downloads/MounRiver_Studio_Community_Linux_x64_V170/MRS_Community/toolchain/RISC-V_Embedded_GCC/bin/../lib/gcc/riscv-none-embed/8.2.0/../../../../riscv-none-embed/lib/rv32imac/ilp32/libg_nano.a(lib_a-malloc.o) (_free_r)
/home/flinux/Downloads/MounRiver_Studio_Community_Linux_x64_V170/MRS_Community/toolchain/RISC-V_Embedded_GCC/bin/../lib/gcc/riscv-none-embed/8.2.0/../../../../riscv-none-embed/lib/rv32imac/ilp32/libg_nano.a(lib_a-nano-mallocr.o)
                              /home/flinux/Downloads/MounRiver_Studio_Community_Linux_x64_V170/MRS_Community/toolchain/RISC-V_Embedded_GCC/bin/../lib/gcc/riscv-none-embed/8.2.0/../../../../riscv-none-embed/lib/rv32imac/ilp32/libg_nano.a(lib_a-malloc.o) (_malloc_r)
/home/flinux/Downloads/MounRiver_Studio_Community_Linux_x64_V170/MRS_Community/toolchain/RISC-V_Embedded_GCC/bin/../lib/gcc/riscv-none-embed/8.2.0/../../../../riscv-none-embed/lib/rv32imac/ilp32/libg_nano.a(lib_a-printf.o)
                              ./User/main.o (printf)
/home/flinux/Downloads/MounRiver_Studio_Community_Linux_x64_V170/MRS_Community/toolchain/RISC-V_Embedded_GCC/bin/../lib/gcc/riscv-none-embed/8.2.0/../../../../riscv-none-embed/lib/rv32imac/ilp32/libg_nano.a(lib_a-puts.o)
                              ./User/main.o (puts)
/home/flinux/Downloads/MounRiver_Studio_Community_Linux_x64_V170/MRS_Community/toolchain/RISC-V_Embedded_GCC/bin/../lib/gcc/riscv-none-embed/8.2.0/../../../../riscv-none-embed/lib/rv32imac/ilp32/libg_nano.a(lib_a-sbrkr.o)
                              /home/flinux/Downloads/MounRiver_Studio_Community_Linux_x64_V170/MRS_Community/toolchain/RISC-V_Embedded_GCC/bin/../lib/gcc/riscv-none-embed/8.2.0/../../../../riscv-none-embed/lib/rv32imac/ilp32/libg_nano.a(lib_a-nano-mallocr.o) (_sbrk_r)
/home/flinux/Downloads/MounRiver_Studio_Community_Linux_x64_V170/MRS_Community/toolchain/RISC-V_Embedded_GCC/bin/../lib/gcc/riscv-none-embed/8.2.0/../../../../riscv-none-embed/lib/rv32imac/ilp32/libg_nano.a(lib_a-wbuf.o)
                              /home/flinux/Downloads/MounRiver_Studio_Community_Linux_x64_V170/MRS_Community/toolchain/RISC-V_Embedded_GCC/bin/../lib/gcc/riscv-none-embed/8.2.0/../../../../riscv-none-embed/lib/rv32imac/ilp32/libg_nano.a(lib_a-puts.o) (__swbuf_r)
/home/flinux/Downloads/MounRiver_Studio_Community_Linux_x64_V170/MRS_Community/toolchain/RISC-V_Embedded_GCC/bin/../lib/gcc/riscv-none-embed/8.2.0/../../../../riscv-none-embed/lib/rv32imac/ilp32/libg_nano.a(lib_a-wsetup.o)
                              /home/flinux/Downloads/MounRiver_Studio_Community_Linux_x64_V170/MRS_Community/toolchain/RISC-V_Embedded_GCC/bin/../lib/gcc/riscv-none-embed/8.2.0/../../../../riscv-none-embed/lib/rv32imac/ilp32/libg_nano.a(lib_a-puts.o) (__swsetup_r)
/home/flinux/Downloads/MounRiver_Studio_Community_Linux_x64_V170/MRS_Community/toolchain/RISC-V_Embedded_GCC/bin/../lib/gcc/riscv-none-embed/8.2.0/../../../../riscv-none-embed/lib/rv32imac/ilp32/libg_nano.a(lib_a-fflush.o)
                              /home/flinux/Downloads/MounRiver_Studio_Community_Linux_x64_V170/MRS_Community/toolchain/RISC-V_Embedded_GCC/bin/../lib/gcc/riscv-none-embed/8.2.0/../../../../riscv-none-embed/lib/rv32imac/ilp32/libg_nano.a(lib_a-wbuf.o) (_fflush_r)
[...]
Memory Configuration

Name             Origin             Length             Attributes
FLASH            0x0000000000000000 0x0000000000010000 xr
RAM              0x0000000020000000 0x0000000000005000 xrw
*default*        0x0000000000000000 0xffffffffffffffff

Linker script and memory map

LOAD ./User/ch32v20x_it.o
LOAD ./User/ch32v20x_usbfs_device.o
LOAD ./User/main.o
LOAD ./User/system_ch32v20x.o
LOAD ./User/usb_desc.o
LOAD ./USB_Host/app_km.o
LOAD ./USB_Host/ch32v20x_usbfs_host.o
LOAD ./USB_Host/usb_host_hid.o
LOAD ./USB_Host/usb_host_hub.o
LOAD ./Startup/startup_ch32v20x_D6.o
LOAD ./Peripheral/src/ch32v20x_adc.o
LOAD ./Peripheral/src/ch32v20x_bkp.o
LOAD ./Peripheral/src/ch32v20x_can.o
LOAD ./Peripheral/src/ch32v20x_crc.o
LOAD ./Peripheral/src/ch32v20x_dbgmcu.o
LOAD ./Peripheral/src/ch32v20x_dma.o
LOAD ./Peripheral/src/ch32v20x_exti.o
LOAD ./Peripheral/src/ch32v20x_flash.o
LOAD ./Peripheral/src/ch32v20x_gpio.o
LOAD ./Peripheral/src/ch32v20x_i2c.o
LOAD ./Peripheral/src/ch32v20x_iwdg.o
LOAD ./Peripheral/src/ch32v20x_misc.o
LOAD ./Peripheral/src/ch32v20x_opa.o
LOAD ./Peripheral/src/ch32v20x_pwr.o
LOAD ./Peripheral/src/ch32v20x_rcc.o
LOAD ./Peripheral/src/ch32v20x_rtc.o
LOAD ./Peripheral/src/ch32v20x_spi.o
LOAD ./Peripheral/src/ch32v20x_tim.o
LOAD ./Peripheral/src/ch32v20x_usart.o
LOAD ./Peripheral/src/ch32v20x_wwdg.o
LOAD ./Device/USBLIB/USB-Driver/src/usb_core.o
LOAD ./Device/USBLIB/USB-Driver/src/usb_init.o
LOAD ./Device/USBLIB/USB-Driver/src/usb_int.o
LOAD ./Device/USBLIB/USB-Driver/src/usb_mem.o
LOAD ./Device/USBLIB/USB-Driver/src/usb_regs.o
LOAD ./Device/USBLIB/USB-Driver/src/usb_sil.o
LOAD ./Device/USBLIB/CONFIG/hw_config.o
LOAD ./Device/USBLIB/CONFIG/usb_desc.o
LOAD ./Device/USBLIB/CONFIG/usb_endp.o
LOAD ./Device/USBLIB/CONFIG/usb_istr.o
LOAD ./Device/USBLIB/CONFIG/usb_prop.o
LOAD ./Device/USBLIB/CONFIG/usb_pwr.o
LOAD ./Device/usbd_composite_km.o
LOAD ./Debug/debug.o
LOAD ./Core/core_riscv.o
LOAD /home/flinux/Downloads/MounRiver_Studio_Community_Linux_x64_V170/MRS_Community/toolchain/RISC-V_Embedded_GCC/bin/../lib/gcc/riscv-none-embed/8.2.0/rv32imac/ilp32/libgcc.a
LOAD /home/flinux/Downloads/MounRiver_Studio_Community_Linux_x64_V170/MRS_Community/toolchain/RISC-V_Embedded_GCC/bin/../lib/gcc/riscv-none-embed/8.2.0/../../../../riscv-none-embed/lib/rv32imac/ilp32/libg_nano.a
LOAD /home/flinux/Downloads/MounRiver_Studio_Community_Linux_x64_V170/MRS_Community/toolchain/RISC-V_Embedded_GCC/bin/../lib/gcc/riscv-none-embed/8.2.0/../../../../riscv-none-embed/lib/rv32imac/ilp32/libc_nano.a
LOAD /home/flinux/Downloads/MounRiver_Studio_Community_Linux_x64_V170/MRS_Community/toolchain/RISC-V_Embedded_GCC/bin/../lib/gcc/riscv-none-embed/8.2.0/rv32imac/ilp32/libgcc.a
START GROUP
LOAD /home/flinux/Downloads/MounRiver_Studio_Community_Linux_x64_V170/MRS_Community/toolchain/RISC-V_Embedded_GCC/bin/../lib/gcc/riscv-none-embed/8.2.0/rv32imac/ilp32/libgcc.a
LOAD /home/flinux/Downloads/MounRiver_Studio_Community_Linux_x64_V170/MRS_Community/toolchain/RISC-V_Embedded_GCC/bin/../lib/gcc/riscv-none-embed/8.2.0/../../../../riscv-none-embed/lib/rv32imac/ilp32/libc_nano.a
LOAD /home/flinux/Downloads/MounRiver_Studio_Community_Linux_x64_V170/MRS_Community/toolchain/RISC-V_Embedded_GCC/bin/../lib/gcc/riscv-none-embed/8.2.0/../../../../riscv-none-embed/lib/rv32imac/ilp32/libnosys.a
END GROUP
START GROUP
LOAD /home/flinux/Downloads/MounRiver_Studio_Community_Linux_x64_V170/MRS_Community/toolchain/RISC-V_Embedded_GCC/bin/../lib/gcc/riscv-none-embed/8.2.0/rv32imac/ilp32/libgcc.a
LOAD /home/flinux/Downloads/MounRiver_Studio_Community_Linux_x64_V170/MRS_Community/toolchain/RISC-V_Embedded_GCC/bin/../lib/gcc/riscv-none-embed/8.2.0/../../../../riscv-none-embed/lib/rv32imac/ilp32/libc_nano.a
LOAD /home/flinux/Downloads/MounRiver_Studio_Community_Linux_x64_V170/MRS_Community/toolchain/RISC-V_Embedded_GCC/bin/../lib/gcc/riscv-none-embed/8.2.0/../../../../riscv-none-embed/lib/rv32imac/ilp32/libnosys.a
END GROUP
                0x0000000000000800                __stack_size = 0x800
                [!provide]                        PROVIDE (_stack_size = __stack_size)

.init           0x0000000000000000       0x38
                0x0000000000000000                _sinit = .
                0x0000000000000000                . = ALIGN (0x4)
 *(SORT_NONE(.init))
 .init          0x0000000000000000       0x38 ./Startup/startup_ch32v20x_D6.o
                0x0000000000000000                _start
                0x0000000000000038                . = ALIGN (0x4)
                0x0000000000000038                _einit = .

.vector         0x0000000000000038      0x108
 *(.vector)
 .vector        0x0000000000000038       0xfc ./Startup/startup_ch32v20x_D6.o
                0x0000000000000140                . = ALIGN (0x40)
 *fill*         0x0000000000000134        0xc 

.text           0x0000000000000140     0x612c
                0x0000000000000140                . = ALIGN (0x4)
 *(.text)
 .text          0x0000000000000140       0x60 /home/flinux/Downloads/MounRiver_Studio_Community_Linux_x64_V170/MRS_Community/toolchain/RISC-V_Embedded_GCC/bin/../lib/gcc/riscv-none-embed/8.2.0/rv32imac/ilp32/libgcc.a(save-restore.o)
                0x0000000000000140                __riscv_save_12
                0x0000000000000148                __riscv_save_8
                0x0000000000000148                __riscv_save_11
                0x0000000000000148                __riscv_save_9
                0x0000000000000148                __riscv_save_10
                0x0000000000000156                __riscv_save_7
                0x0000000000000156                __riscv_save_4
                0x0000000000000156                __riscv_save_6
                0x0000000000000156                __riscv_save_5
                0x0000000000000170                __riscv_save_1
                0x0000000000000170                __riscv_save_3
                0x0000000000000170                __riscv_save_2
                0x0000000000000170                __riscv_save_0
                0x000000000000017c                __riscv_restore_12
                0x0000000000000180                __riscv_restore_10
                0x0000000000000180                __riscv_restore_11
                0x0000000000000180                __riscv_restore_8
                0x0000000000000180                __riscv_restore_9
                0x000000000000018a                __riscv_restore_5
                0x000000000000018a                __riscv_restore_6
                0x000000000000018a                __riscv_restore_4
                0x000000000000018a                __riscv_restore_7
                0x0000000000000194                __riscv_restore_3
                0x0000000000000194                __riscv_restore_2
                0x0000000000000194                __riscv_restore_0
                0x0000000000000194                __riscv_restore_1
 .text          0x00000000000001a0       0xa8 /home/flinux/Downloads/MounRiver_Studio_Community_Linux_x64_V170/MRS_Community/toolchain/RISC-V_Embedded_GCC/bin/../lib/gcc/riscv-none-embed/8.2.0/../../../../riscv-none-embed/lib/rv32imac/ilp32/libg_nano.a(lib_a-memset.o)
                0x00000000000001a0                memset
 *(.text.*)
 .text.NMI_Handler
                0x0000000000000248        0x4 ./User/ch32v20x_it.o
                0x0000000000000248                NMI_Handler
 .text.HardFault_Handler
                0x000000000000024c        0x2 ./User/ch32v20x_it.o
                0x000000000000024c                HardFault_Handler
 .text.USBFS_Device_Endp_Init
                0x000000000000024e       0x92 ./User/ch32v20x_usbfs_device.o
                0x000000000000024e                USBFS_Device_Endp_Init
 .text.USBHD_IRQHandler
                0x00000000000002e0      0x822 ./User/ch32v20x_usbfs_device.o
                0x00000000000002e0                USBHD_IRQHandler
 .text.GPIO_INIT
                0x0000000000000b02       0x36 ./User/main.o
                0x0000000000000b02                GPIO_INIT
 .text.startup.main
                0x0000000000000b38       0x8e ./User/main.o
                0x0000000000000b38                main
 .text.SystemInit
                0x0000000000000bc6       0xea ./User/system_ch32v20x.o
                0x0000000000000bc6                SystemInit
 .text.SetLEDHighForDuration
                0x0000000000000cb0       0x2c ./USB_Host/app_km.o
                0x0000000000000cb0                SetLEDHighForDuration
 .text.TIM3_Init
                0x0000000000000cdc       0x7a ./USB_Host/app_km.o
                0x0000000000000cdc                TIM3_Init
 .text.TIM3_IRQHandler
                0x0000000000000d56        0x6 ./USB_Host/app_km.o
                0x0000000000000d56                TIM3_IRQHandler
 .text.TIM3_IRQHandler_Real
                0x0000000000000d5c      0x118 ./USB_Host/app_km.o
                0x0000000000000d5c                TIM3_IRQHandler_Real
 .text.USBH_AnalyseType
                0x0000000000000e74       0x48 ./USB_Host/app_km.o
                0x0000000000000e74                USBH_AnalyseType
 .text.USBH_EnumRootDevice
                0x0000000000000ebc      0x100 ./USB_Host/app_km.o
                0x0000000000000ebc                USBH_EnumRootDevice
 .text.KM_AnalyzeConfigDesc
                0x0000000000000fbc      0x282 ./USB_Host/app_km.o
                0x0000000000000fbc                KM_AnalyzeConfigDesc
 .text.KM_AnalyzeHidReportDesc
                0x000000000000123e      0x19e ./USB_Host/app_km.o
                0x000000000000123e                KM_AnalyzeHidReportDesc
 .text.KM_DealHidReportDesc
                0x00000000000013dc       0x86 ./USB_Host/app_km.o
                0x00000000000013dc                KM_DealHidReportDesc
 .text.HUB_AnalyzeConfigDesc
                0x0000000000001462       0xcc ./USB_Host/app_km.o
                0x0000000000001462                HUB_AnalyzeConfigDesc
 .text.USBH_EnumHubDevice
                0x000000000000152e       0xf0 ./USB_Host/app_km.o
                0x000000000000152e                USBH_EnumHubDevice
 .text.HUB_Port_PreEnum1
                0x000000000000161e       0x8e ./USB_Host/app_km.o
                0x000000000000161e                HUB_Port_PreEnum1
 .text.HUB_Port_PreEnum2
                0x00000000000016ac       0xb4 ./USB_Host/app_km.o
                0x00000000000016ac                HUB_Port_PreEnum2
 .text.HUB_CheckPortSpeed
                0x0000000000001760       0x30 ./USB_Host/app_km.o
                0x0000000000001760                HUB_CheckPortSpeed
 .text.USBH_EnumHubPortDevice
                0x0000000000001790       0xe4 ./USB_Host/app_km.o
                0x0000000000001790                USBH_EnumHubPortDevice
 .text.KB_SetReport
                0x0000000000001874       0xa2 ./USB_Host/app_km.o
                0x0000000000001874                KB_SetReport
 .text.USBH_EnumHidDevice
                0x0000000000001916       0xae ./USB_Host/app_km.o
                0x0000000000001916                USBH_EnumHidDevice
 .text.USBH_MainDeal
                0x00000000000019c4      0x642 ./USB_Host/app_km.o
                0x00000000000019c4                USBH_MainDeal
 .text.USBFSH_SetSelfSpeed.part.0
                0x0000000000002006       0x32 ./USB_Host/ch32v20x_usbfs_host.o
 .text.USBFS_RCC_Init
                0x0000000000002038       0x46 ./USB_Host/ch32v20x_usbfs_host.o
                0x0000000000002038                USBFS_RCC_Init
 .text.USBFS_Host_Init
                0x000000000000207e       0x58 ./USB_Host/ch32v20x_usbfs_host.o
                0x000000000000207e                USBFS_Host_Init
 .text.USBFSH_CheckRootHubPortStatus
                0x00000000000020d6       0x36 ./USB_Host/ch32v20x_usbfs_host.o
                0x00000000000020d6                USBFSH_CheckRootHubPortStatus
 .text.USBFSH_CheckRootHubPortSpeed
                0x000000000000210c       0x12 ./USB_Host/ch32v20x_usbfs_host.o
                0x000000000000210c                USBFSH_CheckRootHubPortSpeed
 .text.USBFSH_SetSelfAddr
                0x000000000000211e       0x18 ./USB_Host/ch32v20x_usbfs_host.o
                0x000000000000211e                USBFSH_SetSelfAddr
 .text.USBFSH_SetSelfSpeed
                0x0000000000002136       0x3a ./USB_Host/ch32v20x_usbfs_host.o
                0x0000000000002136                USBFSH_SetSelfSpeed
 .text.USBFSH_ResetRootHubPort
                0x0000000000002170       0x5e ./USB_Host/ch32v20x_usbfs_host.o
                0x0000000000002170                USBFSH_ResetRootHubPort
 .text.USBFSH_EnableRootHubPort
                0x00000000000021ce       0x4a ./USB_Host/ch32v20x_usbfs_host.o
                0x00000000000021ce                USBFSH_EnableRootHubPort
 .text.USBFSH_Transact
                0x0000000000002218      0x102 ./USB_Host/ch32v20x_usbfs_host.o
                0x0000000000002218                USBFSH_Transact
 .text.USBFSH_CtrlTransfer
                0x000000000000231a      0x1b8 ./USB_Host/ch32v20x_usbfs_host.o
                0x000000000000231a                USBFSH_CtrlTransfer
 .text.USBFSH_GetDeviceDescr
                0x00000000000024d2       0x4c ./USB_Host/ch32v20x_usbfs_host.o
                0x00000000000024d2                USBFSH_GetDeviceDescr
 .text.USBFSH_GetConfigDescr
                0x000000000000251e       0x76 ./USB_Host/ch32v20x_usbfs_host.o
                0x000000000000251e                USBFSH_GetConfigDescr
 .text.USBFSH_GetStrDescr
                0x0000000000002594       0x60 ./USB_Host/ch32v20x_usbfs_host.o
                0x0000000000002594                USBFSH_GetStrDescr
 .text.USBFSH_SetUsbAddress
                0x00000000000025f4       0x3c ./USB_Host/ch32v20x_usbfs_host.o
                0x00000000000025f4                USBFSH_SetUsbAddress
 .text.USBFSH_SetUsbConfig
                0x0000000000002630       0x28 ./USB_Host/ch32v20x_usbfs_host.o
                0x0000000000002630                USBFSH_SetUsbConfig
 .text.USBFSH_ClearEndpStall
                0x0000000000002658       0x28 ./USB_Host/ch32v20x_usbfs_host.o
                0x0000000000002658                USBFSH_ClearEndpStall
 .text.USBFSH_GetEndpData
                0x0000000000002680       0x52 ./USB_Host/ch32v20x_usbfs_host.o
                0x0000000000002680                USBFSH_GetEndpData
 .text.USBFSH_SendEndpData
                0x00000000000026d2       0x48 ./USB_Host/ch32v20x_usbfs_host.o
                0x00000000000026d2                USBFSH_SendEndpData
 .text.HID_GetHidDesr
                0x000000000000271a       0x34 ./USB_Host/usb_host_hid.o
                0x000000000000271a                HID_GetHidDesr
 .text.HID_SetReport
                0x000000000000274e       0x2c ./USB_Host/usb_host_hid.o
                0x000000000000274e                HID_SetReport
 .text.HID_SetIdle
                0x000000000000277a       0x34 ./USB_Host/usb_host_hid.o
                0x000000000000277a                HID_SetIdle
 .text.HUB_GetPortStatus
                0x00000000000027ae       0x32 ./USB_Host/usb_host_hub.o
                0x00000000000027ae                HUB_GetPortStatus
 .text.HUB_ClearPortFeature
                0x00000000000027e0       0x2e ./USB_Host/usb_host_hub.o
                0x00000000000027e0                HUB_ClearPortFeature
 .text.HUB_SetPortFeature
                0x000000000000280e       0x2e ./USB_Host/usb_host_hub.o
                0x000000000000280e                HUB_SetPortFeature
 .text.HUB_GetClassDevDescr
                0x000000000000283c       0x40 ./USB_Host/usb_host_hub.o
                0x000000000000283c                HUB_GetClassDevDescr
 .text.vector_handler
                0x000000000000287c       0x6c ./Startup/startup_ch32v20x_D6.o
                0x0000000000002880                Ecall_M_Mode_Handler
                0x0000000000002882                Ecall_U_Mode_Handler
                0x0000000000002884                Break_Point_Handler
                0x0000000000002886                SysTick_Handler
                0x0000000000002888                SW_Handler
                0x000000000000288a                WWDG_IRQHandler
                0x000000000000288c                PVD_IRQHandler
                0x000000000000288e                TAMPER_IRQHandler
                0x0000000000002890                RTC_IRQHandler
                0x0000000000002892                FLASH_IRQHandler
                0x0000000000002894                RCC_IRQHandler
                0x0000000000002896                EXTI0_IRQHandler
                0x0000000000002898                EXTI1_IRQHandler
                0x000000000000289a                EXTI2_IRQHandler
                0x000000000000289c                EXTI3_IRQHandler
                0x000000000000289e                EXTI4_IRQHandler
                0x00000000000028a0                DMA1_Channel1_IRQHandler
                0x00000000000028a2                DMA1_Channel2_IRQHandler
                0x00000000000028a4                DMA1_Channel3_IRQHandler
                0x00000000000028a6                DMA1_Channel4_IRQHandler
                0x00000000000028a8                DMA1_Channel5_IRQHandler
                0x00000000000028aa                DMA1_Channel6_IRQHandler
                0x00000000000028ac                DMA1_Channel7_IRQHandler
                0x00000000000028ae                ADC1_2_IRQHandler
                0x00000000000028b0                USB_HP_CAN1_TX_IRQHandler
                0x00000000000028b4                CAN1_RX1_IRQHandler
                0x00000000000028b6                CAN1_SCE_IRQHandler
                0x00000000000028b8                EXTI9_5_IRQHandler
                0x00000000000028ba                TIM1_BRK_IRQHandler
                0x00000000000028bc                TIM1_UP_IRQHandler
                0x00000000000028be                TIM1_TRG_COM_IRQHandler
                0x00000000000028c0                TIM1_CC_IRQHandler
                0x00000000000028c2                TIM2_IRQHandler
                0x00000000000028c6                TIM4_IRQHandler
                0x00000000000028c8                I2C1_EV_IRQHandler
                0x00000000000028ca                I2C1_ER_IRQHandler
                0x00000000000028cc                I2C2_EV_IRQHandler
                0x00000000000028ce                I2C2_ER_IRQHandler
                0x00000000000028d0                SPI1_IRQHandler
                0x00000000000028d2                SPI2_IRQHandler
                0x00000000000028d4                USART1_IRQHandler
                0x00000000000028d8                USART3_IRQHandler
                0x00000000000028da                EXTI15_10_IRQHandler
                0x00000000000028dc                RTCAlarm_IRQHandler
                0x00000000000028e2                USBHDWakeUp_IRQHandler
                0x00000000000028e4                UART4_IRQHandler
                0x00000000000028e6                DMA1_Channel8_IRQHandler
 .text.handle_reset
                0x00000000000028e8       0x8a ./Startup/startup_ch32v20x_D6.o
                0x00000000000028e8                handle_reset
 .text.EXTI_Init
                0x0000000000002972       0x6a ./Peripheral/src/ch32v20x_exti.o
                0x0000000000002972                EXTI_Init
 .text.EXTI_GetFlagStatus
                0x00000000000029dc       0x12 ./Peripheral/src/ch32v20x_exti.o
                0x00000000000029dc                EXTI_GetFlagStatus
 .text.EXTI_ClearFlag
                0x00000000000029ee        0xa ./Peripheral/src/ch32v20x_exti.o
                0x00000000000029ee                EXTI_ClearFlag
 .text.EXTI_ClearITPendingBit
                0x00000000000029f8        0xa ./Peripheral/src/ch32v20x_exti.o
                0x00000000000029f8                EXTI_ClearITPendingBit
 .text.GPIO_Init
                0x0000000000002a02       0xf8 ./Peripheral/src/ch32v20x_gpio.o
                0x0000000000002a02                GPIO_Init
 .text.GPIO_WriteBit
                0x0000000000002afa       0x1a ./Peripheral/src/ch32v20x_gpio.o
                0x0000000000002afa                GPIO_WriteBit
 .text.NVIC_PriorityGroupConfig
                0x0000000000002b14        0x6 ./Peripheral/src/ch32v20x_misc.o
                0x0000000000002b14                NVIC_PriorityGroupConfig
 .text.NVIC_Init
                0x0000000000002b1a       0xb8 ./Peripheral/src/ch32v20x_misc.o
                0x0000000000002b1a                NVIC_Init
 .text.RCC_USBCLKConfig
                0x0000000000002bd2       0x1a ./Peripheral/src/ch32v20x_rcc.o
                0x0000000000002bd2                RCC_USBCLKConfig
 .text.RCC_GetClocksFreq
                0x0000000000002bec       0xc6 ./Peripheral/src/ch32v20x_rcc.o
                0x0000000000002bec                RCC_GetClocksFreq
 .text.RCC_AHBPeriphClockCmd
                0x0000000000002cb2       0x1e ./Peripheral/src/ch32v20x_rcc.o
                0x0000000000002cb2                RCC_AHBPeriphClockCmd
 .text.RCC_APB2PeriphClockCmd
                0x0000000000002cd0       0x1e ./Peripheral/src/ch32v20x_rcc.o
                0x0000000000002cd0                RCC_APB2PeriphClockCmd
 .text.RCC_APB1PeriphClockCmd
                0x0000000000002cee       0x1e ./Peripheral/src/ch32v20x_rcc.o
                0x0000000000002cee                RCC_APB1PeriphClockCmd
 .text.TIM_TimeBaseInit
                0x0000000000002d0c       0x80 ./Peripheral/src/ch32v20x_tim.o
                0x0000000000002d0c                TIM_TimeBaseInit
 .text.TIM_Cmd  0x0000000000002d8c       0x1c ./Peripheral/src/ch32v20x_tim.o
                0x0000000000002d8c                TIM_Cmd
 .text.TIM_ITConfig
                0x0000000000002da8       0x16 ./Peripheral/src/ch32v20x_tim.o
                0x0000000000002da8                TIM_ITConfig
 .text.TIM_GetITStatus
                0x0000000000002dbe       0x1c ./Peripheral/src/ch32v20x_tim.o
                0x0000000000002dbe                TIM_GetITStatus
 .text.TIM_ClearITPendingBit
                0x0000000000002dda        0xe ./Peripheral/src/ch32v20x_tim.o
                0x0000000000002dda                TIM_ClearITPendingBit
 .text.USART_Init
                0x0000000000002de8       0xd8 ./Peripheral/src/ch32v20x_usart.o
                0x0000000000002de8                USART_Init
 .text.USART_Cmd
                0x0000000000002ec0       0x1c ./Peripheral/src/ch32v20x_usart.o
                0x0000000000002ec0                USART_Cmd
 .text.USART_SendData
                0x0000000000002edc        0xa ./Peripheral/src/ch32v20x_usart.o
                0x0000000000002edc                USART_SendData
 .text.USART_ReceiveData
                0x0000000000002ee6        0xa ./Peripheral/src/ch32v20x_usart.o
                0x0000000000002ee6                USART_ReceiveData
 .text.USART_GetFlagStatus
                0x0000000000002ef0        0xc ./Peripheral/src/ch32v20x_usart.o
                0x0000000000002ef0                USART_GetFlagStatus
 .text.USART_GetITStatus
                0x0000000000002efc       0x44 ./Peripheral/src/ch32v20x_usart.o
                0x0000000000002efc                USART_GetITStatus
 .text.Standard_GetConfiguration
                0x0000000000002f40       0x24 ./Device/USBLIB/USB-Driver/src/usb_core.o
                0x0000000000002f40                Standard_GetConfiguration
 .text.Standard_GetInterface
                0x0000000000002f64       0x24 ./Device/USBLIB/USB-Driver/src/usb_core.o
                0x0000000000002f64                Standard_GetInterface
 .text.Standard_GetStatus
                0x0000000000002f88       0x9e ./Device/USBLIB/USB-Driver/src/usb_core.o
                0x0000000000002f88                Standard_GetStatus
 .text.DataStageIn
                0x0000000000003026       0xbe ./Device/USBLIB/USB-Driver/src/usb_core.o
 .text.Standard_SetConfiguration
                0x00000000000030e4       0x36 ./Device/USBLIB/USB-Driver/src/usb_core.o
                0x00000000000030e4                Standard_SetConfiguration
 .text.Standard_SetInterface
                0x000000000000311a       0x5c ./Device/USBLIB/USB-Driver/src/usb_core.o
                0x000000000000311a                Standard_SetInterface
 .text.Standard_ClearFeature
                0x0000000000003176      0x12a ./Device/USBLIB/USB-Driver/src/usb_core.o
                0x0000000000003176                Standard_ClearFeature
 .text.Standard_SetEndPointFeature
                0x00000000000032a0       0xc2 ./Device/USBLIB/USB-Driver/src/usb_core.o
                0x00000000000032a0                Standard_SetEndPointFeature
 .text.Standard_SetDeviceFeature
                0x0000000000003362       0x22 ./Device/USBLIB/USB-Driver/src/usb_core.o
                0x0000000000003362                Standard_SetDeviceFeature
 .text.Standard_GetDescriptorData
                0x0000000000003384       0x1e ./Device/USBLIB/USB-Driver/src/usb_core.o
                0x0000000000003384                Standard_GetDescriptorData
 .text.Post0_Process
                0x00000000000033a2       0x36 ./Device/USBLIB/USB-Driver/src/usb_core.o
                0x00000000000033a2                Post0_Process
 .text.Setup0_Process
                0x00000000000033d8      0x34e ./Device/USBLIB/USB-Driver/src/usb_core.o
                0x00000000000033d8                Setup0_Process
 .text.Out0_Process
                0x0000000000003726       0xe6 ./Device/USBLIB/USB-Driver/src/usb_core.o
                0x0000000000003726                Out0_Process
 .text.SetDeviceAddress
                0x000000000000380c       0x4a ./Device/USBLIB/USB-Driver/src/usb_core.o
                0x000000000000380c                SetDeviceAddress
 .text.In0_Process
                0x0000000000003856       0x6a ./Device/USBLIB/USB-Driver/src/usb_core.o
                0x0000000000003856                In0_Process
 .text.NOP_Process
                0x00000000000038c0        0x2 ./Device/USBLIB/USB-Driver/src/usb_core.o
                0x00000000000038c0                NOP_Process
 .text.USB_Init
                0x00000000000038c2       0x38 ./Device/USBLIB/USB-Driver/src/usb_init.o
                0x00000000000038c2                USB_Init
 .text.CTR_LP   0x00000000000038fa      0x3e4 ./Device/USBLIB/USB-Driver/src/usb_int.o
                0x00000000000038fa                CTR_LP
 .text.UserToPMABufferCopy
                0x0000000000003cde       0x28 ./Device/USBLIB/USB-Driver/src/usb_mem.o
                0x0000000000003cde                UserToPMABufferCopy
 .text.PMAToUserBufferCopy
                0x0000000000003d06       0x1e ./Device/USBLIB/USB-Driver/src/usb_mem.o
                0x0000000000003d06                PMAToUserBufferCopy
 .text.SetBTABLE
                0x0000000000003d24       0x10 ./Device/USBLIB/USB-Driver/src/usb_regs.o
                0x0000000000003d24                SetBTABLE
 .text.SetEPType
                0x0000000000003d34       0x20 ./Device/USBLIB/USB-Driver/src/usb_regs.o
                0x0000000000003d34                SetEPType
 .text.SetEPTxStatus
                0x0000000000003d54       0x48 ./Device/USBLIB/USB-Driver/src/usb_regs.o
                0x0000000000003d54                SetEPTxStatus
 .text.SetEPRxValid
                0x0000000000003d9c       0x42 ./Device/USBLIB/USB-Driver/src/usb_regs.o
                0x0000000000003d9c                SetEPRxValid
 .text.ClearEP_KIND
                0x0000000000003dde       0x26 ./Device/USBLIB/USB-Driver/src/usb_regs.o
                0x0000000000003dde                ClearEP_KIND
 .text.Clear_Status_Out
                0x0000000000003e04        0xa ./Device/USBLIB/USB-Driver/src/usb_regs.o
                0x0000000000003e04                Clear_Status_Out
 .text.ClearDTOG_RX
                0x0000000000003e0e       0x34 ./Device/USBLIB/USB-Driver/src/usb_regs.o
                0x0000000000003e0e                ClearDTOG_RX
 .text.ClearDTOG_TX
                0x0000000000003e42       0x30 ./Device/USBLIB/USB-Driver/src/usb_regs.o
                0x0000000000003e42                ClearDTOG_TX
 .text.SetEPTxAddr
                0x0000000000003e72       0x20 ./Device/USBLIB/USB-Driver/src/usb_regs.o
                0x0000000000003e72                SetEPTxAddr
 .text.SetEPRxAddr
                0x0000000000003e92       0x22 ./Device/USBLIB/USB-Driver/src/usb_regs.o
                0x0000000000003e92                SetEPRxAddr
 .text.GetEPTxAddr
                0x0000000000003eb4       0x1e ./Device/USBLIB/USB-Driver/src/usb_regs.o
                0x0000000000003eb4                GetEPTxAddr
 .text.GetEPRxAddr
                0x0000000000003ed2       0x20 ./Device/USBLIB/USB-Driver/src/usb_regs.o
                0x0000000000003ed2                GetEPRxAddr
 .text.SetEPTxCount
                0x0000000000003ef2       0x1e ./Device/USBLIB/USB-Driver/src/usb_regs.o
                0x0000000000003ef2                SetEPTxCount
 .text.SetEPRxCount
                0x0000000000003f10       0x48 ./Device/USBLIB/USB-Driver/src/usb_regs.o
                0x0000000000003f10                SetEPRxCount
 .text.ByteSwap
                0x0000000000003f58        0xe ./Device/USBLIB/USB-Driver/src/usb_regs.o
                0x0000000000003f58                ByteSwap
 .text.USB_SIL_Init
                0x0000000000003f66       0x20 ./Device/USBLIB/USB-Driver/src/usb_sil.o
                0x0000000000003f66                USB_SIL_Init
 .text.USB_SIL_Write
                0x0000000000003f86       0x2e ./Device/USBLIB/USB-Driver/src/usb_sil.o
                0x0000000000003f86                USB_SIL_Write
 .text.USBWakeUp_IRQHandler
                0x0000000000003fb4        0x6 ./Device/USBLIB/CONFIG/hw_config.o
                0x0000000000003fb4                USBWakeUp_IRQHandler
 .text.USBWakeUp_IRQHandler_Real
                0x0000000000003fba       0x10 ./Device/USBLIB/CONFIG/hw_config.o
                0x0000000000003fba                USBWakeUp_IRQHandler_Real
 .text.USB_LP_CAN1_RX0_IRQHandler
                0x0000000000003fca        0x6 ./Device/USBLIB/CONFIG/hw_config.o
                0x0000000000003fca                USB_LP_CAN1_RX0_IRQHandler
 .text.USB_LP_CAN1_RX0_IRQHandler_Real
                0x0000000000003fd0        0xa ./Device/USBLIB/CONFIG/hw_config.o
                0x0000000000003fd0                USB_LP_CAN1_RX0_IRQHandler_Real
 .text.Set_USBConfig
                0x0000000000003fda       0x48 ./Device/USBLIB/CONFIG/hw_config.o
                0x0000000000003fda                Set_USBConfig
 .text.Enter_LowPowerMode
                0x0000000000004022       0x34 ./Device/USBLIB/CONFIG/hw_config.o
                0x0000000000004022                Enter_LowPowerMode
 .text.Leave_LowPowerMode
                0x0000000000004056       0x34 ./Device/USBLIB/CONFIG/hw_config.o
                0x0000000000004056                Leave_LowPowerMode
 .text.USB_Interrupts_Config
                0x000000000000408a       0x4c ./Device/USBLIB/CONFIG/hw_config.o
                0x000000000000408a                USB_Interrupts_Config
 .text.USB_Port_Set
                0x00000000000040d6       0xb2 ./Device/USBLIB/CONFIG/hw_config.o
                0x00000000000040d6                USB_Port_Set
 .text.EP1_IN_Callback
                0x0000000000004188        0x6 ./Device/USBLIB/CONFIG/usb_endp.o
                0x0000000000004188                EP1_IN_Callback
 .text.EP2_IN_Callback
                0x000000000000418e        0x6 ./Device/USBLIB/CONFIG/usb_endp.o
                0x000000000000418e                EP2_IN_Callback
 .text.USBD_ENDPx_DataUp
                0x0000000000004194       0x60 ./Device/USBLIB/CONFIG/usb_endp.o
                0x0000000000004194                USBD_ENDPx_DataUp
 .text.USB_Istr
                0x00000000000041f4      0x21e ./Device/USBLIB/CONFIG/usb_istr.o
                0x00000000000041f4                USB_Istr
 .text.USBD_SetConfiguration
                0x0000000000004412       0x12 ./Device/USBLIB/CONFIG/usb_prop.o
                0x0000000000004412                USBD_SetConfiguration
 .text.USBD_SetDeviceAddress
                0x0000000000004424        0x8 ./Device/USBLIB/CONFIG/usb_prop.o
                0x0000000000004424                USBD_SetDeviceAddress
 .text.USBD_SetDeviceFeature
                0x000000000000442c       0x12 ./Device/USBLIB/CONFIG/usb_prop.o
                0x000000000000442c                USBD_SetDeviceFeature
 .text.USBD_ClearFeature
                0x000000000000443e       0x12 ./Device/USBLIB/CONFIG/usb_prop.o
                0x000000000000443e                USBD_ClearFeature
 .text.USBD_Status_In
                0x0000000000004450        0x2 ./Device/USBLIB/CONFIG/usb_prop.o
                0x0000000000004450                USBD_Status_In
 .text.USBD_Get_Interface_Setting
                0x0000000000004452       0x10 ./Device/USBLIB/CONFIG/usb_prop.o
                0x0000000000004452                USBD_Get_Interface_Setting
 .text.USBD_Data_Setup
                0x0000000000004462       0xb2 ./Device/USBLIB/CONFIG/usb_prop.o
                0x0000000000004462                USBD_Data_Setup
 .text.USBD_NoData_Setup
                0x0000000000004514       0x54 ./Device/USBLIB/CONFIG/usb_prop.o
                0x0000000000004514                USBD_NoData_Setup
 .text.HID_Set_Report
                0x0000000000004568       0x16 ./Device/USBLIB/CONFIG/usb_prop.o
                0x0000000000004568                HID_Set_Report
 .text.HID_Get_Idle
                0x000000000000457e       0x18 ./Device/USBLIB/CONFIG/usb_prop.o
                0x000000000000457e                HID_Get_Idle
 .text.HID_Get_Protocol
                0x0000000000004596       0x18 ./Device/USBLIB/CONFIG/usb_prop.o
                0x0000000000004596                HID_Get_Protocol
 .text.USBD_init
                0x00000000000045ae       0x5a ./Device/USBLIB/CONFIG/usb_prop.o
                0x00000000000045ae                USBD_init
 .text.USBD_Reset
                0x0000000000004608      0x1d0 ./Device/USBLIB/CONFIG/usb_prop.o
                0x0000000000004608                USBD_Reset
 .text.USBD_GetDeviceDescriptor
                0x00000000000047d8       0x10 ./Device/USBLIB/CONFIG/usb_prop.o
                0x00000000000047d8                USBD_GetDeviceDescriptor
 .text.USBD_GetStringDescriptor
                0x00000000000047e8       0x2a ./Device/USBLIB/CONFIG/usb_prop.o
                0x00000000000047e8                USBD_GetStringDescriptor
 .text.USBD_GetReportDescriptor
                0x0000000000004812       0x26 ./Device/USBLIB/CONFIG/usb_prop.o
                0x0000000000004812                USBD_GetReportDescriptor
 .text.USBD_GetHidDescriptor
                0x0000000000004838       0x26 ./Device/USBLIB/CONFIG/usb_prop.o
                0x0000000000004838                USBD_GetHidDescriptor
 .text.USBD_GetConfigDescriptor
                0x000000000000485e       0x1c ./Device/USBLIB/CONFIG/usb_prop.o
                0x000000000000485e                USBD_GetConfigDescriptor
 .text.USBD_Status_Out
                0x000000000000487a        0x2 ./Device/USBLIB/CONFIG/usb_prop.o
                0x000000000000487a                USBD_Status_Out
 .text.PowerOn  0x000000000000487c       0x2a ./Device/USBLIB/CONFIG/usb_pwr.o
                0x000000000000487c                PowerOn
 .text.Suspend  0x00000000000048a6       0xbe ./Device/USBLIB/CONFIG/usb_pwr.o
                0x00000000000048a6                Suspend
 .text.Resume_Init
                0x0000000000004964       0x2c ./Device/USBLIB/CONFIG/usb_pwr.o
                0x0000000000004964                Resume_Init
 .text.Resume   0x0000000000004990       0xca ./Device/USBLIB/CONFIG/usb_pwr.o
                0x0000000000004990                Resume
 .text.USART2_IRQHandler
                0x0000000000004a5a        0x6 ./Device/usbd_composite_km.o
                0x0000000000004a5a                USART2_IRQHandler
 .text.USART2_IRQHandler_Real
                0x0000000000004a60       0x2a ./Device/usbd_composite_km.o
                0x0000000000004a60                USART2_IRQHandler_Real
 .text.MCU_Sleep_Wakeup_Operate
                0x0000000000004a8a       0x68 ./Device/usbd_composite_km.o
                0x0000000000004a8a                MCU_Sleep_Wakeup_Operate
 .text.Delay_Init
                0x0000000000004af2       0x2a ./Debug/debug.o
                0x0000000000004af2                Delay_Init
 .text.Delay_Us
                0x0000000000004b1c       0x36 ./Debug/debug.o
                0x0000000000004b1c                Delay_Us
 .text.Delay_Ms
                0x0000000000004b52       0x36 ./Debug/debug.o
                0x0000000000004b52                Delay_Ms
 .text.USART_Printf_Init
                0x0000000000004b88       0x5c ./Debug/debug.o
                0x0000000000004b88                USART_Printf_Init
 .text._write   0x0000000000004be4       0x3e ./Debug/debug.o
                0x0000000000004be4                _write
 .text._sbrk    0x0000000000004c22       0x2a ./Debug/debug.o
                0x0000000000004c22                _sbrk
 .text.malloc   0x0000000000004c4c        0xa /home/flinux/Downloads/MounRiver_Studio_Community_Linux_x64_V170/MRS_Community/toolchain/RISC-V_Embedded_GCC/bin/../lib/gcc/riscv-none-embed/8.2.0/../../../../riscv-none-embed/lib/rv32imac/ilp32/libg_nano.a(lib_a-malloc.o)
                0x0000000000004c4c                malloc
 .text.memchr   0x0000000000004c56       0x1a /home/flinux/Downloads/MounRiver_Studio_Community_Linux_x64_V170/MRS_Community/toolchain/RISC-V_Embedded_GCC/bin/../lib/gcc/riscv-none-embed/8.2.0/../../../../riscv-none-embed/lib/rv32imac/ilp32/libg_nano.a(lib_a-memchr.o)
                0x0000000000004c56                memchr
 .text.memcpy   0x0000000000004c70       0xb6 /home/flinux/Downloads/MounRiver_Studio_Community_Linux_x64_V170/MRS_Community/toolchain/RISC-V_Embedded_GCC/bin/../lib/gcc/riscv-none-embed/8.2.0/../../../../riscv-none-embed/lib/rv32imac/ilp32/libg_nano.a(lib_a-memcpy.o)
                0x0000000000004c70                memcpy
 .text._free_r  0x0000000000004d26       0xa8 /home/flinux/Downloads/MounRiver_Studio_Community_Linux_x64_V170/MRS_Community/toolchain/RISC-V_Embedded_GCC/bin/../lib/gcc/riscv-none-embed/8.2.0/../../../../riscv-none-embed/lib/rv32imac/ilp32/libg_nano.a(lib_a-nano-freer.o)
                0x0000000000004d26                _free_r
 .text._malloc_r
                0x0000000000004dce       0xd4 /home/flinux/Downloads/MounRiver_Studio_Community_Linux_x64_V170/MRS_Community/toolchain/RISC-V_Embedded_GCC/bin/../lib/gcc/riscv-none-embed/8.2.0/../../../../riscv-none-embed/lib/rv32imac/ilp32/libg_nano.a(lib_a-nano-mallocr.o)
                0x0000000000004dce                _malloc_r
 .text.printf   0x0000000000004ea2       0x40 /home/flinux/Downloads/MounRiver_Studio_Community_Linux_x64_V170/MRS_Community/toolchain/RISC-V_Embedded_GCC/bin/../lib/gcc/riscv-none-embed/8.2.0/../../../../riscv-none-embed/lib/rv32imac/ilp32/libg_nano.a(lib_a-printf.o)
                0x0000000000004ea2                printf
                0x0000000000004ea2                iprintf
 .text._puts_r  0x0000000000004ee2       0xda /home/flinux/Downloads/MounRiver_Studio_Community_Linux_x64_V170/MRS_Community/toolchain/RISC-V_Embedded_GCC/bin/../lib/gcc/riscv-none-embed/8.2.0/../../../../riscv-none-embed/lib/rv32imac/ilp32/libg_nano.a(lib_a-puts.o)
                0x0000000000004ee2                _puts_r
 .text.puts     0x0000000000004fbc        0xc /home/flinux/Downloads/MounRiver_Studio_Community_Linux_x64_V170/MRS_Community/toolchain/RISC-V_Embedded_GCC/bin/../lib/gcc/riscv-none-embed/8.2.0/../../../../riscv-none-embed/lib/rv32imac/ilp32/libg_nano.a(lib_a-puts.o)
                0x0000000000004fbc                puts
 .text._sbrk_r  0x0000000000004fc8       0x32 /home/flinux/Downloads/MounRiver_Studio_Community_Linux_x64_V170/MRS_Community/toolchain/RISC-V_Embedded_GCC/bin/../lib/gcc/riscv-none-embed/8.2.0/../../../../riscv-none-embed/lib/rv32imac/ilp32/libg_nano.a(lib_a-sbrkr.o)
                0x0000000000004fc8                _sbrk_r
 .text.__swbuf_r
                0x0000000000004ffa       0xc0 /home/flinux/Downloads/MounRiver_Studio_Community_Linux_x64_V170/MRS_Community/toolchain/RISC-V_Embedded_GCC/bin/../lib/gcc/riscv-none-embed/8.2.0/../../../../riscv-none-embed/lib/rv32imac/ilp32/libg_nano.a(lib_a-wbuf.o)
                0x0000000000004ffa                __swbuf_r
 .text.__swsetup_r
                0x00000000000050ba      0x10e /home/flinux/Downloads/MounRiver_Studio_Community_Linux_x64_V170/MRS_Community/toolchain/RISC-V_Embedded_GCC/bin/../lib/gcc/riscv-none-embed/8.2.0/../../../../riscv-none-embed/lib/rv32imac/ilp32/libg_nano.a(lib_a-wsetup.o)
                0x00000000000050ba                __swsetup_r
 .text.__sflush_r
                0x00000000000051c8      0x13e /home/flinux/Downloads/MounRiver_Studio_Community_Linux_x64_V170/MRS_Community/toolchain/RISC-V_Embedded_GCC/bin/../lib/gcc/riscv-none-embed/8.2.0/../../../../riscv-none-embed/lib/rv32imac/ilp32/libg_nano.a(lib_a-fflush.o)
                0x00000000000051c8                __sflush_r
 .text._fflush_r
                0x0000000000005306       0x66 /home/flinux/Downloads/MounRiver_Studio_Community_Linux_x64_V170/MRS_Community/toolchain/RISC-V_Embedded_GCC/bin/../lib/gcc/riscv-none-embed/8.2.0/../../../../riscv-none-embed/lib/rv32imac/ilp32/libg_nano.a(lib_a-fflush.o)
                0x0000000000005306                _fflush_r
 .text.std      0x000000000000536c       0x6a /home/flinux/Downloads/MounRiver_Studio_Community_Linux_x64_V170/MRS_Community/toolchain/RISC-V_Embedded_GCC/bin/../lib/gcc/riscv-none-embed/8.2.0/../../../../riscv-none-embed/lib/rv32imac/ilp32/libg_nano.a(lib_a-findfp.o)
 .text._cleanup_r
                0x00000000000053d6        0xa /home/flinux/Downloads/MounRiver_Studio_Community_Linux_x64_V170/MRS_Community/toolchain/RISC-V_Embedded_GCC/bin/../lib/gcc/riscv-none-embed/8.2.0/../../../../riscv-none-embed/lib/rv32imac/ilp32/libg_nano.a(lib_a-findfp.o)
                0x00000000000053d6                _cleanup_r
 .text.__sfmoreglue
                0x00000000000053e0       0x48 /home/flinux/Downloads/MounRiver_Studio_Community_Linux_x64_V170/MRS_Community/toolchain/RISC-V_Embedded_GCC/bin/../lib/gcc/riscv-none-embed/8.2.0/../../../../riscv-none-embed/lib/rv32imac/ilp32/libg_nano.a(lib_a-findfp.o)
                0x00000000000053e0                __sfmoreglue
 .text.__sinit  0x0000000000005428       0x6c /home/flinux/Downloads/MounRiver_Studio_Community_Linux_x64_V170/MRS_Community/toolchain/RISC-V_Embedded_GCC/bin/../lib/gcc/riscv-none-embed/8.2.0/../../../../riscv-none-embed/lib/rv32imac/ilp32/libg_nano.a(lib_a-findfp.o)
                0x0000000000005428                __sinit
 .text.__sfp    0x0000000000005494       0xa0 /home/flinux/Downloads/MounRiver_Studio_Community_Linux_x64_V170/MRS_Community/toolchain/RISC-V_Embedded_GCC/bin/../lib/gcc/riscv-none-embed/8.2.0/../../../../riscv-none-embed/lib/rv32imac/ilp32/libg_nano.a(lib_a-findfp.o)
                0x0000000000005494                __sfp
 .text._fwalk_reent
                0x0000000000005534       0x6c /home/flinux/Downloads/MounRiver_Studio_Community_Linux_x64_V170/MRS_Community/toolchain/RISC-V_Embedded_GCC/bin/../lib/gcc/riscv-none-embed/8.2.0/../../../../riscv-none-embed/lib/rv32imac/ilp32/libg_nano.a(lib_a-fwalk.o)
                0x0000000000005534                _fwalk_reent
 .text.__swhatbuf_r
                0x00000000000055a0       0x5a /home/flinux/Downloads/MounRiver_Studio_Community_Linux_x64_V170/MRS_Community/toolchain/RISC-V_Embedded_GCC/bin/../lib/gcc/riscv-none-embed/8.2.0/../../../../riscv-none-embed/lib/rv32imac/ilp32/libg_nano.a(lib_a-makebuf.o)
                0x00000000000055a0                __swhatbuf_r
 .text.__smakebuf_r
                0x00000000000055fa       0xa2 /home/flinux/Downloads/MounRiver_Studio_Community_Linux_x64_V170/MRS_Community/toolchain/RISC-V_Embedded_GCC/bin/../lib/gcc/riscv-none-embed/8.2.0/../../../../riscv-none-embed/lib/rv32imac/ilp32/libg_nano.a(lib_a-makebuf.o)
                0x00000000000055fa                __smakebuf_r
 .text.__malloc_lock
                0x000000000000569c        0x2 /home/flinux/Downloads/MounRiver_Studio_Community_Linux_x64_V170/MRS_Community/toolchain/RISC-V_Embedded_GCC/bin/../lib/gcc/riscv-none-embed/8.2.0/../../../../riscv-none-embed/lib/rv32imac/ilp32/libg_nano.a(lib_a-mlock.o)
                0x000000000000569c                __malloc_lock
 .text.__malloc_unlock
                0x000000000000569e        0x2 /home/flinux/Downloads/MounRiver_Studio_Community_Linux_x64_V170/MRS_Community/toolchain/RISC-V_Embedded_GCC/bin/../lib/gcc/riscv-none-embed/8.2.0/../../../../riscv-none-embed/lib/rv32imac/ilp32/libg_nano.a(lib_a-mlock.o)
                0x000000000000569e                __malloc_unlock
 .text.__sfputc_r
                0x00000000000056a0       0x2a /home/flinux/Downloads/MounRiver_Studio_Community_Linux_x64_V170/MRS_Community/toolchain/RISC-V_Embedded_GCC/bin/../lib/gcc/riscv-none-embed/8.2.0/../../../../riscv-none-embed/lib/rv32imac/ilp32/libg_nano.a(lib_a-nano-vfprintf.o)
 .text.__sfputs_r
                0x00000000000056ca       0x44 /home/flinux/Downloads/MounRiver_Studio_Community_Linux_x64_V170/MRS_Community/toolchain/RISC-V_Embedded_GCC/bin/../lib/gcc/riscv-none-embed/8.2.0/../../../../riscv-none-embed/lib/rv32imac/ilp32/libg_nano.a(lib_a-nano-vfprintf.o)
                0x00000000000056ca                __sfputs_r
 .text._vfprintf_r
                0x000000000000570e      0x2a2 /home/flinux/Downloads/MounRiver_Studio_Community_Linux_x64_V170/MRS_Community/toolchain/RISC-V_Embedded_GCC/bin/../lib/gcc/riscv-none-embed/8.2.0/../../../../riscv-none-embed/lib/rv32imac/ilp32/libg_nano.a(lib_a-nano-vfprintf.o)
                0x000000000000570e                _vfiprintf_r
                0x000000000000570e                _vfprintf_r
 .text._printf_common
                0x00000000000059b0      0x10c /home/flinux/Downloads/MounRiver_Studio_Community_Linux_x64_V170/MRS_Community/toolchain/RISC-V_Embedded_GCC/bin/../lib/gcc/riscv-none-embed/8.2.0/../../../../riscv-none-embed/lib/rv32imac/ilp32/libg_nano.a(lib_a-nano-vfprintf_i.o)
                0x00000000000059b0                _printf_common
 .text._printf_i
                0x0000000000005abc      0x2ac /home/flinux/Downloads/MounRiver_Studio_Community_Linux_x64_V170/MRS_Community/toolchain/RISC-V_Embedded_GCC/bin/../lib/gcc/riscv-none-embed/8.2.0/../../../../riscv-none-embed/lib/rv32imac/ilp32/libg_nano.a(lib_a-nano-vfprintf_i.o)
                0x0000000000005abc                _printf_i
 .text.__sread  0x0000000000005d68       0x30 /home/flinux/Downloads/MounRiver_Studio_Community_Linux_x64_V170/MRS_Community/toolchain/RISC-V_Embedded_GCC/bin/../lib/gcc/riscv-none-embed/8.2.0/../../../../riscv-none-embed/lib/rv32imac/ilp32/libg_nano.a(lib_a-stdio.o)
                0x0000000000005d68                __sread
 .text.__swrite
                0x0000000000005d98       0x4e /home/flinux/Downloads/MounRiver_Studio_Community_Linux_x64_V170/MRS_Community/toolchain/RISC-V_Embedded_GCC/bin/../lib/gcc/riscv-none-embed/8.2.0/../../../../riscv-none-embed/lib/rv32imac/ilp32/libg_nano.a(lib_a-stdio.o)
                0x0000000000005d98                __swrite
 .text.__sseek  0x0000000000005de6       0x36 /home/flinux/Downloads/MounRiver_Studio_Community_Linux_x64_V170/MRS_Community/toolchain/RISC-V_Embedded_GCC/bin/../lib/gcc/riscv-none-embed/8.2.0/../../../../riscv-none-embed/lib/rv32imac/ilp32/libg_nano.a(lib_a-stdio.o)
                0x0000000000005de6                __sseek
 .text.__sclose
                0x0000000000005e1c        0x6 /home/flinux/Downloads/MounRiver_Studio_Community_Linux_x64_V170/MRS_Community/toolchain/RISC-V_Embedded_GCC/bin/../lib/gcc/riscv-none-embed/8.2.0/../../../../riscv-none-embed/lib/rv32imac/ilp32/libg_nano.a(lib_a-stdio.o)
                0x0000000000005e1c                __sclose
 .text._write_r
                0x0000000000005e22       0x36 /home/flinux/Downloads/MounRiver_Studio_Community_Linux_x64_V170/MRS_Community/toolchain/RISC-V_Embedded_GCC/bin/../lib/gcc/riscv-none-embed/8.2.0/../../../../riscv-none-embed/lib/rv32imac/ilp32/libg_nano.a(lib_a-writer.o)
                0x0000000000005e22                _write_r
 .text._close_r
                0x0000000000005e58       0x30 /home/flinux/Downloads/MounRiver_Studio_Community_Linux_x64_V170/MRS_Community/toolchain/RISC-V_Embedded_GCC/bin/../lib/gcc/riscv-none-embed/8.2.0/../../../../riscv-none-embed/lib/rv32imac/ilp32/libg_nano.a(lib_a-closer.o)
                0x0000000000005e58                _close_r
 .text._fstat_r
                0x0000000000005e88       0x32 /home/flinux/Downloads/MounRiver_Studio_Community_Linux_x64_V170/MRS_Community/toolchain/RISC-V_Embedded_GCC/bin/../lib/gcc/riscv-none-embed/8.2.0/../../../../riscv-none-embed/lib/rv32imac/ilp32/libg_nano.a(lib_a-fstatr.o)
                0x0000000000005e88                _fstat_r
 .text._isatty_r
                0x0000000000005eba       0x30 /home/flinux/Downloads/MounRiver_Studio_Community_Linux_x64_V170/MRS_Community/toolchain/RISC-V_Embedded_GCC/bin/../lib/gcc/riscv-none-embed/8.2.0/../../../../riscv-none-embed/lib/rv32imac/ilp32/libg_nano.a(lib_a-isattyr.o)
                0x0000000000005eba                _isatty_r
 .text._lseek_r
                0x0000000000005eea       0x34 /home/flinux/Downloads/MounRiver_Studio_Community_Linux_x64_V170/MRS_Community/toolchain/RISC-V_Embedded_GCC/bin/../lib/gcc/riscv-none-embed/8.2.0/../../../../riscv-none-embed/lib/rv32imac/ilp32/libg_nano.a(lib_a-lseekr.o)
                0x0000000000005eea                _lseek_r
 .text._read_r  0x0000000000005f1e       0x34 /home/flinux/Downloads/MounRiver_Studio_Community_Linux_x64_V170/MRS_Community/toolchain/RISC-V_Embedded_GCC/bin/../lib/gcc/riscv-none-embed/8.2.0/../../../../riscv-none-embed/lib/rv32imac/ilp32/libg_nano.a(lib_a-readr.o)
                0x0000000000005f1e                _read_r
 .text._close   0x0000000000005f52       0x10 /home/flinux/Downloads/MounRiver_Studio_Community_Linux_x64_V170/MRS_Community/toolchain/RISC-V_Embedded_GCC/bin/../lib/gcc/riscv-none-embed/8.2.0/../../../../riscv-none-embed/lib/rv32imac/ilp32/libnosys.a(close.o)
                0x0000000000005f52                _close
 .text._fstat   0x0000000000005f62       0x10 /home/flinux/Downloads/MounRiver_Studio_Community_Linux_x64_V170/MRS_Community/toolchain/RISC-V_Embedded_GCC/bin/../lib/gcc/riscv-none-embed/8.2.0/../../../../riscv-none-embed/lib/rv32imac/ilp32/libnosys.a(fstat.o)
                0x0000000000005f62                _fstat
 .text._isatty  0x0000000000005f72       0x10 /home/flinux/Downloads/MounRiver_Studio_Community_Linux_x64_V170/MRS_Community/toolchain/RISC-V_Embedded_GCC/bin/../lib/gcc/riscv-none-embed/8.2.0/../../../../riscv-none-embed/lib/rv32imac/ilp32/libnosys.a(isatty.o)
                0x0000000000005f72                _isatty
 .text._lseek   0x0000000000005f82       0x10 /home/flinux/Downloads/MounRiver_Studio_Community_Linux_x64_V170/MRS_Community/toolchain/RISC-V_Embedded_GCC/bin/../lib/gcc/riscv-none-embed/8.2.0/../../../../riscv-none-embed/lib/rv32imac/ilp32/libnosys.a(lseek.o)
                0x0000000000005f82                _lseek
 .text._read    0x0000000000005f92       0x10 /home/flinux/Downloads/MounRiver_Studio_Community_Linux_x64_V170/MRS_Community/toolchain/RISC-V_Embedded_GCC/bin/../lib/gcc/riscv-none-embed/8.2.0/../../../../riscv-none-embed/lib/rv32imac/ilp32/libnosys.a(read.o)
                0x0000000000005f92                _read
 *(.rodata)
 *(.rodata*)
 *fill*         0x0000000000005fa2        0x2 
 .rodata.USBHD_IRQHandler
                0x0000000000005fa4       0x30 ./User/ch32v20x_usbfs_device.o
 .rodata.main.str1.4
                0x0000000000005fd4       0x27 ./User/main.o
 *fill*         0x0000000000005ffb        0x1 
 .rodata.MyCfgDescr
                0x0000000000005ffc       0x3c ./User/usb_desc.o
                0x0000000000005ffc                MyCfgDescr
 .rodata.MyDevDescr
                0x0000000000006038       0x12 ./User/usb_desc.o
                0x0000000000006038                MyDevDescr
 *fill*         0x000000000000604a        0x2 
 .rodata.MyManuInfo
                0x000000000000604c        0xe ./User/usb_desc.o
                0x000000000000604c                MyManuInfo
 *fill*         0x000000000000605a        0x2 
 .rodata.MyProdInfo
                0x000000000000605c       0x12 ./User/usb_desc.o
                0x000000000000605c                MyProdInfo
 *fill*         0x000000000000606e        0x2 
 .rodata.MySerNumInfo
                0x0000000000006070       0x16 ./User/usb_desc.o
                0x0000000000006070                MySerNumInfo
 *fill*         0x0000000000006086        0x2 
 .rodata.Enter_LowPowerMode.str1.4
                0x0000000000006088       0x1a ./Device/USBLIB/CONFIG/hw_config.o
 *fill*         0x00000000000060a2        0x2 
 .rodata.Leave_LowPowerMode.str1.4
                0x00000000000060a4       0x1a ./Device/USBLIB/CONFIG/hw_config.o
 *fill*         0x00000000000060be        0x2 
 .rodata.USBD_ConfigDescriptor_KB
                0x00000000000060c0       0x22 ./Device/USBLIB/CONFIG/usb_desc.o
                0x00000000000060c0                USBD_ConfigDescriptor_KB
 *fill*         0x00000000000060e2        0x2 
 .rodata.USBD_ConfigDescriptor_MS
                0x00000000000060e4       0x22 ./Device/USBLIB/CONFIG/usb_desc.o
                0x00000000000060e4                USBD_ConfigDescriptor_MS
 *fill*         0x0000000000006106        0x2 
 .rodata.USBD_DeviceDescriptor
                0x0000000000006108       0x12 ./Device/USBLIB/CONFIG/usb_desc.o
                0x0000000000006108                USBD_DeviceDescriptor
 *fill*         0x000000000000611a        0x2 
 .rodata.USBD_KeyRepDesc
                0x000000000000611c       0x3e ./Device/USBLIB/CONFIG/usb_desc.o
                0x000000000000611c                USBD_KeyRepDesc
 *fill*         0x000000000000615a        0x2 
 .rodata.USBD_MouseRepDesc
                0x000000000000615c       0x36 ./Device/USBLIB/CONFIG/usb_desc.o
                0x000000000000615c                USBD_MouseRepDesc
 *fill*         0x0000000000006192        0x2 
 .rodata.USBD_StringProduct
                0x0000000000006194       0x12 ./Device/USBLIB/CONFIG/usb_desc.o
                0x0000000000006194                USBD_StringProduct
 *fill*         0x00000000000061a6        0x2 
 .rodata.USBD_StringVendor
                0x00000000000061a8        0xe ./Device/USBLIB/CONFIG/usb_desc.o
                0x00000000000061a8                USBD_StringVendor
 *fill*         0x00000000000061b6        0x2 
 .rodata.Resume
                0x00000000000061b8       0x18 ./Device/USBLIB/CONFIG/usb_pwr.o
 .rodata.__sf_fake_stderr
                0x00000000000061d0       0x20 /home/flinux/Downloads/MounRiver_Studio_Community_Linux_x64_V170/MRS_Community/toolchain/RISC-V_Embedded_GCC/bin/../lib/gcc/riscv-none-embed/8.2.0/../../../../riscv-none-embed/lib/rv32imac/ilp32/libg_nano.a(lib_a-findfp.o)
                0x00000000000061d0                __sf_fake_stderr
 .rodata.__sf_fake_stdin
                0x00000000000061f0       0x20 /home/flinux/Downloads/MounRiver_Studio_Community_Linux_x64_V170/MRS_Community/toolchain/RISC-V_Embedded_GCC/bin/../lib/gcc/riscv-none-embed/8.2.0/../../../../riscv-none-embed/lib/rv32imac/ilp32/libg_nano.a(lib_a-findfp.o)
                0x00000000000061f0                __sf_fake_stdin
 .rodata.__sf_fake_stdout
                0x0000000000006210       0x20 /home/flinux/Downloads/MounRiver_Studio_Community_Linux_x64_V170/MRS_Community/toolchain/RISC-V_Embedded_GCC/bin/../lib/gcc/riscv-none-embed/8.2.0/../../../../riscv-none-embed/lib/rv32imac/ilp32/libg_nano.a(lib_a-findfp.o)
                0x0000000000006210                __sf_fake_stdout
 .rodata._vfprintf_r.str1.4
                0x0000000000006230       0x13 /home/flinux/Downloads/MounRiver_Studio_Community_Linux_x64_V170/MRS_Community/toolchain/RISC-V_Embedded_GCC/bin/../lib/gcc/riscv-none-embed/8.2.0/../../../../riscv-none-embed/lib/rv32imac/ilp32/libg_nano.a(lib_a-nano-vfprintf.o)
 *fill*         0x0000000000006243        0x1 
 .rodata._printf_i.str1.4
                0x0000000000006244       0x28 /home/flinux/Downloads/MounRiver_Studio_Community_Linux_x64_V170/MRS_Community/toolchain/RISC-V_Embedded_GCC/bin/../lib/gcc/riscv-none-embed/8.2.0/../../../../riscv-none-embed/lib/rv32imac/ilp32/libg_nano.a(lib_a-nano-vfprintf_i.o)
                                         0x25 (size before relaxing)
 *(.gnu.linkonce.t.*)
                0x000000000000626c                . = ALIGN (0x4)

.rela.dyn       0x000000000000626c        0x0
 .rela.init     0x000000000000626c        0x0 ./User/ch32v20x_it.o
 .rela.vector   0x000000000000626c        0x0 ./User/ch32v20x_it.o
 .rela.text.handle_reset
                0x000000000000626c        0x0 ./User/ch32v20x_it.o
 .rela.text._sbrk
                0x000000000000626c        0x0 ./User/ch32v20x_it.o
 .rela.sdata.curbrk.4583
                0x000000000000626c        0x0 ./User/ch32v20x_it.o
 .rela.text._sbrk_r
                0x000000000000626c        0x0 ./User/ch32v20x_it.o
 .rela.text._vfprintf_r
                0x000000000000626c        0x0 ./User/ch32v20x_it.o
 .rela.text._write_r
                0x000000000000626c        0x0 ./User/ch32v20x_it.o
 .rela.text._close_r
                0x000000000000626c        0x0 ./User/ch32v20x_it.o
 .rela.text._fstat_r
                0x000000000000626c        0x0 ./User/ch32v20x_it.o
 .rela.text._isatty_r
                0x000000000000626c        0x0 ./User/ch32v20x_it.o
 .rela.text._lseek_r
                0x000000000000626c        0x0 ./User/ch32v20x_it.o
 .rela.text._read_r
                0x000000000000626c        0x0 ./User/ch32v20x_it.o
 .rela.text._close
                0x000000000000626c        0x0 ./User/ch32v20x_it.o
 .rela.text._fstat
                0x000000000000626c        0x0 ./User/ch32v20x_it.o
 .rela.text._isatty
                0x000000000000626c        0x0 ./User/ch32v20x_it.o
 .rela.text._lseek
                0x000000000000626c        0x0 ./User/ch32v20x_it.o
 .rela.text._read
                0x000000000000626c        0x0 ./User/ch32v20x_it.o

.fini           0x000000000000626c        0x0
 *(SORT_NONE(.fini))
                0x000000000000626c                . = ALIGN (0x4)
                [!provide]                        PROVIDE (_etext = .)
                [!provide]                        PROVIDE (_eitcm = .)

.preinit_array  0x000000000000626c        0x0
                [!provide]                        PROVIDE (__preinit_array_start = .)
 *(.preinit_array)
                [!provide]                        PROVIDE (__preinit_array_end = .)

.init_array     0x000000000000626c        0x0
                [!provide]                        PROVIDE (__init_array_start = .)
 *(SORT_BY_INIT_PRIORITY(.init_array.*) SORT_BY_INIT_PRIORITY(.ctors.*))
 *(.init_array EXCLUDE_FILE(*crtend?.o *crtend.o *crtbegin?.o *crtbegin.o) .ctors)
                [!provide]                        PROVIDE (__init_array_end = .)

.fini_array     0x000000000000626c        0x0
                [!provide]                        PROVIDE (__fini_array_start = .)
 *(SORT_BY_INIT_PRIORITY(.fini_array.*) SORT_BY_INIT_PRIORITY(.dtors.*))
 *(.fini_array EXCLUDE_FILE(*crtend?.o *crtend.o *crtbegin?.o *crtbegin.o) .dtors)
                [!provide]                        PROVIDE (__fini_array_end = .)

.ctors
 *crtbegin.o(.ctors)
 *crtbegin?.o(.ctors)
 *(EXCLUDE_FILE(*crtend?.o *crtend.o) .ctors)
 *(SORT_BY_NAME(.ctors.*))
 *(.ctors)

.dtors
 *crtbegin.o(.dtors)
 *crtbegin?.o(.dtors)
 *(EXCLUDE_FILE(*crtend?.o *crtend.o) .dtors)
 *(SORT_BY_NAME(.dtors.*))
 *(.dtors)

.dalign         0x0000000020000000        0x0 load address 0x000000000000626c
                0x0000000020000000                . = ALIGN (0x4)
                0x0000000020000000                PROVIDE (_data_vma = .)

.dlalign        0x000000000000626c        0x0
                0x000000000000626c                . = ALIGN (0x4)
                0x000000000000626c                PROVIDE (_data_lma = .)

.data           0x0000000020000000      0x200 load address 0x000000000000626c
 *(.gnu.linkonce.r.*)
 *(.data .data.*)
 .data.APBAHBPrescTable
                0x0000000020000000       0x10 ./Peripheral/src/ch32v20x_rcc.o
 .data.USBD_StringSerial
                0x0000000020000010       0x16 ./Device/USBLIB/CONFIG/usb_desc.o
                0x0000000020000010                USBD_StringSerial
 *fill*         0x0000000020000026        0x2 
 .data.pEpInt_IN
                0x0000000020000028       0x1c ./Device/USBLIB/CONFIG/usb_istr.o
                0x0000000020000028                pEpInt_IN
 .data.pEpInt_OUT
                0x0000000020000044       0x1c ./Device/USBLIB/CONFIG/usb_istr.o
                0x0000000020000044                pEpInt_OUT
 .data.Device_Property
                0x0000000020000060       0x30 ./Device/USBLIB/CONFIG/usb_prop.o
                0x0000000020000060                Device_Property
 .data.Hid_Descriptor
                0x0000000020000090       0x10 ./Device/USBLIB/CONFIG/usb_prop.o
                0x0000000020000090                Hid_Descriptor
 .data.Report_Descriptor
                0x00000000200000a0       0x10 ./Device/USBLIB/CONFIG/usb_prop.o
                0x00000000200000a0                Report_Descriptor
 .data.String_Descriptor
                0x00000000200000b0       0x20 ./Device/USBLIB/CONFIG/usb_prop.o
                0x00000000200000b0                String_Descriptor
 .data.User_Standard_Requests
                0x00000000200000d0       0x24 ./Device/USBLIB/CONFIG/usb_prop.o
                0x00000000200000d0                User_Standard_Requests
 .data.impure_data
                0x00000000200000f4       0x60 /home/flinux/Downloads/MounRiver_Studio_Community_Linux_x64_V170/MRS_Community/toolchain/RISC-V_Embedded_GCC/bin/../lib/gcc/riscv-none-embed/8.2.0/../../../../riscv-none-embed/lib/rv32imac/ilp32/libg_nano.a(lib_a-impure.o)
 *(.gnu.linkonce.d.*)
                0x0000000020000158                . = ALIGN (0x8)
 *fill*         0x0000000020000154        0x4 
                0x0000000020000958                PROVIDE (__global_pointer$ = (. + 0x800))
 *(.sdata .sdata.*)
 .sdata.SystemCoreClock
                0x0000000020000158        0x4 ./User/system_ch32v20x.o
                0x0000000020000158                SystemCoreClock
 .sdata.ADCPrescTable
                0x000000002000015c        0x4 ./Peripheral/src/ch32v20x_rcc.o
 .sdata.Config_Descriptor_KB
                0x0000000020000160        0x8 ./Device/USBLIB/CONFIG/usb_prop.o
                0x0000000020000160                Config_Descriptor_KB
 .sdata.Config_Descriptor_MS
                0x0000000020000168        0x8 ./Device/USBLIB/CONFIG/usb_prop.o
                0x0000000020000168                Config_Descriptor_MS
 .sdata.Device_Descriptor
                0x0000000020000170        0x8 ./Device/USBLIB/CONFIG/usb_prop.o
                0x0000000020000170                Device_Descriptor
 .sdata.Device_Table
                0x0000000020000178        0x2 ./Device/USBLIB/CONFIG/usb_prop.o
                0x0000000020000178                Device_Table
 *fill*         0x000000002000017a        0x2 
 .sdata.fSuspendEnabled
                0x000000002000017c        0x4 ./Device/USBLIB/CONFIG/usb_pwr.o
                0x000000002000017c                fSuspendEnabled
 .sdata.curbrk.4583
                0x0000000020000180        0x4 ./Debug/debug.o
 .sdata._impure_ptr
                0x0000000020000184        0x4 /home/flinux/Downloads/MounRiver_Studio_Community_Linux_x64_V170/MRS_Community/toolchain/RISC-V_Embedded_GCC/bin/../lib/gcc/riscv-none-embed/8.2.0/../../../../riscv-none-embed/lib/rv32imac/ilp32/libg_nano.a(lib_a-impure.o)
                0x0000000020000184                _impure_ptr
 *(.sdata2.*)
 .sdata2.MyLangDescr
                0x0000000020000188        0x4 ./User/usb_desc.o
                0x0000000020000188                MyLangDescr
 .sdata2.SetupClearEndpStall
                0x000000002000018c        0x8 ./USB_Host/ch32v20x_usbfs_host.o
 .sdata2.SetupGetCfgDesc
                0x0000000020000194        0x8 ./USB_Host/ch32v20x_usbfs_host.o
 .sdata2.SetupGetDevDesc
                0x000000002000019c        0x8 ./USB_Host/ch32v20x_usbfs_host.o
 .sdata2.SetupGetStrDesc
                0x00000000200001a4        0x8 ./USB_Host/ch32v20x_usbfs_host.o
 .sdata2.SetupSetAddr
                0x00000000200001ac        0x8 ./USB_Host/ch32v20x_usbfs_host.o
 .sdata2.SetupSetConfig
                0x00000000200001b4        0x8 ./USB_Host/ch32v20x_usbfs_host.o
 .sdata2.SetupGetHidDes
                0x00000000200001bc        0x8 ./USB_Host/usb_host_hid.o
 .sdata2.SetupSetReport
                0x00000000200001c4        0x8 ./USB_Host/usb_host_hid.o
 .sdata2.SetupSetidle
                0x00000000200001cc        0x8 ./USB_Host/usb_host_hid.o
 .sdata2.ClearPortFeature
                0x00000000200001d4        0x8 ./USB_Host/usb_host_hub.o
 .sdata2.GetHubDescr
                0x00000000200001dc        0x8 ./USB_Host/usb_host_hub.o
 .sdata2.GetPortStatus
                0x00000000200001e4        0x8 ./USB_Host/usb_host_hub.o
 .sdata2.SetPortFeature
                0x00000000200001ec        0x8 ./USB_Host/usb_host_hub.o
 .sdata2.USBD_StringLangID
                0x00000000200001f4        0x4 ./Device/USBLIB/CONFIG/usb_desc.o
                0x00000000200001f4                USBD_StringLangID
 .sdata2._global_impure_ptr
                0x00000000200001f8        0x4 /home/flinux/Downloads/MounRiver_Studio_Community_Linux_x64_V170/MRS_Community/toolchain/RISC-V_Embedded_GCC/bin/../lib/gcc/riscv-none-embed/8.2.0/../../../../riscv-none-embed/lib/rv32imac/ilp32/libg_nano.a(lib_a-impure.o)
                0x00000000200001f8                _global_impure_ptr
 *(.gnu.linkonce.s.*)
                0x0000000020000200                . = ALIGN (0x8)
 *fill*         0x00000000200001fc        0x4 
 *(.srodata.cst16)
 *(.srodata.cst8)
 *(.srodata.cst4)
 *(.srodata.cst2)
 *(.srodata .srodata.*)
                0x0000000020000200                . = ALIGN (0x4)
                0x0000000020000200                PROVIDE (_edata = .)

.bss            0x0000000020000200     0x1104 load address 0x000000000000646c
                0x0000000020000200                . = ALIGN (0x4)
                0x0000000020000200                PROVIDE (_sbss = .)
 *(.sbss*)
 .sbss.USBFS_DevAddr
                0x0000000020000200        0x1 ./User/ch32v20x_usbfs_device.o
                0x0000000020000200                USBFS_DevAddr
 .sbss.USBFS_DevConfig
                0x0000000020000201        0x1 ./User/ch32v20x_usbfs_device.o
                0x0000000020000201                USBFS_DevConfig
 .sbss.USBFS_DevEnumStatus
                0x0000000020000202        0x1 ./User/ch32v20x_usbfs_device.o
                0x0000000020000202                USBFS_DevEnumStatus
 .sbss.USBFS_DevSleepStatus
                0x0000000020000203        0x1 ./User/ch32v20x_usbfs_device.o
                0x0000000020000203                USBFS_DevSleepStatus
 .sbss.USBFS_Endp_Busy
                0x0000000020000204        0x8 ./User/ch32v20x_usbfs_device.o
                0x0000000020000204                USBFS_Endp_Busy
 .sbss.USBFS_SetupReqCode
                0x000000002000020c        0x1 ./User/ch32v20x_usbfs_device.o
                0x000000002000020c                USBFS_SetupReqCode
 *fill*         0x000000002000020d        0x1 
 .sbss.USBFS_SetupReqIndex
                0x000000002000020e        0x2 ./User/ch32v20x_usbfs_device.o
                0x000000002000020e                USBFS_SetupReqIndex
 .sbss.USBFS_SetupReqLen
                0x0000000020000210        0x2 ./User/ch32v20x_usbfs_device.o
                0x0000000020000210                USBFS_SetupReqLen
 .sbss.USBFS_SetupReqType
                0x0000000020000212        0x1 ./User/ch32v20x_usbfs_device.o
                0x0000000020000212                USBFS_SetupReqType
 *fill*         0x0000000020000213        0x1 
 .sbss.USBFS_SetupReqValue
                0x0000000020000214        0x2 ./User/ch32v20x_usbfs_device.o
                0x0000000020000214                USBFS_SetupReqValue
 *fill*         0x0000000020000216        0x2 
 .sbss.pUSBFS_Descr
                0x0000000020000218        0x4 ./User/ch32v20x_usbfs_device.o
                0x0000000020000218                pUSBFS_Descr
 .sbss.KB_Data_Buffer
                0x000000002000021c        0x4 ./USB_Host/app_km.o
                0x000000002000021c                KB_Data_Buffer
 .sbss.KB_Data_Buffer_Full
                0x0000000020000220        0x1 ./USB_Host/app_km.o
                0x0000000020000220                KB_Data_Buffer_Full
 *fill*         0x0000000020000221        0x3 
 .sbss.KB_Data_Pack
                0x0000000020000224        0x4 ./USB_Host/app_km.o
                0x0000000020000224                KB_Data_Pack
 .sbss.KB_Data_Pack_Full
                0x0000000020000228        0x1 ./USB_Host/app_km.o
                0x0000000020000228                KB_Data_Pack_Full
 .sbss.KB_Data_State
                0x0000000020000229        0x1 ./USB_Host/app_km.o
                0x0000000020000229                KB_Data_State
 .sbss.kb_ms    0x000000002000022a        0x1 ./USB_Host/app_km.o
                0x000000002000022a                kb_ms
 .sbss.new_descripter
                0x000000002000022b        0x1 ./USB_Host/app_km.o
                0x000000002000022b                new_descripter
 .sbss.MCU_Version
                0x000000002000022c        0x1 ./Peripheral/src/ch32v20x_gpio.o
                0x000000002000022c                MCU_Version
 *fill*         0x000000002000022d        0x3 
 .sbss.NVIC_Priority_Group
                0x0000000020000230        0x4 ./Peripheral/src/ch32v20x_misc.o
                0x0000000020000230                NVIC_Priority_Group
 .sbss.Data_Mul_MaxPacketSize
                0x0000000020000234        0x4 ./Device/USBLIB/USB-Driver/src/usb_core.o
                0x0000000020000234                Data_Mul_MaxPacketSize
 .sbss.StatusInfo
                0x0000000020000238        0x2 ./Device/USBLIB/USB-Driver/src/usb_core.o
                0x0000000020000238                StatusInfo
 .sbss.EPindex  0x000000002000023a        0x1 ./Device/USBLIB/USB-Driver/src/usb_init.o
                0x000000002000023a                EPindex
 *fill*         0x000000002000023b        0x1 
 .sbss.pInformation
                0x000000002000023c        0x4 ./Device/USBLIB/USB-Driver/src/usb_init.o
                0x000000002000023c                pInformation
 .sbss.pProperty
                0x0000000020000240        0x4 ./Device/USBLIB/USB-Driver/src/usb_init.o
                0x0000000020000240                pProperty
 .sbss.pUser_Standard_Requests
                0x0000000020000244        0x4 ./Device/USBLIB/USB-Driver/src/usb_init.o
                0x0000000020000244                pUser_Standard_Requests
 .sbss.wInterrupt_Mask
                0x0000000020000248        0x2 ./Device/USBLIB/USB-Driver/src/usb_init.o
                0x0000000020000248                wInterrupt_Mask
 .sbss.SaveRState
                0x000000002000024a        0x2 ./Device/USBLIB/USB-Driver/src/usb_int.o
                0x000000002000024a                SaveRState
 .sbss.SaveTState
                0x000000002000024c        0x2 ./Device/USBLIB/USB-Driver/src/usb_int.o
                0x000000002000024c                SaveTState
 .sbss.USBD_Endp1_Busy
                0x000000002000024e        0x1 ./Device/USBLIB/CONFIG/usb_endp.o
                0x000000002000024e                USBD_Endp1_Busy
 .sbss.USBD_Endp2_Busy
                0x000000002000024f        0x1 ./Device/USBLIB/CONFIG/usb_endp.o
                0x000000002000024f                USBD_Endp2_Busy
 .sbss.Ep0RxBlks
                0x0000000020000250        0x2 ./Device/USBLIB/CONFIG/usb_istr.o
                0x0000000020000250                Ep0RxBlks
 .sbss.bIntPackSOF
                0x0000000020000252        0x1 ./Device/USBLIB/CONFIG/usb_istr.o
                0x0000000020000252                bIntPackSOF
 *fill*         0x0000000020000253        0x1 
 .sbss.esof_counter
                0x0000000020000254        0x4 ./Device/USBLIB/CONFIG/usb_istr.o
                0x0000000020000254                esof_counter
 .sbss.wCNTR    0x0000000020000258        0x4 ./Device/USBLIB/CONFIG/usb_istr.o
                0x0000000020000258                wCNTR
 .sbss.wIstr    0x000000002000025c        0x2 ./Device/USBLIB/CONFIG/usb_istr.o
                0x000000002000025c                wIstr
 *fill*         0x000000002000025e        0x2 
 .sbss.HID_Idle_Value
                0x0000000020000260        0x2 ./Device/USBLIB/CONFIG/usb_prop.o
                0x0000000020000260                HID_Idle_Value
 *fill*         0x0000000020000262        0x2 
 .sbss.HID_Protocol_Value
                0x0000000020000264        0x2 ./Device/USBLIB/CONFIG/usb_prop.o
                0x0000000020000264                HID_Protocol_Value
 .sbss.USBD_Sleep_Status
                0x0000000020000266        0x1 ./Device/USBLIB/CONFIG/usb_prop.o
                0x0000000020000266                USBD_Sleep_Status
 *fill*         0x0000000020000267        0x1 
 .sbss.ResumeS  0x0000000020000268        0x8 ./Device/USBLIB/CONFIG/usb_pwr.o
                0x0000000020000268                ResumeS
 .sbss.bDeviceState
                0x0000000020000270        0x4 ./Device/USBLIB/CONFIG/usb_pwr.o
                0x0000000020000270                bDeviceState
 .sbss.remotewakeupon
                0x0000000020000274        0x4 ./Device/USBLIB/CONFIG/usb_pwr.o
                0x0000000020000274                remotewakeupon
 .sbss.KB_LED_Cur_Status
                0x0000000020000278        0x1 ./Device/usbd_composite_km.o
                0x0000000020000278                KB_LED_Cur_Status
 .sbss.USART_Recv_Dat
                0x0000000020000279        0x1 ./Device/usbd_composite_km.o
                0x0000000020000279                USART_Recv_Dat
 .sbss.p_ms     0x000000002000027a        0x2 ./Debug/debug.o
 .sbss.p_us     0x000000002000027c        0x1 ./Debug/debug.o
 *fill*         0x000000002000027d        0x3 
 .sbss.__malloc_free_list
                0x0000000020000280        0x4 /home/flinux/Downloads/MounRiver_Studio_Community_Linux_x64_V170/MRS_Community/toolchain/RISC-V_Embedded_GCC/bin/../lib/gcc/riscv-none-embed/8.2.0/../../../../riscv-none-embed/lib/rv32imac/ilp32/libg_nano.a(lib_a-nano-mallocr.o)
                0x0000000020000280                __malloc_free_list
 .sbss.__malloc_sbrk_start
                0x0000000020000284        0x4 /home/flinux/Downloads/MounRiver_Studio_Community_Linux_x64_V170/MRS_Community/toolchain/RISC-V_Embedded_GCC/bin/../lib/gcc/riscv-none-embed/8.2.0/../../../../riscv-none-embed/lib/rv32imac/ilp32/libg_nano.a(lib_a-nano-mallocr.o)
                0x0000000020000284                __malloc_sbrk_start
 *(.gnu.linkonce.sb.*)
 *(.bss*)
 .bss.Data_Buffer
                0x0000000020000288      0x400 ./User/ch32v20x_usbfs_device.o
                0x0000000020000288                Data_Buffer
 .bss.RingBuffer_Comm
                0x0000000020000688       0x14 ./User/ch32v20x_usbfs_device.o
                0x0000000020000688                RingBuffer_Comm
 .bss.USBFS_EP0_Buf
                0x000000002000069c       0x40 ./User/ch32v20x_usbfs_device.o
                0x000000002000069c                USBFS_EP0_Buf
 .bss.USBFS_EP3_Buf
                0x00000000200006dc       0x80 ./User/ch32v20x_usbfs_device.o
                0x00000000200006dc                USBFS_EP3_Buf
 .bss.USBFS_EP4_Buf
                0x000000002000075c       0x80 ./User/ch32v20x_usbfs_device.o
                0x000000002000075c                USBFS_EP4_Buf
 .bss.USBFS_EP5_Buf
                0x00000000200007dc       0x80 ./User/ch32v20x_usbfs_device.o
                0x00000000200007dc                USBFS_EP5_Buf
 .bss.USBFS_EP6_Buf
                0x000000002000085c       0x80 ./User/ch32v20x_usbfs_device.o
                0x000000002000085c                USBFS_EP6_Buf
 .bss.Com_Buf   0x00000000200008dc      0x400 ./USB_Host/app_km.o
                0x00000000200008dc                Com_Buf
 .bss.DevDesc_Buf
                0x0000000020000cdc       0x12 ./USB_Host/app_km.o
                0x0000000020000cdc                DevDesc_Buf
 *fill*         0x0000000020000cee        0x2 
 .bss.HostCtl   0x0000000020000cf0      0x532 ./USB_Host/app_km.o
                0x0000000020000cf0                HostCtl
 *fill*         0x0000000020001222        0x2 
 .bss.RootHubDev
                0x0000000020001224       0x1f ./USB_Host/app_km.o
                0x0000000020001224                RootHubDev
 *fill*         0x0000000020001243        0x1 
 .bss.USBFS_RX_Buf
                0x0000000020001244       0x40 ./USB_Host/ch32v20x_usbfs_host.o
                0x0000000020001244                USBFS_RX_Buf
 .bss.USBFS_TX_Buf
                0x0000000020001284       0x40 ./USB_Host/ch32v20x_usbfs_host.o
                0x0000000020001284                USBFS_TX_Buf
 .bss.Device_Info
                0x00000000200012c4       0x1c ./Device/USBLIB/USB-Driver/src/usb_init.o
                0x00000000200012c4                Device_Info
 .bss.EP        0x00000000200012e0       0x20 ./Device/USBLIB/CONFIG/usb_pwr.o
                0x00000000200012e0                EP
 *(.gnu.linkonce.b.*)
 *(COMMON*)
 COMMON         0x0000000020001300        0x4 /home/flinux/Downloads/MounRiver_Studio_Community_Linux_x64_V170/MRS_Community/toolchain/RISC-V_Embedded_GCC/bin/../lib/gcc/riscv-none-embed/8.2.0/../../../../riscv-none-embed/lib/rv32imac/ilp32/libg_nano.a(lib_a-reent.o)
                0x0000000020001300                errno
                0x0000000020001304                . = ALIGN (0x4)
                0x0000000020001304                PROVIDE (_ebss = .)
                0x0000000020001304                PROVIDE (_end = _ebss)
                [!provide]                        PROVIDE (end = .)

.stack          0x0000000020004800      0x800
                0x0000000020004800                PROVIDE (_heap_end = .)
                0x0000000020004800                . = ALIGN (0x4)
                [!provide]                        PROVIDE (_susrstack = .)
                0x0000000020005000                . = (. + __stack_size)
 *fill*         0x0000000020004800      0x800 
                0x0000000020005000                PROVIDE (_eusrstack = .)
OUTPUT(HOST_KM.elf elf32-littleriscv)

.debug_info     0x0000000000000000    0x23471
 .debug_info    0x0000000000000000      0x962 ./User/ch32v20x_it.o
 .debug_info    0x0000000000000962     0x177e ./User/ch32v20x_usbfs_device.o
 .debug_info    0x00000000000020e0     0x1845 ./User/main.o
 .debug_info    0x0000000000003925      0xb89 ./User/system_ch32v20x.o
 .debug_info    0x00000000000044ae      0x9ff ./User/usb_desc.o
 .debug_info    0x0000000000004ead     0x37b7 ./USB_Host/app_km.o
 .debug_info    0x0000000000008664     0x1b7a ./USB_Host/ch32v20x_usbfs_host.o
 .debug_info    0x000000000000a1de      0xf8b ./USB_Host/usb_host_hid.o
 .debug_info    0x000000000000b169      0xff7 ./USB_Host/usb_host_hub.o
 .debug_info    0x000000000000c160       0x22 ./Startup/startup_ch32v20x_D6.o
 .debug_info    0x000000000000c182      0xc0d ./Peripheral/src/ch32v20x_exti.o
 .debug_info    0x000000000000cd8f     0x10d9 ./Peripheral/src/ch32v20x_gpio.o
 .debug_info    0x000000000000de68      0xe7c ./Peripheral/src/ch32v20x_misc.o
 .debug_info    0x000000000000ece4     0x125c ./Peripheral/src/ch32v20x_rcc.o
 .debug_info    0x000000000000ff40     0x29a2 ./Peripheral/src/ch32v20x_tim.o
 .debug_info    0x00000000000128e2     0x13b4 ./Peripheral/src/ch32v20x_usart.o
 .debug_info    0x0000000000013c96     0x17f6 ./Device/USBLIB/USB-Driver/src/usb_core.o
 .debug_info    0x000000000001548c      0xdd9 ./Device/USBLIB/USB-Driver/src/usb_init.o
 .debug_info    0x0000000000016265      0xee5 ./Device/USBLIB/USB-Driver/src/usb_int.o
 .debug_info    0x000000000001714a      0xe75 ./Device/USBLIB/USB-Driver/src/usb_mem.o
 .debug_info    0x0000000000017fbf     0x1982 ./Device/USBLIB/USB-Driver/src/usb_regs.o
 .debug_info    0x0000000000019941      0xedf ./Device/USBLIB/USB-Driver/src/usb_sil.o
 .debug_info    0x000000000001a820     0x145a ./Device/USBLIB/CONFIG/hw_config.o
 .debug_info    0x000000000001bc7a      0xee6 ./Device/USBLIB/CONFIG/usb_desc.o
 .debug_info    0x000000000001cb60      0xfe1 ./Device/USBLIB/CONFIG/usb_endp.o
 .debug_info    0x000000000001db41      0xf3f ./Device/USBLIB/CONFIG/usb_istr.o
 .debug_info    0x000000000001ea80     0x175f ./Device/USBLIB/CONFIG/usb_prop.o
 .debug_info    0x00000000000201df      0xfd5 ./Device/USBLIB/CONFIG/usb_pwr.o
 .debug_info    0x00000000000211b4     0x13a2 ./Device/usbd_composite_km.o
 .debug_info    0x0000000000022556      0xf1b ./Debug/debug.o

.debug_abbrev   0x0000000000000000     0x5951
 .debug_abbrev  0x0000000000000000      0x1cf ./User/ch32v20x_it.o
 .debug_abbrev  0x00000000000001cf      0x374 ./User/ch32v20x_usbfs_device.o
 .debug_abbrev  0x0000000000000543      0x2fe ./User/main.o
 .debug_abbrev  0x0000000000000841      0x2c0 ./User/system_ch32v20x.o
 .debug_abbrev  0x0000000000000b01      0x1c5 ./User/usb_desc.o
 .debug_abbrev  0x0000000000000cc6      0x5b2 ./USB_Host/app_km.o
 .debug_abbrev  0x0000000000001278      0x47c ./USB_Host/ch32v20x_usbfs_host.o
 .debug_abbrev  0x00000000000016f4      0x251 ./USB_Host/usb_host_hid.o
 .debug_abbrev  0x0000000000001945      0x280 ./USB_Host/usb_host_hub.o
 .debug_abbrev  0x0000000000001bc5       0x12 ./Startup/startup_ch32v20x_D6.o
 .debug_abbrev  0x0000000000001bd7      0x2da ./Peripheral/src/ch32v20x_exti.o
 .debug_abbrev  0x0000000000001eb1      0x33a ./Peripheral/src/ch32v20x_gpio.o
 .debug_abbrev  0x00000000000021eb      0x2fb ./Peripheral/src/ch32v20x_misc.o
 .debug_abbrev  0x00000000000024e6      0x351 ./Peripheral/src/ch32v20x_rcc.o
 .debug_abbrev  0x0000000000002837      0x408 ./Peripheral/src/ch32v20x_tim.o
 .debug_abbrev  0x0000000000002c3f      0x312 ./Peripheral/src/ch32v20x_usart.o
 .debug_abbrev  0x0000000000002f51      0x553 ./Device/USBLIB/USB-Driver/src/usb_core.o
 .debug_abbrev  0x00000000000034a4      0x223 ./Device/USBLIB/USB-Driver/src/usb_init.o
 .debug_abbrev  0x00000000000036c7      0x279 ./Device/USBLIB/USB-Driver/src/usb_int.o
 .debug_abbrev  0x0000000000003940      0x25a ./Device/USBLIB/USB-Driver/src/usb_mem.o
 .debug_abbrev  0x0000000000003b9a      0x3c3 ./Device/USBLIB/USB-Driver/src/usb_regs.o
 .debug_abbrev  0x0000000000003f5d      0x2a0 ./Device/USBLIB/USB-Driver/src/usb_sil.o
 .debug_abbrev  0x00000000000041fd      0x2d8 ./Device/USBLIB/CONFIG/hw_config.o
 .debug_abbrev  0x00000000000044d5      0x205 ./Device/USBLIB/CONFIG/usb_desc.o
 .debug_abbrev  0x00000000000046da      0x2d3 ./Device/USBLIB/CONFIG/usb_endp.o
 .debug_abbrev  0x00000000000049ad      0x2af ./Device/USBLIB/CONFIG/usb_istr.o
 .debug_abbrev  0x0000000000004c5c      0x3f5 ./Device/USBLIB/CONFIG/usb_prop.o
 .debug_abbrev  0x0000000000005051      0x2fa ./Device/USBLIB/CONFIG/usb_pwr.o
 .debug_abbrev  0x000000000000534b      0x320 ./Device/usbd_composite_km.o
 .debug_abbrev  0x000000000000566b      0x2e6 ./Debug/debug.o

.debug_aranges  0x0000000000000000      0xdf0
 .debug_aranges
                0x0000000000000000       0x28 ./User/ch32v20x_it.o
 .debug_aranges
                0x0000000000000028       0x40 ./User/ch32v20x_usbfs_device.o
 .debug_aranges
                0x0000000000000068       0x28 ./User/main.o
 .debug_aranges
                0x0000000000000090       0x28 ./User/system_ch32v20x.o
 .debug_aranges
                0x00000000000000b8       0x18 ./User/usb_desc.o
 .debug_aranges
                0x00000000000000d0       0xb8 ./USB_Host/app_km.o
 .debug_aranges
                0x0000000000000188       0xb8 ./USB_Host/ch32v20x_usbfs_host.o
 .debug_aranges
                0x0000000000000240       0x30 ./USB_Host/usb_host_hid.o
 .debug_aranges
                0x0000000000000270       0x38 ./USB_Host/usb_host_hub.o
 .debug_aranges
                0x00000000000002a8       0x30 ./Startup/startup_ch32v20x_D6.o
 .debug_aranges
                0x00000000000002d8       0x50 ./Peripheral/src/ch32v20x_exti.o
 .debug_aranges
                0x0000000000000328       0xa8 ./Peripheral/src/ch32v20x_gpio.o
 .debug_aranges
                0x00000000000003d0       0x28 ./Peripheral/src/ch32v20x_misc.o
 .debug_aranges
                0x00000000000003f8      0x128 ./Peripheral/src/ch32v20x_rcc.o
 .debug_aranges
                0x0000000000000520      0x2d0 ./Peripheral/src/ch32v20x_tim.o
 .debug_aranges
                0x00000000000007f0      0x100 ./Peripheral/src/ch32v20x_usart.o
 .debug_aranges
                0x00000000000008f0       0x98 ./Device/USBLIB/USB-Driver/src/usb_core.o
 .debug_aranges
                0x0000000000000988       0x20 ./Device/USBLIB/USB-Driver/src/usb_init.o
 .debug_aranges
                0x00000000000009a8       0x28 ./Device/USBLIB/USB-Driver/src/usb_int.o
 .debug_aranges
                0x00000000000009d0       0x28 ./Device/USBLIB/USB-Driver/src/usb_mem.o
 .debug_aranges
                0x00000000000009f8      0x1a0 ./Device/USBLIB/USB-Driver/src/usb_regs.o
 .debug_aranges
                0x0000000000000b98       0x30 ./Device/USBLIB/USB-Driver/src/usb_sil.o
 .debug_aranges
                0x0000000000000bc8       0x60 ./Device/USBLIB/CONFIG/hw_config.o
 .debug_aranges
                0x0000000000000c28       0x18 ./Device/USBLIB/CONFIG/usb_desc.o
 .debug_aranges
                0x0000000000000c40       0x30 ./Device/USBLIB/CONFIG/usb_endp.o
 .debug_aranges
                0x0000000000000c70       0x20 ./Device/USBLIB/CONFIG/usb_istr.o
 .debug_aranges
                0x0000000000000c90       0xa8 ./Device/USBLIB/CONFIG/usb_prop.o
 .debug_aranges
                0x0000000000000d38       0x40 ./Device/USBLIB/CONFIG/usb_pwr.o
 .debug_aranges
                0x0000000000000d78       0x30 ./Device/usbd_composite_km.o
 .debug_aranges
                0x0000000000000da8       0x48 ./Debug/debug.o

.debug_ranges   0x0000000000000000      0xfc0
 .debug_ranges  0x0000000000000000       0x18 ./User/ch32v20x_it.o
 .debug_ranges  0x0000000000000018       0x48 ./User/ch32v20x_usbfs_device.o
 .debug_ranges  0x0000000000000060       0x18 ./User/main.o
 .debug_ranges  0x0000000000000078       0x38 ./User/system_ch32v20x.o
 .debug_ranges  0x00000000000000b0      0x148 ./USB_Host/app_km.o
 .debug_ranges  0x00000000000001f8       0xc0 ./USB_Host/ch32v20x_usbfs_host.o
 .debug_ranges  0x00000000000002b8       0x20 ./USB_Host/usb_host_hid.o
 .debug_ranges  0x00000000000002d8       0x28 ./USB_Host/usb_host_hub.o
 .debug_ranges  0x0000000000000300       0x28 ./Startup/startup_ch32v20x_D6.o
 .debug_ranges  0x0000000000000328       0x40 ./Peripheral/src/ch32v20x_exti.o
 .debug_ranges  0x0000000000000368       0x98 ./Peripheral/src/ch32v20x_gpio.o
 .debug_ranges  0x0000000000000400       0x48 ./Peripheral/src/ch32v20x_misc.o
 .debug_ranges  0x0000000000000448      0x118 ./Peripheral/src/ch32v20x_rcc.o
 .debug_ranges  0x0000000000000560      0x2f0 ./Peripheral/src/ch32v20x_tim.o
 .debug_ranges  0x0000000000000850       0xf0 ./Peripheral/src/ch32v20x_usart.o
 .debug_ranges  0x0000000000000940      0x148 ./Device/USBLIB/USB-Driver/src/usb_core.o
 .debug_ranges  0x0000000000000a88       0x10 ./Device/USBLIB/USB-Driver/src/usb_init.o
 .debug_ranges  0x0000000000000a98       0x60 ./Device/USBLIB/USB-Driver/src/usb_int.o
 .debug_ranges  0x0000000000000af8       0x18 ./Device/USBLIB/USB-Driver/src/usb_mem.o
 .debug_ranges  0x0000000000000b10      0x2c8 ./Device/USBLIB/USB-Driver/src/usb_regs.o
 .debug_ranges  0x0000000000000dd8       0x20 ./Device/USBLIB/USB-Driver/src/usb_sil.o
 .debug_ranges  0x0000000000000df8       0x50 ./Device/USBLIB/CONFIG/hw_config.o
 .debug_ranges  0x0000000000000e48       0x20 ./Device/USBLIB/CONFIG/usb_endp.o
 .debug_ranges  0x0000000000000e68       0x10 ./Device/USBLIB/CONFIG/usb_istr.o
 .debug_ranges  0x0000000000000e78       0xc0 ./Device/USBLIB/CONFIG/usb_prop.o
 .debug_ranges  0x0000000000000f38       0x30 ./Device/USBLIB/CONFIG/usb_pwr.o
 .debug_ranges  0x0000000000000f68       0x20 ./Device/usbd_composite_km.o
 .debug_ranges  0x0000000000000f88       0x38 ./Debug/debug.o

.debug_line     0x0000000000000000    0x186a2
 .debug_line    0x0000000000000000      0x2dd ./User/ch32v20x_it.o
 .debug_line    0x00000000000002dd     0x1b58 ./User/ch32v20x_usbfs_device.o
 .debug_line    0x0000000000001e35      0x834 ./User/main.o
 .debug_line    0x0000000000002669      0x76f ./User/system_ch32v20x.o
 .debug_line    0x0000000000002dd8      0x2a8 ./User/usb_desc.o
 .debug_line    0x0000000000003080     0x3c7f ./USB_Host/app_km.o
 .debug_line    0x0000000000006cff     0x15cf ./USB_Host/ch32v20x_usbfs_host.o
 .debug_line    0x00000000000082ce      0x4a1 ./USB_Host/usb_host_hid.o
 .debug_line    0x000000000000876f      0x521 ./USB_Host/usb_host_hub.o
 .debug_line    0x0000000000008c90      0x299 ./Startup/startup_ch32v20x_D6.o
 .debug_line    0x0000000000008f29      0x6d2 ./Peripheral/src/ch32v20x_exti.o
 .debug_line    0x00000000000095fb     0x1127 ./Peripheral/src/ch32v20x_gpio.o
 .debug_line    0x000000000000a722      0x5cd ./Peripheral/src/ch32v20x_misc.o
 .debug_line    0x000000000000acef     0x126b ./Peripheral/src/ch32v20x_rcc.o
 .debug_line    0x000000000000bf5a     0x31ec ./Peripheral/src/ch32v20x_tim.o
 .debug_line    0x000000000000f146     0x10df ./Peripheral/src/ch32v20x_usart.o
 .debug_line    0x0000000000010225     0x1b80 ./Device/USBLIB/USB-Driver/src/usb_core.o
 .debug_line    0x0000000000011da5      0x407 ./Device/USBLIB/USB-Driver/src/usb_init.o
 .debug_line    0x00000000000121ac      0xa50 ./Device/USBLIB/USB-Driver/src/usb_int.o
 .debug_line    0x0000000000012bfc      0x52d ./Device/USBLIB/USB-Driver/src/usb_mem.o
 .debug_line    0x0000000000013129     0x10ff ./Device/USBLIB/USB-Driver/src/usb_regs.o
 .debug_line    0x0000000000014228      0x49d ./Device/USBLIB/USB-Driver/src/usb_sil.o
 .debug_line    0x00000000000146c5      0x975 ./Device/USBLIB/CONFIG/hw_config.o
 .debug_line    0x000000000001503a      0x3a2 ./Device/USBLIB/CONFIG/usb_desc.o
 .debug_line    0x00000000000153dc      0x553 ./Device/USBLIB/CONFIG/usb_endp.o
 .debug_line    0x000000000001592f      0x7b0 ./Device/USBLIB/CONFIG/usb_istr.o
 .debug_line    0x00000000000160df      0xe8a ./Device/USBLIB/CONFIG/usb_prop.o
 .debug_line    0x0000000000016f69      0x8b9 ./Device/USBLIB/CONFIG/usb_pwr.o
 .debug_line    0x0000000000017822      0x682 ./Device/usbd_composite_km.o
 .debug_line    0x0000000000017ea4      0x7fe ./Debug/debug.o

.debug_str      0x0000000000000000     0x5391
 .debug_str     0x0000000000000000      0x55a ./User/ch32v20x_it.o
                                        0x5cf (size before relaxing)
 .debug_str     0x000000000000055a      0x9d6 ./User/ch32v20x_usbfs_device.o
                                        0xfbf (size before relaxing)
 .debug_str     0x0000000000000f30      0x8ea ./User/main.o
                                       0x11b3 (size before relaxing)
 .debug_str     0x000000000000181a      0x10c ./User/system_ch32v20x.o
                                        0x6e6 (size before relaxing)
 .debug_str     0x0000000000001926       0x13 ./User/usb_desc.o
                                        0x605 (size before relaxing)
 .debug_str     0x0000000000001939      0xbe2 ./USB_Host/app_km.o
                                       0x1fc9 (size before relaxing)
 .debug_str     0x000000000000251b      0x17c ./USB_Host/ch32v20x_usbfs_host.o
                                        0xee2 (size before relaxing)
 .debug_str     0x0000000000002697       0x7d ./USB_Host/usb_host_hid.o
                                        0x9be (size before relaxing)
 .debug_str     0x0000000000002714       0x81 ./USB_Host/usb_host_hub.o
                                        0x9df (size before relaxing)
 .debug_str     0x0000000000002795       0x67 ./Startup/startup_ch32v20x_D6.o
                                         0xbe (size before relaxing)
 .debug_str     0x00000000000027fc      0x1ff ./Peripheral/src/ch32v20x_exti.o
                                        0x7e0 (size before relaxing)
 .debug_str     0x00000000000029fb      0x27e ./Peripheral/src/ch32v20x_gpio.o
                                        0x9d0 (size before relaxing)
 .debug_str     0x0000000000002c79       0xb4 ./Peripheral/src/ch32v20x_misc.o
                                        0xad8 (size before relaxing)
 .debug_str     0x0000000000002d2d      0x3b9 ./Peripheral/src/ch32v20x_rcc.o
                                        0xb0f (size before relaxing)
 .debug_str     0x00000000000030e6      0xa2d ./Peripheral/src/ch32v20x_tim.o
                                       0x12ce (size before relaxing)
 .debug_str     0x0000000000003b13      0x456 ./Peripheral/src/ch32v20x_usart.o
                                        0xb6a (size before relaxing)
 .debug_str     0x0000000000003f69      0x55f ./Device/USBLIB/USB-Driver/src/usb_core.o
                                        0xfd5 (size before relaxing)
 .debug_str     0x00000000000044c8       0x7b ./Device/USBLIB/USB-Driver/src/usb_init.o
                                        0xa42 (size before relaxing)
 .debug_str     0x0000000000004543       0xba ./Device/USBLIB/USB-Driver/src/usb_int.o
                                        0xaa0 (size before relaxing)
 .debug_str     0x00000000000045fd       0xaa ./Device/USBLIB/USB-Driver/src/usb_mem.o
                                        0xa90 (size before relaxing)
 .debug_str     0x00000000000046a7      0x3db ./Device/USBLIB/USB-Driver/src/usb_regs.o
                                        0xe18 (size before relaxing)
 .debug_str     0x0000000000004a82       0xd0 ./Device/USBLIB/USB-Driver/src/usb_sil.o
                                        0xae8 (size before relaxing)
 .debug_str     0x0000000000004b52      0x157 ./Device/USBLIB/CONFIG/hw_config.o
                                       0x11c2 (size before relaxing)
 .debug_str     0x0000000000004ca9       0x73 ./Device/USBLIB/CONFIG/usb_desc.o
                                        0xaf3 (size before relaxing)
 .debug_str     0x0000000000004d1c       0xbe ./Device/USBLIB/CONFIG/usb_endp.o
                                        0xba3 (size before relaxing)
 .debug_str     0x0000000000004dda      0x119 ./Device/USBLIB/CONFIG/usb_istr.o
                                        0xb42 (size before relaxing)