Archive member included to satisfy reference by file (symbol)

/home/flinux/Downloads/MounRiver_Studio_Community_Linux_x64_V170/MRS_Community/toolchain/RISC-V_Embedded_GCC/bin/../lib/gcc/riscv-none-embed/8.2.0/rv32imac/ilp32/libgcc.a(save-restore.o)
                              ./USB_Host/app_km.o (__riscv_save_12)
/home/flinux/Downloads/MounRiver_Studio_Community_Linux_x64_V170/MRS_Community/toolchain/RISC-V_Embedded_GCC/bin/../lib/gcc/riscv-none-embed/8.2.0/../../../../riscv-none-embed/lib/rv32imac/ilp32/libg_nano.a(lib_a-memchr.o)
                              ./USB_Host/app_km.o (memchr)
/home/flinux/Downloads/MounRiver_Studio_Community_Linux_x64_V170/MRS_Community/toolchain/RISC-V_Embedded_GCC/bin/../lib/gcc/riscv-none-embed/8.2.0/../../../../riscv-none-embed/lib/rv32imac/ilp32/libg_nano.a(lib_a-memcpy.o)
                              ./User/ch32v20x_usbfs_device.o (memcpy)
/home/flinux/Downloads/MounRiver_Studio_Community_Linux_x64_V170/MRS_Community/toolchain/RISC-V_Embedded_GCC/bin/../lib/gcc/riscv-none-embed/8.2.0/../../../../riscv-none-embed/lib/rv32imac/ilp32/libg_nano.a(lib_a-memset.o)
                              ./User/main.o (memset)
/home/flinux/Downloads/MounRiver_Studio_Community_Linux_x64_V170/MRS_Community/toolchain/RISC-V_Embedded_GCC/bin/../lib/gcc/riscv-none-embed/8.2.0/../../../../riscv-none-embed/lib/rv32imac/ilp32/libg_nano.a(lib_a-printf.o)
                              ./User/main.o (printf)
/home/flinux/Downloads/MounRiver_Studio_Community_Linux_x64_V170/MRS_Community/toolchain/RISC-V_Embedded_GCC/bin/../lib/gcc/riscv-none-embed/8.2.0/../../../../riscv-none-embed/lib/rv32imac/ilp32/libg_nano.a(lib_a-puts.o)
                              ./User/main.o (puts)
/home/flinux/Downloads/MounRiver_Studio_Community_Linux_x64_V170/MRS_Community/toolchain/RISC-V_Embedded_GCC/bin/../lib/gcc/riscv-none-embed/8.2.0/../../../../riscv-none-embed/lib/rv32imac/ilp32/libg_nano.a(lib_a-wbuf.o)
                              /home/flinux/Downloads/MounRiver_Studio_Community_Linux_x64_V170/MRS_Community/toolchain/RISC-V_Embedded_GCC/bin/../lib/gcc/riscv-none-embed/8.2.0/../../../../riscv-none-embed/lib/rv32imac/ilp32/libg_nano.a(lib_a-puts.o) (__swbuf_r)
/home/flinux/Downloads/MounRiver_Studio_Community_Linux_x64_V170/MRS_Community/toolchain/RISC-V_Embedded_GCC/bin/../lib/gcc/riscv-none-embed/8.2.0/../../../../riscv-none-embed/lib/rv32imac/ilp32/libg_nano.a(lib_a-wsetup.o)
                              /home/flinux/Downloads/MounRiver_Studio_Community_Linux_x64_V170/MRS_Community/toolchain/RISC-V_Embedded_GCC/bin/../lib/gcc/riscv-none-embed/8.2.0/../../../../riscv-none-embed/lib/rv32imac/ilp32/libg_nano.a(lib_a-puts.o) (__swsetup_r)
/home/flinux/Downloads/MounRiver_Studio_Community_Linux_x64_V170/MRS_Community/toolchain/RISC-V_Embedded_GCC/bin/../lib/gcc/riscv-none-embed/8.2.0/../../../../riscv-none-embed/lib/rv32imac/ilp32/libg_nano.a(lib_a-fflush.o)
                              /home/flinux/Downloads/MounRiver_Studio_Community_Linux_x64_V170/MRS_Community/toolchain/RISC-V_Embedded_GCC/bin/../lib/gcc/riscv-none-embed/8.2.0/../../../../riscv-none-embed/lib/rv32imac/ilp32/libg_nano.a(lib_a-wbuf.o) (_fflush_r)
/home/flinux/Downloads/MounRiver_Studio_Community_Linux_x64_V170/MRS_Community/toolchain/RISC-V_Embedded_GCC/bin/../lib/gcc/riscv-none-embed/8.2.0/../../../../riscv-none-embed/lib/rv32imac/ilp32/libg_nano.a(lib_a-findfp.o)
                              /home/flinux/Downloads/MounRiver_Studio_Community_Linux_x64_V170/MRS_Community/toolchain/RISC-V_Embedded_GCC/bin/../lib/gcc/riscv-none-embed/8.2.0/../../../../riscv-none-embed/lib/rv32imac/ilp32/libg_nano.a(lib_a-printf.o) (__sinit)
/home/flinux/Downloads/MounRiver_Studio_Community_Linux_x64_V170/MRS_Community/toolchain/RISC-V_Embedded_GCC/bin/../lib/gcc/riscv-none-embed/8.2.0/../../../../riscv-none-embed/lib/rv32imac/ilp32/libg_nano.a(lib_a-fwalk.o)
                              /home/flinux/Downloads/MounRiver_Studio_Community_Linux_x64_V170/MRS_Community/toolchain/RISC-V_Embedded_GCC/bin/../lib/gcc/riscv-none-embed/8.2.0/../../../../riscv-none-embed/lib/rv32imac/ilp32/libg_nano.a(lib_a-findfp.o) (_fwalk)
/home/flinux/Downloads/MounRiver_Studio_Community_Linux_x64_V170/MRS_Community/toolchain/RISC-V_Embedded_GCC/bin/../lib/gcc/riscv-none-embed/8.2.0/../../../../riscv-none-embed/lib/rv32imac/ilp32/libg_nano.a(lib_a-impure.o)
                              /home/flinux/Downloads/MounRiver_Studio_Community_Linux_x64_V170/MRS_Community/toolchain/RISC-V_Embedded_GCC/bin/../lib/gcc/riscv-none-embed/8.2.0/../../../../riscv-none-embed/lib/rv32imac/ilp32/libg_nano.a(lib_a-fflush.o) (_global_impure_ptr)
/home/flinux/Downloads/MounRiver_Studio_Community_Linux_x64_V170/MRS_Community/toolchain/RISC-V_Embedded_GCC/bin/../lib/gcc/riscv-none-embed/8.2.0/../../../../riscv-none-embed/lib/rv32imac/ilp32/libg_nano.a(lib_a-makebuf.o)
[...]
Memory Configuration

Name             Origin             Length             Attributes
FLASH            0x0000000000000000 0x0000000000010000 xr
RAM              0x0000000020000000 0x0000000000005000 xrw
*default*        0x0000000000000000 0xffffffffffffffff

Linker script and memory map

LOAD ./User/ch32v20x_it.o
LOAD ./User/ch32v20x_usbfs_device.o
LOAD ./User/main.o
LOAD ./User/system_ch32v20x.o
LOAD ./User/usb_desc.o
LOAD ./USB_Host/app_km.o
LOAD ./USB_Host/ch32v20x_usbfs_host.o
LOAD ./USB_Host/usb_host_hid.o
LOAD ./USB_Host/usb_host_hub.o
LOAD ./Startup/startup_ch32v20x_D6.o
LOAD ./Peripheral/src/ch32v20x_adc.o
LOAD ./Peripheral/src/ch32v20x_bkp.o
LOAD ./Peripheral/src/ch32v20x_can.o
LOAD ./Peripheral/src/ch32v20x_crc.o
LOAD ./Peripheral/src/ch32v20x_dbgmcu.o
LOAD ./Peripheral/src/ch32v20x_dma.o
LOAD ./Peripheral/src/ch32v20x_exti.o
LOAD ./Peripheral/src/ch32v20x_flash.o
LOAD ./Peripheral/src/ch32v20x_gpio.o
LOAD ./Peripheral/src/ch32v20x_i2c.o
LOAD ./Peripheral/src/ch32v20x_iwdg.o
LOAD ./Peripheral/src/ch32v20x_misc.o
LOAD ./Peripheral/src/ch32v20x_opa.o
LOAD ./Peripheral/src/ch32v20x_pwr.o
LOAD ./Peripheral/src/ch32v20x_rcc.o
LOAD ./Peripheral/src/ch32v20x_rtc.o
LOAD ./Peripheral/src/ch32v20x_spi.o
LOAD ./Peripheral/src/ch32v20x_tim.o
LOAD ./Peripheral/src/ch32v20x_usart.o
LOAD ./Peripheral/src/ch32v20x_wwdg.o
LOAD ./Device/USBLIB/USB-Driver/src/usb_core.o
LOAD ./Device/USBLIB/USB-Driver/src/usb_init.o
LOAD ./Device/USBLIB/USB-Driver/src/usb_int.o
LOAD ./Device/USBLIB/USB-Driver/src/usb_mem.o
LOAD ./Device/USBLIB/USB-Driver/src/usb_regs.o
LOAD ./Device/USBLIB/USB-Driver/src/usb_sil.o
LOAD ./Device/USBLIB/CONFIG/hw_config.o
LOAD ./Device/USBLIB/CONFIG/usb_desc.o
LOAD ./Device/USBLIB/CONFIG/usb_endp.o
LOAD ./Device/USBLIB/CONFIG/usb_istr.o
LOAD ./Device/USBLIB/CONFIG/usb_prop.o
LOAD ./Device/USBLIB/CONFIG/usb_pwr.o
LOAD ./Device/usbd_composite_km.o
LOAD ./Debug/debug.o
LOAD ./Core/core_riscv.o
LOAD /home/flinux/Downloads/MounRiver_Studio_Community_Linux_x64_V170/MRS_Community/toolchain/RISC-V_Embedded_GCC/bin/../lib/gcc/riscv-none-embed/8.2.0/rv32imac/ilp32/libgcc.a
LOAD /home/flinux/Downloads/MounRiver_Studio_Community_Linux_x64_V170/MRS_Community/toolchain/RISC-V_Embedded_GCC/bin/../lib/gcc/riscv-none-embed/8.2.0/../../../../riscv-none-embed/lib/rv32imac/ilp32/libg_nano.a
LOAD /home/flinux/Downloads/MounRiver_Studio_Community_Linux_x64_V170/MRS_Community/toolchain/RISC-V_Embedded_GCC/bin/../lib/gcc/riscv-none-embed/8.2.0/../../../../riscv-none-embed/lib/rv32imac/ilp32/libc_nano.a
LOAD /home/flinux/Downloads/MounRiver_Studio_Community_Linux_x64_V170/MRS_Community/toolchain/RISC-V_Embedded_GCC/bin/../lib/gcc/riscv-none-embed/8.2.0/rv32imac/ilp32/libgcc.a
START GROUP
LOAD /home/flinux/Downloads/MounRiver_Studio_Community_Linux_x64_V170/MRS_Community/toolchain/RISC-V_Embedded_GCC/bin/../lib/gcc/riscv-none-embed/8.2.0/rv32imac/ilp32/libgcc.a
LOAD /home/flinux/Downloads/MounRiver_Studio_Community_Linux_x64_V170/MRS_Community/toolchain/RISC-V_Embedded_GCC/bin/../lib/gcc/riscv-none-embed/8.2.0/../../../../riscv-none-embed/lib/rv32imac/ilp32/libc_nano.a
LOAD /home/flinux/Downloads/MounRiver_Studio_Community_Linux_x64_V170/MRS_Community/toolchain/RISC-V_Embedded_GCC/bin/../lib/gcc/riscv-none-embed/8.2.0/../../../../riscv-none-embed/lib/rv32imac/ilp32/libnosys.a
END GROUP
START GROUP
LOAD /home/flinux/Downloads/MounRiver_Studio_Community_Linux_x64_V170/MRS_Community/toolchain/RISC-V_Embedded_GCC/bin/../lib/gcc/riscv-none-embed/8.2.0/rv32imac/ilp32/libgcc.a
LOAD /home/flinux/Downloads/MounRiver_Studio_Community_Linux_x64_V170/MRS_Community/toolchain/RISC-V_Embedded_GCC/bin/../lib/gcc/riscv-none-embed/8.2.0/../../../../riscv-none-embed/lib/rv32imac/ilp32/libc_nano.a
LOAD /home/flinux/Downloads/MounRiver_Studio_Community_Linux_x64_V170/MRS_Community/toolchain/RISC-V_Embedded_GCC/bin/../lib/gcc/riscv-none-embed/8.2.0/../../../../riscv-none-embed/lib/rv32imac/ilp32/libnosys.a
END GROUP
                0x0000000000000800                __stack_size = 0x800
                [!provide]                        PROVIDE (_stack_size = __stack_size)

.init           0x0000000000000000       0x38
                0x0000000000000000                _sinit = .
                0x0000000000000000                . = ALIGN (0x4)
 *(SORT_NONE(.init))
 .init          0x0000000000000000       0x38 ./Startup/startup_ch32v20x_D6.o
                0x0000000000000000                _start
                0x0000000000000038                . = ALIGN (0x4)
                0x0000000000000038                _einit = .

.vector         0x0000000000000038      0x108
 *(.vector)
 .vector        0x0000000000000038       0xfc ./Startup/startup_ch32v20x_D6.o
                0x0000000000000140                . = ALIGN (0x40)
 *fill*         0x0000000000000134        0xc 

.text           0x0000000000000140     0x60d4
                0x0000000000000140                . = ALIGN (0x4)
 *(.text)
 .text          0x0000000000000140       0x60 /home/flinux/Downloads/MounRiver_Studio_Community_Linux_x64_V170/MRS_Community/toolchain/RISC-V_Embedded_GCC/bin/../lib/gcc/riscv-none-embed/8.2.0/rv32imac/ilp32/libgcc.a(save-restore.o)
                0x0000000000000140                __riscv_save_12
                0x0000000000000148                __riscv_save_8
                0x0000000000000148                __riscv_save_11
                0x0000000000000148                __riscv_save_9
                0x0000000000000148                __riscv_save_10
                0x0000000000000156                __riscv_save_7
                0x0000000000000156                __riscv_save_4
                0x0000000000000156                __riscv_save_6
                0x0000000000000156                __riscv_save_5
                0x0000000000000170                __riscv_save_1
                0x0000000000000170                __riscv_save_3
                0x0000000000000170                __riscv_save_2
                0x0000000000000170                __riscv_save_0
                0x000000000000017c                __riscv_restore_12
                0x0000000000000180                __riscv_restore_10
                0x0000000000000180                __riscv_restore_11
                0x0000000000000180                __riscv_restore_8
                0x0000000000000180                __riscv_restore_9
                0x000000000000018a                __riscv_restore_5
                0x000000000000018a                __riscv_restore_6
                0x000000000000018a                __riscv_restore_4
                0x000000000000018a                __riscv_restore_7
                0x0000000000000194                __riscv_restore_3
                0x0000000000000194                __riscv_restore_2
                0x0000000000000194                __riscv_restore_0
                0x0000000000000194                __riscv_restore_1
 .text          0x00000000000001a0       0xa8 /home/flinux/Downloads/MounRiver_Studio_Community_Linux_x64_V170/MRS_Community/toolchain/RISC-V_Embedded_GCC/bin/../lib/gcc/riscv-none-embed/8.2.0/../../../../riscv-none-embed/lib/rv32imac/ilp32/libg_nano.a(lib_a-memset.o)
                0x00000000000001a0                memset
 *(.text.*)
 .text.NMI_Handler
                0x0000000000000248        0x4 ./User/ch32v20x_it.o
                0x0000000000000248                NMI_Handler
 .text.HardFault_Handler
                0x000000000000024c        0x2 ./User/ch32v20x_it.o
                0x000000000000024c                HardFault_Handler
 .text.USBFS_Device_Endp_Init
                0x000000000000024e       0x92 ./User/ch32v20x_usbfs_device.o
                0x000000000000024e                USBFS_Device_Endp_Init
 .text.USBHD_IRQHandler
                0x00000000000002e0      0x822 ./User/ch32v20x_usbfs_device.o
                0x00000000000002e0                USBHD_IRQHandler
 .text.GPIO_INIT
                0x0000000000000b02       0x36 ./User/main.o
                0x0000000000000b02                GPIO_INIT
 .text.startup.main
                0x0000000000000b38       0x8e ./User/main.o
                0x0000000000000b38                main
 .text.SystemInit
                0x0000000000000bc6       0xea ./User/system_ch32v20x.o
                0x0000000000000bc6                SystemInit
 .text.TIM3_Init
                0x0000000000000cb0       0x7a ./USB_Host/app_km.o
                0x0000000000000cb0                TIM3_Init
 .text.TIM3_IRQHandler
                0x0000000000000d2a        0x6 ./USB_Host/app_km.o
                0x0000000000000d2a                TIM3_IRQHandler
 .text.TIM3_IRQHandler_Real
                0x0000000000000d30      0x118 ./USB_Host/app_km.o
                0x0000000000000d30                TIM3_IRQHandler_Real
 .text.USBH_AnalyseType
                0x0000000000000e48       0x48 ./USB_Host/app_km.o
                0x0000000000000e48                USBH_AnalyseType
 .text.USBH_EnumRootDevice
                0x0000000000000e90      0x126 ./USB_Host/app_km.o
                0x0000000000000e90                USBH_EnumRootDevice
 .text.KM_AnalyzeConfigDesc
                0x0000000000000fb6      0x25a ./USB_Host/app_km.o
                0x0000000000000fb6                KM_AnalyzeConfigDesc
 .text.KM_AnalyzeHidReportDesc
                0x0000000000001210      0x19e ./USB_Host/app_km.o
                0x0000000000001210                KM_AnalyzeHidReportDesc
 .text.KM_DealHidReportDesc
                0x00000000000013ae       0x96 ./USB_Host/app_km.o
                0x00000000000013ae                KM_DealHidReportDesc
 .text.HUB_AnalyzeConfigDesc
                0x0000000000001444       0xcc ./USB_Host/app_km.o
                0x0000000000001444                HUB_AnalyzeConfigDesc
 .text.USBH_EnumHubDevice
                0x0000000000001510      0x13a ./USB_Host/app_km.o
                0x0000000000001510                USBH_EnumHubDevice
 .text.HUB_Port_PreEnum1
                0x000000000000164a       0x8e ./USB_Host/app_km.o
                0x000000000000164a                HUB_Port_PreEnum1
 .text.HUB_Port_PreEnum2
                0x00000000000016d8       0xb4 ./USB_Host/app_km.o
                0x00000000000016d8                HUB_Port_PreEnum2
 .text.HUB_CheckPortSpeed
                0x000000000000178c       0x30 ./USB_Host/app_km.o
                0x000000000000178c                HUB_CheckPortSpeed
 .text.USBH_EnumHubPortDevice
                0x00000000000017bc      0x10c ./USB_Host/app_km.o
                0x00000000000017bc                USBH_EnumHubPortDevice
 .text.KB_SetReport
                0x00000000000018c8       0xa2 ./USB_Host/app_km.o
                0x00000000000018c8                KB_SetReport
 .text.USBH_EnumHidDevice
                0x000000000000196a      0x11c ./USB_Host/app_km.o
                0x000000000000196a                USBH_EnumHidDevice
 .text.USBH_MainDeal
                0x0000000000001a86      0x666 ./USB_Host/app_km.o
                0x0000000000001a86                USBH_MainDeal
 .text.USBFSH_SetSelfSpeed.part.0
                0x00000000000020ec       0x32 ./USB_Host/ch32v20x_usbfs_host.o
 .text.USBFS_RCC_Init
                0x000000000000211e       0x46 ./USB_Host/ch32v20x_usbfs_host.o
                0x000000000000211e                USBFS_RCC_Init
 .text.USBFS_Host_Init
                0x0000000000002164       0x58 ./USB_Host/ch32v20x_usbfs_host.o
                0x0000000000002164                USBFS_Host_Init
 .text.USBFSH_CheckRootHubPortStatus
                0x00000000000021bc       0x36 ./USB_Host/ch32v20x_usbfs_host.o
                0x00000000000021bc                USBFSH_CheckRootHubPortStatus
 .text.USBFSH_CheckRootHubPortSpeed
                0x00000000000021f2       0x12 ./USB_Host/ch32v20x_usbfs_host.o
                0x00000000000021f2                USBFSH_CheckRootHubPortSpeed
 .text.USBFSH_SetSelfAddr
                0x0000000000002204       0x18 ./USB_Host/ch32v20x_usbfs_host.o
                0x0000000000002204                USBFSH_SetSelfAddr
 .text.USBFSH_SetSelfSpeed
                0x000000000000221c       0x3a ./USB_Host/ch32v20x_usbfs_host.o
                0x000000000000221c                USBFSH_SetSelfSpeed
 .text.USBFSH_ResetRootHubPort
                0x0000000000002256       0x5e ./USB_Host/ch32v20x_usbfs_host.o
                0x0000000000002256                USBFSH_ResetRootHubPort
 .text.USBFSH_EnableRootHubPort
                0x00000000000022b4       0x4a ./USB_Host/ch32v20x_usbfs_host.o
                0x00000000000022b4                USBFSH_EnableRootHubPort
 .text.USBFSH_Transact
                0x00000000000022fe      0x102 ./USB_Host/ch32v20x_usbfs_host.o
                0x00000000000022fe                USBFSH_Transact
 .text.USBFSH_CtrlTransfer
                0x0000000000002400      0x1b8 ./USB_Host/ch32v20x_usbfs_host.o
                0x0000000000002400                USBFSH_CtrlTransfer
 .text.USBFSH_GetDeviceDescr
                0x00000000000025b8       0x4c ./USB_Host/ch32v20x_usbfs_host.o
                0x00000000000025b8                USBFSH_GetDeviceDescr
 .text.USBFSH_GetConfigDescr
                0x0000000000002604       0x76 ./USB_Host/ch32v20x_usbfs_host.o
                0x0000000000002604                USBFSH_GetConfigDescr
 .text.USBFSH_GetStrDescr
                0x000000000000267a       0x60 ./USB_Host/ch32v20x_usbfs_host.o
                0x000000000000267a                USBFSH_GetStrDescr
 .text.USBFSH_SetUsbAddress
                0x00000000000026da       0x3a ./USB_Host/ch32v20x_usbfs_host.o
                0x00000000000026da                USBFSH_SetUsbAddress
 .text.USBFSH_SetUsbConfig
                0x0000000000002714       0x26 ./USB_Host/ch32v20x_usbfs_host.o
                0x0000000000002714                USBFSH_SetUsbConfig
 .text.USBFSH_ClearEndpStall
                0x000000000000273a       0x28 ./USB_Host/ch32v20x_usbfs_host.o
                0x000000000000273a                USBFSH_ClearEndpStall
 .text.USBFSH_GetEndpData
                0x0000000000002762       0x52 ./USB_Host/ch32v20x_usbfs_host.o
                0x0000000000002762                USBFSH_GetEndpData
 .text.USBFSH_SendEndpData
                0x00000000000027b4       0x48 ./USB_Host/ch32v20x_usbfs_host.o
                0x00000000000027b4                USBFSH_SendEndpData
 .text.HID_GetHidDesr
                0x00000000000027fc       0x34 ./USB_Host/usb_host_hid.o
                0x00000000000027fc                HID_GetHidDesr
 .text.HID_SetReport
                0x0000000000002830       0x2c ./USB_Host/usb_host_hid.o
                0x0000000000002830                HID_SetReport
 .text.HUB_GetPortStatus
                0x000000000000285c       0x32 ./USB_Host/usb_host_hub.o
                0x000000000000285c                HUB_GetPortStatus
 .text.HUB_ClearPortFeature
                0x000000000000288e       0x2e ./USB_Host/usb_host_hub.o
                0x000000000000288e                HUB_ClearPortFeature
 .text.HUB_SetPortFeature
                0x00000000000028bc       0x2e ./USB_Host/usb_host_hub.o
                0x00000000000028bc                HUB_SetPortFeature
 .text.HUB_GetClassDevDescr
                0x00000000000028ea       0x40 ./USB_Host/usb_host_hub.o
                0x00000000000028ea                HUB_GetClassDevDescr
 .text.vector_handler
                0x000000000000292a       0x6c ./Startup/startup_ch32v20x_D6.o
                0x000000000000292e                Ecall_M_Mode_Handler
                0x0000000000002930                Ecall_U_Mode_Handler
                0x0000000000002932                Break_Point_Handler
                0x0000000000002934                SysTick_Handler
                0x0000000000002936                SW_Handler
                0x0000000000002938                WWDG_IRQHandler
                0x000000000000293a                PVD_IRQHandler
                0x000000000000293c                TAMPER_IRQHandler
                0x000000000000293e                RTC_IRQHandler
                0x0000000000002940                FLASH_IRQHandler
                0x0000000000002942                RCC_IRQHandler
                0x0000000000002944                EXTI0_IRQHandler
                0x0000000000002946                EXTI1_IRQHandler
                0x0000000000002948                EXTI2_IRQHandler
                0x000000000000294a                EXTI3_IRQHandler
                0x000000000000294c                EXTI4_IRQHandler
                0x000000000000294e                DMA1_Channel1_IRQHandler
                0x0000000000002950                DMA1_Channel2_IRQHandler
                0x0000000000002952                DMA1_Channel3_IRQHandler
                0x0000000000002954                DMA1_Channel4_IRQHandler
                0x0000000000002956                DMA1_Channel5_IRQHandler
                0x0000000000002958                DMA1_Channel6_IRQHandler
                0x000000000000295a                DMA1_Channel7_IRQHandler
                0x000000000000295c                ADC1_2_IRQHandler
                0x000000000000295e                USB_HP_CAN1_TX_IRQHandler
                0x0000000000002962                CAN1_RX1_IRQHandler
                0x0000000000002964                CAN1_SCE_IRQHandler
                0x0000000000002966                EXTI9_5_IRQHandler
                0x0000000000002968                TIM1_BRK_IRQHandler
                0x000000000000296a                TIM1_UP_IRQHandler
                0x000000000000296c                TIM1_TRG_COM_IRQHandler
                0x000000000000296e                TIM1_CC_IRQHandler
                0x0000000000002970                TIM2_IRQHandler
                0x0000000000002974                TIM4_IRQHandler
                0x0000000000002976                I2C1_EV_IRQHandler
                0x0000000000002978                I2C1_ER_IRQHandler
                0x000000000000297a                I2C2_EV_IRQHandler
                0x000000000000297c                I2C2_ER_IRQHandler
                0x000000000000297e                SPI1_IRQHandler
                0x0000000000002980                SPI2_IRQHandler
                0x0000000000002982                USART1_IRQHandler
                0x0000000000002986                USART3_IRQHandler
                0x0000000000002988                EXTI15_10_IRQHandler
                0x000000000000298a                RTCAlarm_IRQHandler
                0x0000000000002990                USBHDWakeUp_IRQHandler
                0x0000000000002992                UART4_IRQHandler
                0x0000000000002994                DMA1_Channel8_IRQHandler
 .text.handle_reset
                0x0000000000002996       0x8a ./Startup/startup_ch32v20x_D6.o
                0x0000000000002996                handle_reset
 .text.EXTI_Init
                0x0000000000002a20       0x6a ./Peripheral/src/ch32v20x_exti.o
                0x0000000000002a20                EXTI_Init
 .text.EXTI_GetFlagStatus
                0x0000000000002a8a       0x12 ./Peripheral/src/ch32v20x_exti.o
                0x0000000000002a8a                EXTI_GetFlagStatus
 .text.EXTI_ClearFlag
                0x0000000000002a9c        0xa ./Peripheral/src/ch32v20x_exti.o
                0x0000000000002a9c                EXTI_ClearFlag
 .text.EXTI_ClearITPendingBit
                0x0000000000002aa6        0xa ./Peripheral/src/ch32v20x_exti.o
                0x0000000000002aa6                EXTI_ClearITPendingBit
 .text.GPIO_Init
                0x0000000000002ab0       0xf8 ./Peripheral/src/ch32v20x_gpio.o
                0x0000000000002ab0                GPIO_Init
 .text.GPIO_WriteBit
                0x0000000000002ba8       0x1a ./Peripheral/src/ch32v20x_gpio.o
                0x0000000000002ba8                GPIO_WriteBit
 .text.NVIC_PriorityGroupConfig
                0x0000000000002bc2        0x6 ./Peripheral/src/ch32v20x_misc.o
                0x0000000000002bc2                NVIC_PriorityGroupConfig
 .text.NVIC_Init
                0x0000000000002bc8       0xb8 ./Peripheral/src/ch32v20x_misc.o
                0x0000000000002bc8                NVIC_Init
 .text.RCC_USBCLKConfig
                0x0000000000002c80       0x1a ./Peripheral/src/ch32v20x_rcc.o
                0x0000000000002c80                RCC_USBCLKConfig
 .text.RCC_GetClocksFreq
                0x0000000000002c9a       0xc6 ./Peripheral/src/ch32v20x_rcc.o
                0x0000000000002c9a                RCC_GetClocksFreq
 .text.RCC_AHBPeriphClockCmd
                0x0000000000002d60       0x1e ./Peripheral/src/ch32v20x_rcc.o
                0x0000000000002d60                RCC_AHBPeriphClockCmd
 .text.RCC_APB2PeriphClockCmd
                0x0000000000002d7e       0x1e ./Peripheral/src/ch32v20x_rcc.o
                0x0000000000002d7e                RCC_APB2PeriphClockCmd
 .text.RCC_APB1PeriphClockCmd
                0x0000000000002d9c       0x1e ./Peripheral/src/ch32v20x_rcc.o
                0x0000000000002d9c                RCC_APB1PeriphClockCmd
 .text.TIM_TimeBaseInit
                0x0000000000002dba       0x80 ./Peripheral/src/ch32v20x_tim.o
                0x0000000000002dba                TIM_TimeBaseInit
 .text.TIM_Cmd  0x0000000000002e3a       0x1c ./Peripheral/src/ch32v20x_tim.o
                0x0000000000002e3a                TIM_Cmd
 .text.TIM_ITConfig
                0x0000000000002e56       0x16 ./Peripheral/src/ch32v20x_tim.o
                0x0000000000002e56                TIM_ITConfig
 .text.TIM_GetITStatus
                0x0000000000002e6c       0x1c ./Peripheral/src/ch32v20x_tim.o
                0x0000000000002e6c                TIM_GetITStatus
 .text.TIM_ClearITPendingBit
                0x0000000000002e88        0xe ./Peripheral/src/ch32v20x_tim.o
                0x0000000000002e88                TIM_ClearITPendingBit
 .text.USART_Init
                0x0000000000002e96       0xd6 ./Peripheral/src/ch32v20x_usart.o
                0x0000000000002e96                USART_Init
 .text.USART_Cmd
                0x0000000000002f6c       0x1c ./Peripheral/src/ch32v20x_usart.o
                0x0000000000002f6c                USART_Cmd
 .text.USART_SendData
                0x0000000000002f88        0xa ./Peripheral/src/ch32v20x_usart.o
                0x0000000000002f88                USART_SendData
 .text.USART_ReceiveData
                0x0000000000002f92        0xa ./Peripheral/src/ch32v20x_usart.o
                0x0000000000002f92                USART_ReceiveData
 .text.USART_GetFlagStatus
                0x0000000000002f9c        0xc ./Peripheral/src/ch32v20x_usart.o
                0x0000000000002f9c                USART_GetFlagStatus
 .text.USART_GetITStatus
                0x0000000000002fa8       0x44 ./Peripheral/src/ch32v20x_usart.o
                0x0000000000002fa8                USART_GetITStatus
 .text.Standard_GetConfiguration
                0x0000000000002fec       0x24 ./Device/USBLIB/USB-Driver/src/usb_core.o
                0x0000000000002fec                Standard_GetConfiguration
 .text.Standard_GetInterface
                0x0000000000003010       0x24 ./Device/USBLIB/USB-Driver/src/usb_core.o
                0x0000000000003010                Standard_GetInterface
 .text.Standard_GetStatus
                0x0000000000003034       0x9e ./Device/USBLIB/USB-Driver/src/usb_core.o
                0x0000000000003034                Standard_GetStatus
 .text.DataStageIn
                0x00000000000030d2       0xbe ./Device/USBLIB/USB-Driver/src/usb_core.o
 .text.Standard_SetConfiguration
                0x0000000000003190       0x36 ./Device/USBLIB/USB-Driver/src/usb_core.o
                0x0000000000003190                Standard_SetConfiguration
 .text.Standard_SetInterface
                0x00000000000031c6       0x5c ./Device/USBLIB/USB-Driver/src/usb_core.o
                0x00000000000031c6                Standard_SetInterface
 .text.Standard_ClearFeature
                0x0000000000003222      0x12a ./Device/USBLIB/USB-Driver/src/usb_core.o
                0x0000000000003222                Standard_ClearFeature
 .text.Standard_SetEndPointFeature
                0x000000000000334c       0xc2 ./Device/USBLIB/USB-Driver/src/usb_core.o
                0x000000000000334c                Standard_SetEndPointFeature
 .text.Standard_SetDeviceFeature
                0x000000000000340e       0x22 ./Device/USBLIB/USB-Driver/src/usb_core.o
                0x000000000000340e                Standard_SetDeviceFeature
 .text.Standard_GetDescriptorData
                0x0000000000003430       0x1e ./Device/USBLIB/USB-Driver/src/usb_core.o
                0x0000000000003430                Standard_GetDescriptorData
 .text.Post0_Process
                0x000000000000344e       0x36 ./Device/USBLIB/USB-Driver/src/usb_core.o
                0x000000000000344e                Post0_Process
 .text.Setup0_Process
                0x0000000000003484      0x34e ./Device/USBLIB/USB-Driver/src/usb_core.o
                0x0000000000003484                Setup0_Process
 .text.Out0_Process
                0x00000000000037d2       0xe6 ./Device/USBLIB/USB-Driver/src/usb_core.o
                0x00000000000037d2                Out0_Process
 .text.SetDeviceAddress
                0x00000000000038b8       0x4a ./Device/USBLIB/USB-Driver/src/usb_core.o
                0x00000000000038b8                SetDeviceAddress
 .text.In0_Process
                0x0000000000003902       0x68 ./Device/USBLIB/USB-Driver/src/usb_core.o
                0x0000000000003902                In0_Process
 .text.NOP_Process
                0x000000000000396a        0x2 ./Device/USBLIB/USB-Driver/src/usb_core.o
                0x000000000000396a                NOP_Process
 .text.USB_Init
                0x000000000000396c       0x38 ./Device/USBLIB/USB-Driver/src/usb_init.o
                0x000000000000396c                USB_Init
 .text.CTR_LP   0x00000000000039a4      0x3e4 ./Device/USBLIB/USB-Driver/src/usb_int.o
                0x00000000000039a4                CTR_LP
 .text.UserToPMABufferCopy
                0x0000000000003d88       0x28 ./Device/USBLIB/USB-Driver/src/usb_mem.o
                0x0000000000003d88                UserToPMABufferCopy
 .text.PMAToUserBufferCopy
                0x0000000000003db0       0x1e ./Device/USBLIB/USB-Driver/src/usb_mem.o
                0x0000000000003db0                PMAToUserBufferCopy
 .text.SetBTABLE
                0x0000000000003dce       0x10 ./Device/USBLIB/USB-Driver/src/usb_regs.o
                0x0000000000003dce                SetBTABLE
 .text.SetEPType
                0x0000000000003dde       0x20 ./Device/USBLIB/USB-Driver/src/usb_regs.o
                0x0000000000003dde                SetEPType
 .text.SetEPTxStatus
                0x0000000000003dfe       0x48 ./Device/USBLIB/USB-Driver/src/usb_regs.o
                0x0000000000003dfe                SetEPTxStatus
 .text.SetEPRxValid
                0x0000000000003e46       0x42 ./Device/USBLIB/USB-Driver/src/usb_regs.o
                0x0000000000003e46                SetEPRxValid
 .text.ClearEP_KIND
                0x0000000000003e88       0x26 ./Device/USBLIB/USB-Driver/src/usb_regs.o
                0x0000000000003e88                ClearEP_KIND
 .text.Clear_Status_Out
                0x0000000000003eae        0xa ./Device/USBLIB/USB-Driver/src/usb_regs.o
                0x0000000000003eae                Clear_Status_Out
 .text.ClearDTOG_RX
                0x0000000000003eb8       0x34 ./Device/USBLIB/USB-Driver/src/usb_regs.o
                0x0000000000003eb8                ClearDTOG_RX
 .text.ClearDTOG_TX
                0x0000000000003eec       0x30 ./Device/USBLIB/USB-Driver/src/usb_regs.o
                0x0000000000003eec                ClearDTOG_TX
 .text.SetEPTxAddr
                0x0000000000003f1c       0x20 ./Device/USBLIB/USB-Driver/src/usb_regs.o
                0x0000000000003f1c                SetEPTxAddr
 .text.SetEPRxAddr
                0x0000000000003f3c       0x22 ./Device/USBLIB/USB-Driver/src/usb_regs.o
                0x0000000000003f3c                SetEPRxAddr
 .text.GetEPTxAddr
                0x0000000000003f5e       0x1e ./Device/USBLIB/USB-Driver/src/usb_regs.o
                0x0000000000003f5e                GetEPTxAddr
 .text.GetEPRxAddr
                0x0000000000003f7c       0x20 ./Device/USBLIB/USB-Driver/src/usb_regs.o
                0x0000000000003f7c                GetEPRxAddr
 .text.SetEPTxCount
                0x0000000000003f9c       0x1e ./Device/USBLIB/USB-Driver/src/usb_regs.o
                0x0000000000003f9c                SetEPTxCount
 .text.SetEPRxCount
                0x0000000000003fba       0x48 ./Device/USBLIB/USB-Driver/src/usb_regs.o
                0x0000000000003fba                SetEPRxCount
 .text.ByteSwap
                0x0000000000004002        0xe ./Device/USBLIB/USB-Driver/src/usb_regs.o
                0x0000000000004002                ByteSwap
 .text.USB_SIL_Init
                0x0000000000004010       0x20 ./Device/USBLIB/USB-Driver/src/usb_sil.o
                0x0000000000004010                USB_SIL_Init
 .text.USB_SIL_Write
                0x0000000000004030       0x2e ./Device/USBLIB/USB-Driver/src/usb_sil.o
                0x0000000000004030                USB_SIL_Write
 .text.USBWakeUp_IRQHandler
                0x000000000000405e        0x6 ./Device/USBLIB/CONFIG/hw_config.o
                0x000000000000405e                USBWakeUp_IRQHandler
 .text.USBWakeUp_IRQHandler_Real
                0x0000000000004064       0x10 ./Device/USBLIB/CONFIG/hw_config.o
                0x0000000000004064                USBWakeUp_IRQHandler_Real
 .text.USB_LP_CAN1_RX0_IRQHandler
                0x0000000000004074        0x6 ./Device/USBLIB/CONFIG/hw_config.o
                0x0000000000004074                USB_LP_CAN1_RX0_IRQHandler
 .text.USB_LP_CAN1_RX0_IRQHandler_Real
                0x000000000000407a        0xa ./Device/USBLIB/CONFIG/hw_config.o
                0x000000000000407a                USB_LP_CAN1_RX0_IRQHandler_Real
 .text.Set_USBConfig
                0x0000000000004084       0x48 ./Device/USBLIB/CONFIG/hw_config.o
                0x0000000000004084                Set_USBConfig
 .text.Enter_LowPowerMode
                0x00000000000040cc       0x34 ./Device/USBLIB/CONFIG/hw_config.o
                0x00000000000040cc                Enter_LowPowerMode
 .text.Leave_LowPowerMode
                0x0000000000004100       0x34 ./Device/USBLIB/CONFIG/hw_config.o
                0x0000000000004100                Leave_LowPowerMode
 .text.USB_Interrupts_Config
                0x0000000000004134       0x4c ./Device/USBLIB/CONFIG/hw_config.o
                0x0000000000004134                USB_Interrupts_Config
 .text.USB_Port_Set
                0x0000000000004180       0xb2 ./Device/USBLIB/CONFIG/hw_config.o
                0x0000000000004180                USB_Port_Set
 .text.EP1_IN_Callback
                0x0000000000004232        0x6 ./Device/USBLIB/CONFIG/usb_endp.o
                0x0000000000004232                EP1_IN_Callback
 .text.EP2_IN_Callback
                0x0000000000004238        0x6 ./Device/USBLIB/CONFIG/usb_endp.o
                0x0000000000004238                EP2_IN_Callback
 .text.USBD_ENDPx_DataUp
                0x000000000000423e       0x60 ./Device/USBLIB/CONFIG/usb_endp.o
                0x000000000000423e                USBD_ENDPx_DataUp
 .text.USB_Istr
                0x000000000000429e      0x21e ./Device/USBLIB/CONFIG/usb_istr.o
                0x000000000000429e                USB_Istr
 .text.USBD_SetConfiguration
                0x00000000000044bc       0x12 ./Device/USBLIB/CONFIG/usb_prop.o
                0x00000000000044bc                USBD_SetConfiguration
 .text.USBD_SetDeviceAddress
                0x00000000000044ce        0x8 ./Device/USBLIB/CONFIG/usb_prop.o
                0x00000000000044ce                USBD_SetDeviceAddress
 .text.USBD_SetDeviceFeature
                0x00000000000044d6       0x12 ./Device/USBLIB/CONFIG/usb_prop.o
                0x00000000000044d6                USBD_SetDeviceFeature
 .text.USBD_ClearFeature
                0x00000000000044e8       0x12 ./Device/USBLIB/CONFIG/usb_prop.o
                0x00000000000044e8                USBD_ClearFeature
 .text.USBD_Status_In
                0x00000000000044fa        0x2 ./Device/USBLIB/CONFIG/usb_prop.o
                0x00000000000044fa                USBD_Status_In
 .text.USBD_Get_Interface_Setting
                0x00000000000044fc       0x10 ./Device/USBLIB/CONFIG/usb_prop.o
                0x00000000000044fc                USBD_Get_Interface_Setting
 .text.USBD_Data_Setup
                0x000000000000450c       0xb2 ./Device/USBLIB/CONFIG/usb_prop.o
                0x000000000000450c                USBD_Data_Setup
 .text.USBD_NoData_Setup
                0x00000000000045be       0x54 ./Device/USBLIB/CONFIG/usb_prop.o
                0x00000000000045be                USBD_NoData_Setup
 .text.HID_Set_Report
                0x0000000000004612       0x16 ./Device/USBLIB/CONFIG/usb_prop.o
                0x0000000000004612                HID_Set_Report
 .text.HID_Get_Idle
                0x0000000000004628       0x18 ./Device/USBLIB/CONFIG/usb_prop.o
                0x0000000000004628                HID_Get_Idle
 .text.HID_Get_Protocol
                0x0000000000004640       0x18 ./Device/USBLIB/CONFIG/usb_prop.o
                0x0000000000004640                HID_Get_Protocol
 .text.USBD_init
                0x0000000000004658       0x5a ./Device/USBLIB/CONFIG/usb_prop.o
                0x0000000000004658                USBD_init
 .text.USBD_Reset
                0x00000000000046b2      0x1d4 ./Device/USBLIB/CONFIG/usb_prop.o
                0x00000000000046b2                USBD_Reset
 .text.USBD_GetDeviceDescriptor
                0x0000000000004886       0x10 ./Device/USBLIB/CONFIG/usb_prop.o
                0x0000000000004886                USBD_GetDeviceDescriptor
 .text.USBD_GetStringDescriptor
                0x0000000000004896       0x2a ./Device/USBLIB/CONFIG/usb_prop.o
                0x0000000000004896                USBD_GetStringDescriptor
 .text.USBD_GetReportDescriptor
                0x00000000000048c0       0x26 ./Device/USBLIB/CONFIG/usb_prop.o
                0x00000000000048c0                USBD_GetReportDescriptor
 .text.USBD_GetHidDescriptor
                0x00000000000048e6       0x26 ./Device/USBLIB/CONFIG/usb_prop.o
                0x00000000000048e6                USBD_GetHidDescriptor
 .text.USBD_GetConfigDescriptor
                0x000000000000490c       0x20 ./Device/USBLIB/CONFIG/usb_prop.o
                0x000000000000490c                USBD_GetConfigDescriptor
 .text.USBD_Status_Out
                0x000000000000492c        0x2 ./Device/USBLIB/CONFIG/usb_prop.o
                0x000000000000492c                USBD_Status_Out
 .text.PowerOn  0x000000000000492e       0x2a ./Device/USBLIB/CONFIG/usb_pwr.o
                0x000000000000492e                PowerOn
 .text.Suspend  0x0000000000004958       0xbe ./Device/USBLIB/CONFIG/usb_pwr.o
                0x0000000000004958                Suspend
 .text.Resume_Init
                0x0000000000004a16       0x2c ./Device/USBLIB/CONFIG/usb_pwr.o
                0x0000000000004a16                Resume_Init
 .text.Resume   0x0000000000004a42       0xca ./Device/USBLIB/CONFIG/usb_pwr.o
                0x0000000000004a42                Resume
 .text.USART2_IRQHandler
                0x0000000000004b0c        0x6 ./Device/usbd_composite_km.o
                0x0000000000004b0c                USART2_IRQHandler
 .text.USART2_IRQHandler_Real
                0x0000000000004b12       0x2a ./Device/usbd_composite_km.o
                0x0000000000004b12                USART2_IRQHandler_Real
 .text.MCU_Sleep_Wakeup_Operate
                0x0000000000004b3c       0x68 ./Device/usbd_composite_km.o
                0x0000000000004b3c                MCU_Sleep_Wakeup_Operate
 .text.Delay_Init
                0x0000000000004ba4       0x2a ./Debug/debug.o
                0x0000000000004ba4                Delay_Init
 .text.Delay_Us
                0x0000000000004bce       0x36 ./Debug/debug.o
                0x0000000000004bce                Delay_Us
 .text.Delay_Ms
                0x0000000000004c04       0x36 ./Debug/debug.o
                0x0000000000004c04                Delay_Ms
 .text.USART_Printf_Init
                0x0000000000004c3a       0x5c ./Debug/debug.o
                0x0000000000004c3a                USART_Printf_Init
 .text._write   0x0000000000004c96       0x3e ./Debug/debug.o
                0x0000000000004c96                _write
 .text._sbrk    0x0000000000004cd4       0x2a ./Debug/debug.o
                0x0000000000004cd4                _sbrk
 .text.memchr   0x0000000000004cfe       0x1a /home/flinux/Downloads/MounRiver_Studio_Community_Linux_x64_V170/MRS_Community/toolchain/RISC-V_Embedded_GCC/bin/../lib/gcc/riscv-none-embed/8.2.0/../../../../riscv-none-embed/lib/rv32imac/ilp32/libg_nano.a(lib_a-memchr.o)
                0x0000000000004cfe                memchr
 .text.memcpy   0x0000000000004d18       0xb6 /home/flinux/Downloads/MounRiver_Studio_Community_Linux_x64_V170/MRS_Community/toolchain/RISC-V_Embedded_GCC/bin/../lib/gcc/riscv-none-embed/8.2.0/../../../../riscv-none-embed/lib/rv32imac/ilp32/libg_nano.a(lib_a-memcpy.o)
                0x0000000000004d18                memcpy
 .text.printf   0x0000000000004dce       0x40 /home/flinux/Downloads/MounRiver_Studio_Community_Linux_x64_V170/MRS_Community/toolchain/RISC-V_Embedded_GCC/bin/../lib/gcc/riscv-none-embed/8.2.0/../../../../riscv-none-embed/lib/rv32imac/ilp32/libg_nano.a(lib_a-printf.o)
                0x0000000000004dce                printf
                0x0000000000004dce                iprintf
 .text._puts_r  0x0000000000004e0e       0xda /home/flinux/Downloads/MounRiver_Studio_Community_Linux_x64_V170/MRS_Community/toolchain/RISC-V_Embedded_GCC/bin/../lib/gcc/riscv-none-embed/8.2.0/../../../../riscv-none-embed/lib/rv32imac/ilp32/libg_nano.a(lib_a-puts.o)
                0x0000000000004e0e                _puts_r
 .text.puts     0x0000000000004ee8        0xc /home/flinux/Downloads/MounRiver_Studio_Community_Linux_x64_V170/MRS_Community/toolchain/RISC-V_Embedded_GCC/bin/../lib/gcc/riscv-none-embed/8.2.0/../../../../riscv-none-embed/lib/rv32imac/ilp32/libg_nano.a(lib_a-puts.o)
                0x0000000000004ee8                puts
 .text.__swbuf_r
                0x0000000000004ef4       0xc0 /home/flinux/Downloads/MounRiver_Studio_Community_Linux_x64_V170/MRS_Community/toolchain/RISC-V_Embedded_GCC/bin/../lib/gcc/riscv-none-embed/8.2.0/../../../../riscv-none-embed/lib/rv32imac/ilp32/libg_nano.a(lib_a-wbuf.o)
                0x0000000000004ef4                __swbuf_r
 .text.__swsetup_r
                0x0000000000004fb4      0x10c /home/flinux/Downloads/MounRiver_Studio_Community_Linux_x64_V170/MRS_Community/toolchain/RISC-V_Embedded_GCC/bin/../lib/gcc/riscv-none-embed/8.2.0/../../../../riscv-none-embed/lib/rv32imac/ilp32/libg_nano.a(lib_a-wsetup.o)
                0x0000000000004fb4                __swsetup_r
 .text.__sflush_r
                0x00000000000050c0      0x13c /home/flinux/Downloads/MounRiver_Studio_Community_Linux_x64_V170/MRS_Community/toolchain/RISC-V_Embedded_GCC/bin/../lib/gcc/riscv-none-embed/8.2.0/../../../../riscv-none-embed/lib/rv32imac/ilp32/libg_nano.a(lib_a-fflush.o)
                0x00000000000050c0                __sflush_r
 .text._fflush_r
                0x00000000000051fc       0x66 /home/flinux/Downloads/MounRiver_Studio_Community_Linux_x64_V170/MRS_Community/toolchain/RISC-V_Embedded_GCC/bin/../lib/gcc/riscv-none-embed/8.2.0/../../../../riscv-none-embed/lib/rv32imac/ilp32/libg_nano.a(lib_a-fflush.o)
                0x00000000000051fc                _fflush_r
 .text.std      0x0000000000005262       0x6a /home/flinux/Downloads/MounRiver_Studio_Community_Linux_x64_V170/MRS_Community/toolchain/RISC-V_Embedded_GCC/bin/../lib/gcc/riscv-none-embed/8.2.0/../../../../riscv-none-embed/lib/rv32imac/ilp32/libg_nano.a(lib_a-findfp.o)
 .text._cleanup_r
                0x00000000000052cc        0xa /home/flinux/Downloads/MounRiver_Studio_Community_Linux_x64_V170/MRS_Community/toolchain/RISC-V_Embedded_GCC/bin/../lib/gcc/riscv-none-embed/8.2.0/../../../../riscv-none-embed/lib/rv32imac/ilp32/libg_nano.a(lib_a-findfp.o)
                0x00000000000052cc                _cleanup_r
 .text.__sfmoreglue
                0x00000000000052d6       0x46 /home/flinux/Downloads/MounRiver_Studio_Community_Linux_x64_V170/MRS_Community/toolchain/RISC-V_Embedded_GCC/bin/../lib/gcc/riscv-none-embed/8.2.0/../../../../riscv-none-embed/lib/rv32imac/ilp32/libg_nano.a(lib_a-findfp.o)
                0x00000000000052d6                __sfmoreglue
 .text.__sinit  0x000000000000531c       0x6c /home/flinux/Downloads/MounRiver_Studio_Community_Linux_x64_V170/MRS_Community/toolchain/RISC-V_Embedded_GCC/bin/../lib/gcc/riscv-none-embed/8.2.0/../../../../riscv-none-embed/lib/rv32imac/ilp32/libg_nano.a(lib_a-findfp.o)
                0x000000000000531c                __sinit
 .text.__sfp    0x0000000000005388       0xa0 /home/flinux/Downloads/MounRiver_Studio_Community_Linux_x64_V170/MRS_Community/toolchain/RISC-V_Embedded_GCC/bin/../lib/gcc/riscv-none-embed/8.2.0/../../../../riscv-none-embed/lib/rv32imac/ilp32/libg_nano.a(lib_a-findfp.o)
                0x0000000000005388                __sfp
 .text._fwalk_reent
                0x0000000000005428       0x6c /home/flinux/Downloads/MounRiver_Studio_Community_Linux_x64_V170/MRS_Community/toolchain/RISC-V_Embedded_GCC/bin/../lib/gcc/riscv-none-embed/8.2.0/../../../../riscv-none-embed/lib/rv32imac/ilp32/libg_nano.a(lib_a-fwalk.o)
                0x0000000000005428                _fwalk_reent
 .text.__swhatbuf_r
                0x0000000000005494       0x5a /home/flinux/Downloads/MounRiver_Studio_Community_Linux_x64_V170/MRS_Community/toolchain/RISC-V_Embedded_GCC/bin/../lib/gcc/riscv-none-embed/8.2.0/../../../../riscv-none-embed/lib/rv32imac/ilp32/libg_nano.a(lib_a-makebuf.o)
                0x0000000000005494                __swhatbuf_r
 .text.__smakebuf_r
                0x00000000000054ee       0xa0 /home/flinux/Downloads/MounRiver_Studio_Community_Linux_x64_V170/MRS_Community/toolchain/RISC-V_Embedded_GCC/bin/../lib/gcc/riscv-none-embed/8.2.0/../../../../riscv-none-embed/lib/rv32imac/ilp32/libg_nano.a(lib_a-makebuf.o)
                0x00000000000054ee                __smakebuf_r
 .text._free_r  0x000000000000558e       0xa8 /home/flinux/Downloads/MounRiver_Studio_Community_Linux_x64_V170/MRS_Community/toolchain/RISC-V_Embedded_GCC/bin/../lib/gcc/riscv-none-embed/8.2.0/../../../../riscv-none-embed/lib/rv32imac/ilp32/libg_nano.a(lib_a-nano-freer.o)
                0x000000000000558e                _free_r
 .text._malloc_r
                0x0000000000005636       0xd4 /home/flinux/Downloads/MounRiver_Studio_Community_Linux_x64_V170/MRS_Community/toolchain/RISC-V_Embedded_GCC/bin/../lib/gcc/riscv-none-embed/8.2.0/../../../../riscv-none-embed/lib/rv32imac/ilp32/libg_nano.a(lib_a-nano-mallocr.o)
                0x0000000000005636                _malloc_r
 .text.__sfputc_r
                0x000000000000570a       0x2a /home/flinux/Downloads/MounRiver_Studio_Community_Linux_x64_V170/MRS_Community/toolchain/RISC-V_Embedded_GCC/bin/../lib/gcc/riscv-none-embed/8.2.0/../../../../riscv-none-embed/lib/rv32imac/ilp32/libg_nano.a(lib_a-nano-vfprintf.o)
 .text.__sfputs_r
                0x0000000000005734       0x44 /home/flinux/Downloads/MounRiver_Studio_Community_Linux_x64_V170/MRS_Community/toolchain/RISC-V_Embedded_GCC/bin/../lib/gcc/riscv-none-embed/8.2.0/../../../../riscv-none-embed/lib/rv32imac/ilp32/libg_nano.a(lib_a-nano-vfprintf.o)
                0x0000000000005734                __sfputs_r
 .text._vfprintf_r
                0x0000000000005778      0x2a2 /home/flinux/Downloads/MounRiver_Studio_Community_Linux_x64_V170/MRS_Community/toolchain/RISC-V_Embedded_GCC/bin/../lib/gcc/riscv-none-embed/8.2.0/../../../../riscv-none-embed/lib/rv32imac/ilp32/libg_nano.a(lib_a-nano-vfprintf.o)
                0x0000000000005778                _vfiprintf_r
                0x0000000000005778                _vfprintf_r
 .text._printf_common
                0x0000000000005a1a      0x10c /home/flinux/Downloads/MounRiver_Studio_Community_Linux_x64_V170/MRS_Community/toolchain/RISC-V_Embedded_GCC/bin/../lib/gcc/riscv-none-embed/8.2.0/../../../../riscv-none-embed/lib/rv32imac/ilp32/libg_nano.a(lib_a-nano-vfprintf_i.o)
                0x0000000000005a1a                _printf_common
 .text._printf_i
                0x0000000000005b26      0x2ac /home/flinux/Downloads/MounRiver_Studio_Community_Linux_x64_V170/MRS_Community/toolchain/RISC-V_Embedded_GCC/bin/../lib/gcc/riscv-none-embed/8.2.0/../../../../riscv-none-embed/lib/rv32imac/ilp32/libg_nano.a(lib_a-nano-vfprintf_i.o)
                0x0000000000005b26                _printf_i
 .text._sbrk_r  0x0000000000005dd2       0x32 /home/flinux/Downloads/MounRiver_Studio_Community_Linux_x64_V170/MRS_Community/toolchain/RISC-V_Embedded_GCC/bin/../lib/gcc/riscv-none-embed/8.2.0/../../../../riscv-none-embed/lib/rv32imac/ilp32/libg_nano.a(lib_a-sbrkr.o)
                0x0000000000005dd2                _sbrk_r
 .text.__sread  0x0000000000005e04       0x30 /home/flinux/Downloads/MounRiver_Studio_Community_Linux_x64_V170/MRS_Community/toolchain/RISC-V_Embedded_GCC/bin/../lib/gcc/riscv-none-embed/8.2.0/../../../../riscv-none-embed/lib/rv32imac/ilp32/libg_nano.a(lib_a-stdio.o)
                0x0000000000005e04                __sread
 .text.__swrite
                0x0000000000005e34       0x4e /home/flinux/Downloads/MounRiver_Studio_Community_Linux_x64_V170/MRS_Community/toolchain/RISC-V_Embedded_GCC/bin/../lib/gcc/riscv-none-embed/8.2.0/../../../../riscv-none-embed/lib/rv32imac/ilp32/libg_nano.a(lib_a-stdio.o)
                0x0000000000005e34                __swrite
 .text.__sseek  0x0000000000005e82       0x36 /home/flinux/Downloads/MounRiver_Studio_Community_Linux_x64_V170/MRS_Community/toolchain/RISC-V_Embedded_GCC/bin/../lib/gcc/riscv-none-embed/8.2.0/../../../../riscv-none-embed/lib/rv32imac/ilp32/libg_nano.a(lib_a-stdio.o)
                0x0000000000005e82                __sseek
 .text.__sclose
                0x0000000000005eb8        0x6 /home/flinux/Downloads/MounRiver_Studio_Community_Linux_x64_V170/MRS_Community/toolchain/RISC-V_Embedded_GCC/bin/../lib/gcc/riscv-none-embed/8.2.0/../../../../riscv-none-embed/lib/rv32imac/ilp32/libg_nano.a(lib_a-stdio.o)
                0x0000000000005eb8                __sclose
 .text._write_r
                0x0000000000005ebe       0x36 /home/flinux/Downloads/MounRiver_Studio_Community_Linux_x64_V170/MRS_Community/toolchain/RISC-V_Embedded_GCC/bin/../lib/gcc/riscv-none-embed/8.2.0/../../../../riscv-none-embed/lib/rv32imac/ilp32/libg_nano.a(lib_a-writer.o)
                0x0000000000005ebe                _write_r
 .text._close_r
                0x0000000000005ef4       0x30 /home/flinux/Downloads/MounRiver_Studio_Community_Linux_x64_V170/MRS_Community/toolchain/RISC-V_Embedded_GCC/bin/../lib/gcc/riscv-none-embed/8.2.0/../../../../riscv-none-embed/lib/rv32imac/ilp32/libg_nano.a(lib_a-closer.o)
                0x0000000000005ef4                _close_r
 .text._fstat_r
                0x0000000000005f24       0x32 /home/flinux/Downloads/MounRiver_Studio_Community_Linux_x64_V170/MRS_Community/toolchain/RISC-V_Embedded_GCC/bin/../lib/gcc/riscv-none-embed/8.2.0/../../../../riscv-none-embed/lib/rv32imac/ilp32/libg_nano.a(lib_a-fstatr.o)
                0x0000000000005f24                _fstat_r
 .text._isatty_r
                0x0000000000005f56       0x30 /home/flinux/Downloads/MounRiver_Studio_Community_Linux_x64_V170/MRS_Community/toolchain/RISC-V_Embedded_GCC/bin/../lib/gcc/riscv-none-embed/8.2.0/../../../../riscv-none-embed/lib/rv32imac/ilp32/libg_nano.a(lib_a-isattyr.o)
                0x0000000000005f56                _isatty_r
 .text._lseek_r
                0x0000000000005f86       0x34 /home/flinux/Downloads/MounRiver_Studio_Community_Linux_x64_V170/MRS_Community/toolchain/RISC-V_Embedded_GCC/bin/../lib/gcc/riscv-none-embed/8.2.0/../../../../riscv-none-embed/lib/rv32imac/ilp32/libg_nano.a(lib_a-lseekr.o)
                0x0000000000005f86                _lseek_r
 .text.__malloc_lock
                0x0000000000005fba        0x2 /home/flinux/Downloads/MounRiver_Studio_Community_Linux_x64_V170/MRS_Community/toolchain/RISC-V_Embedded_GCC/bin/../lib/gcc/riscv-none-embed/8.2.0/../../../../riscv-none-embed/lib/rv32imac/ilp32/libg_nano.a(lib_a-mlock.o)
                0x0000000000005fba                __malloc_lock
 .text.__malloc_unlock
                0x0000000000005fbc        0x2 /home/flinux/Downloads/MounRiver_Studio_Community_Linux_x64_V170/MRS_Community/toolchain/RISC-V_Embedded_GCC/bin/../lib/gcc/riscv-none-embed/8.2.0/../../../../riscv-none-embed/lib/rv32imac/ilp32/libg_nano.a(lib_a-mlock.o)
                0x0000000000005fbc                __malloc_unlock
 .text._read_r  0x0000000000005fbe       0x34 /home/flinux/Downloads/MounRiver_Studio_Community_Linux_x64_V170/MRS_Community/toolchain/RISC-V_Embedded_GCC/bin/../lib/gcc/riscv-none-embed/8.2.0/../../../../riscv-none-embed/lib/rv32imac/ilp32/libg_nano.a(lib_a-readr.o)
                0x0000000000005fbe                _read_r
 .text._close   0x0000000000005ff2       0x10 /home/flinux/Downloads/MounRiver_Studio_Community_Linux_x64_V170/MRS_Community/toolchain/RISC-V_Embedded_GCC/bin/../lib/gcc/riscv-none-embed/8.2.0/../../../../riscv-none-embed/lib/rv32imac/ilp32/libnosys.a(close.o)
                0x0000000000005ff2                _close
 .text._fstat   0x0000000000006002       0x10 /home/flinux/Downloads/MounRiver_Studio_Community_Linux_x64_V170/MRS_Community/toolchain/RISC-V_Embedded_GCC/bin/../lib/gcc/riscv-none-embed/8.2.0/../../../../riscv-none-embed/lib/rv32imac/ilp32/libnosys.a(fstat.o)
                0x0000000000006002                _fstat
 .text._isatty  0x0000000000006012       0x10 /home/flinux/Downloads/MounRiver_Studio_Community_Linux_x64_V170/MRS_Community/toolchain/RISC-V_Embedded_GCC/bin/../lib/gcc/riscv-none-embed/8.2.0/../../../../riscv-none-embed/lib/rv32imac/ilp32/libnosys.a(isatty.o)
                0x0000000000006012                _isatty
 .text._lseek   0x0000000000006022       0x10 /home/flinux/Downloads/MounRiver_Studio_Community_Linux_x64_V170/MRS_Community/toolchain/RISC-V_Embedded_GCC/bin/../lib/gcc/riscv-none-embed/8.2.0/../../../../riscv-none-embed/lib/rv32imac/ilp32/libnosys.a(lseek.o)
                0x0000000000006022                _lseek
 .text._read    0x0000000000006032       0x10 /home/flinux/Downloads/MounRiver_Studio_Community_Linux_x64_V170/MRS_Community/toolchain/RISC-V_Embedded_GCC/bin/../lib/gcc/riscv-none-embed/8.2.0/../../../../riscv-none-embed/lib/rv32imac/ilp32/libnosys.a(read.o)
                0x0000000000006032                _read
 *(.rodata)
 *(.rodata*)
 *fill*         0x0000000000006042        0x2 
 .rodata.USBHD_IRQHandler
                0x0000000000006044       0x30 ./User/ch32v20x_usbfs_device.o
 .rodata.main.str1.4
                0x0000000000006074       0x27 ./User/main.o
 *fill*         0x000000000000609b        0x1 
 .rodata.MyCfgDescr
                0x000000000000609c       0x3c ./User/usb_desc.o
                0x000000000000609c                MyCfgDescr
 .rodata.MyDevDescr
                0x00000000000060d8       0x12 ./User/usb_desc.o
                0x00000000000060d8                MyDevDescr
 *fill*         0x00000000000060ea        0x2 
 .rodata.MyManuInfo
                0x00000000000060ec        0xe ./User/usb_desc.o
                0x00000000000060ec                MyManuInfo
 *fill*         0x00000000000060fa        0x2 
 .rodata.MyProdInfo
                0x00000000000060fc       0x12 ./User/usb_desc.o
                0x00000000000060fc                MyProdInfo
 *fill*         0x000000000000610e        0x2 
 .rodata.MySerNumInfo
                0x0000000000006110       0x16 ./User/usb_desc.o
                0x0000000000006110                MySerNumInfo
 *fill*         0x0000000000006126        0x2 
 .rodata.Enter_LowPowerMode.str1.4
                0x0000000000006128       0x1a ./Device/USBLIB/CONFIG/hw_config.o
 *fill*         0x0000000000006142        0x2 
 .rodata.Leave_LowPowerMode.str1.4
                0x0000000000006144       0x1a ./Device/USBLIB/CONFIG/hw_config.o
 *fill*         0x000000000000615e        0x2 
 .rodata.Resume
                0x0000000000006160       0x18 ./Device/USBLIB/CONFIG/usb_pwr.o
 .rodata.__sf_fake_stderr
                0x0000000000006178       0x20 /home/flinux/Downloads/MounRiver_Studio_Community_Linux_x64_V170/MRS_Community/toolchain/RISC-V_Embedded_GCC/bin/../lib/gcc/riscv-none-embed/8.2.0/../../../../riscv-none-embed/lib/rv32imac/ilp32/libg_nano.a(lib_a-findfp.o)
                0x0000000000006178                __sf_fake_stderr
 .rodata.__sf_fake_stdin
                0x0000000000006198       0x20 /home/flinux/Downloads/MounRiver_Studio_Community_Linux_x64_V170/MRS_Community/toolchain/RISC-V_Embedded_GCC/bin/../lib/gcc/riscv-none-embed/8.2.0/../../../../riscv-none-embed/lib/rv32imac/ilp32/libg_nano.a(lib_a-findfp.o)
                0x0000000000006198                __sf_fake_stdin
 .rodata.__sf_fake_stdout
                0x00000000000061b8       0x20 /home/flinux/Downloads/MounRiver_Studio_Community_Linux_x64_V170/MRS_Community/toolchain/RISC-V_Embedded_GCC/bin/../lib/gcc/riscv-none-embed/8.2.0/../../../../riscv-none-embed/lib/rv32imac/ilp32/libg_nano.a(lib_a-findfp.o)
                0x00000000000061b8                __sf_fake_stdout
 .rodata._vfprintf_r.str1.4
                0x00000000000061d8       0x13 /home/flinux/Downloads/MounRiver_Studio_Community_Linux_x64_V170/MRS_Community/toolchain/RISC-V_Embedded_GCC/bin/../lib/gcc/riscv-none-embed/8.2.0/../../../../riscv-none-embed/lib/rv32imac/ilp32/libg_nano.a(lib_a-nano-vfprintf.o)
 *fill*         0x00000000000061eb        0x1 
 .rodata._printf_i.str1.4
                0x00000000000061ec       0x28 /home/flinux/Downloads/MounRiver_Studio_Community_Linux_x64_V170/MRS_Community/toolchain/RISC-V_Embedded_GCC/bin/../lib/gcc/riscv-none-embed/8.2.0/../../../../riscv-none-embed/lib/rv32imac/ilp32/libg_nano.a(lib_a-nano-vfprintf_i.o)
                                         0x25 (size before relaxing)
 *(.gnu.linkonce.t.*)
                0x0000000000006214                . = ALIGN (0x4)

.rela.dyn       0x0000000000006214        0x0
 .rela.init     0x0000000000006214        0x0 ./User/ch32v20x_it.o
 .rela.vector   0x0000000000006214        0x0 ./User/ch32v20x_it.o
 .rela.text.handle_reset
                0x0000000000006214        0x0 ./User/ch32v20x_it.o
 .rela.text._sbrk
                0x0000000000006214        0x0 ./User/ch32v20x_it.o
 .rela.sdata.curbrk.4583
                0x0000000000006214        0x0 ./User/ch32v20x_it.o
 .rela.text._vfprintf_r
                0x0000000000006214        0x0 ./User/ch32v20x_it.o
 .rela.text._sbrk_r
                0x0000000000006214        0x0 ./User/ch32v20x_it.o
 .rela.text._write_r
                0x0000000000006214        0x0 ./User/ch32v20x_it.o
 .rela.text._close_r
                0x0000000000006214        0x0 ./User/ch32v20x_it.o
 .rela.text._fstat_r
                0x0000000000006214        0x0 ./User/ch32v20x_it.o
 .rela.text._isatty_r
                0x0000000000006214        0x0 ./User/ch32v20x_it.o
 .rela.text._lseek_r
                0x0000000000006214        0x0 ./User/ch32v20x_it.o
 .rela.text._read_r
                0x0000000000006214        0x0 ./User/ch32v20x_it.o
 .rela.text._close
                0x0000000000006214        0x0 ./User/ch32v20x_it.o
 .rela.text._fstat
                0x0000000000006214        0x0 ./User/ch32v20x_it.o
 .rela.text._isatty
                0x0000000000006214        0x0 ./User/ch32v20x_it.o
 .rela.text._lseek
                0x0000000000006214        0x0 ./User/ch32v20x_it.o
 .rela.text._read
                0x0000000000006214        0x0 ./User/ch32v20x_it.o

.fini           0x0000000000006214        0x0
 *(SORT_NONE(.fini))
                0x0000000000006214                . = ALIGN (0x4)
                [!provide]                        PROVIDE (_etext = .)
                [!provide]                        PROVIDE (_eitcm = .)

.preinit_array  0x0000000000006214        0x0
                [!provide]                        PROVIDE (__preinit_array_start = .)
 *(.preinit_array)
                [!provide]                        PROVIDE (__preinit_array_end = .)

.init_array     0x0000000000006214        0x0
                [!provide]                        PROVIDE (__init_array_start = .)
 *(SORT_BY_INIT_PRIORITY(.init_array.*) SORT_BY_INIT_PRIORITY(.ctors.*))
 *(.init_array EXCLUDE_FILE(*crtend?.o *crtend.o *crtbegin?.o *crtbegin.o) .ctors)
                [!provide]                        PROVIDE (__init_array_end = .)

.fini_array     0x0000000000006214        0x0
                [!provide]                        PROVIDE (__fini_array_start = .)
 *(SORT_BY_INIT_PRIORITY(.fini_array.*) SORT_BY_INIT_PRIORITY(.dtors.*))
 *(.fini_array EXCLUDE_FILE(*crtend?.o *crtend.o *crtbegin?.o *crtbegin.o) .dtors)
                [!provide]                        PROVIDE (__fini_array_end = .)

.ctors
 *crtbegin.o(.ctors)
 *crtbegin?.o(.ctors)
 *(EXCLUDE_FILE(*crtend?.o *crtend.o) .ctors)
 *(SORT_BY_NAME(.ctors.*))
 *(.ctors)

.dtors
 *crtbegin.o(.dtors)
 *crtbegin?.o(.dtors)
 *(EXCLUDE_FILE(*crtend?.o *crtend.o) .dtors)
 *(SORT_BY_NAME(.dtors.*))
 *(.dtors)

.dalign         0x0000000020000000        0x0 load address 0x0000000000006214
                0x0000000020000000                . = ALIGN (0x4)
                0x0000000020000000                PROVIDE (_data_vma = .)

.dlalign        0x0000000000006214        0x0
                0x0000000000006214                . = ALIGN (0x4)
                0x0000000000006214                PROVIDE (_data_lma = .)

.data           0x0000000020000000      0x290 load address 0x0000000000006214
 *(.gnu.linkonce.r.*)
 *(.data .data.*)
 .data.Hid_Descriptor
                0x0000000020000000       0x10 ./USB_Host/app_km.o
                0x0000000020000000                Hid_Descriptor
 .data.Report_Descriptor
                0x0000000020000010       0x10 ./USB_Host/app_km.o
                0x0000000020000010                Report_Descriptor
 .data.APBAHBPrescTable
                0x0000000020000020       0x10 ./Peripheral/src/ch32v20x_rcc.o
 .data.USBD_ConfigDescriptor_KB
                0x0000000020000030       0x22 ./Device/USBLIB/CONFIG/usb_desc.o
                0x0000000020000030                USBD_ConfigDescriptor_KB
 *fill*         0x0000000020000052        0x2 
 .data.USBD_ConfigDescriptor_MS
                0x0000000020000054       0x22 ./Device/USBLIB/CONFIG/usb_desc.o
                0x0000000020000054                USBD_ConfigDescriptor_MS
 *fill*         0x0000000020000076        0x2 
 .data.USBD_DeviceDescriptor
                0x0000000020000078       0x12 ./Device/USBLIB/CONFIG/usb_desc.o
                0x0000000020000078                USBD_DeviceDescriptor
 *fill*         0x000000002000008a        0x2 
 .data.USBD_KeyRepDesc
                0x000000002000008c       0x3e ./Device/USBLIB/CONFIG/usb_desc.o
                0x000000002000008c                USBD_KeyRepDesc
 *fill*         0x00000000200000ca        0x2 
 .data.USBD_MouseRepDesc
                0x00000000200000cc       0x34 ./Device/USBLIB/CONFIG/usb_desc.o
                0x00000000200000cc                USBD_MouseRepDesc
 .data.pEpInt_IN
                0x0000000020000100       0x1c ./Device/USBLIB/CONFIG/usb_istr.o
                0x0000000020000100                pEpInt_IN
 .data.pEpInt_OUT
                0x000000002000011c       0x1c ./Device/USBLIB/CONFIG/usb_istr.o
                0x000000002000011c                pEpInt_OUT
 .data.Device_Property
                0x0000000020000138       0x30 ./Device/USBLIB/CONFIG/usb_prop.o
                0x0000000020000138                Device_Property
 .data.User_Standard_Requests
                0x0000000020000168       0x24 ./Device/USBLIB/CONFIG/usb_prop.o
                0x0000000020000168                User_Standard_Requests
 .data.impure_data
                0x000000002000018c       0x60 /home/flinux/Downloads/MounRiver_Studio_Community_Linux_x64_V170/MRS_Community/toolchain/RISC-V_Embedded_GCC/bin/../lib/gcc/riscv-none-embed/8.2.0/../../../../riscv-none-embed/lib/rv32imac/ilp32/libg_nano.a(lib_a-impure.o)
 *(.gnu.linkonce.d.*)
                0x00000000200001f0                . = ALIGN (0x8)
 *fill*         0x00000000200001ec        0x4 
                0x00000000200009f0                PROVIDE (__global_pointer$ = (. + 0x800))
 *(.sdata .sdata.*)
 .sdata.SystemCoreClock
                0x00000000200001f0        0x4 ./User/system_ch32v20x.o
                0x00000000200001f0                SystemCoreClock
 .sdata.Config_Descriptor_KB
                0x00000000200001f4        0x8 ./USB_Host/app_km.o
                0x00000000200001f4                Config_Descriptor_KB
 .sdata.Config_Descriptor_MS
                0x00000000200001fc        0x8 ./USB_Host/app_km.o
                0x00000000200001fc                Config_Descriptor_MS
 .sdata.Device_Descriptor
                0x0000000020000204        0x8 ./USB_Host/app_km.o
                0x0000000020000204                Device_Descriptor
 .sdata.new_descripter
                0x000000002000020c        0x1 ./USB_Host/app_km.o
                0x000000002000020c                new_descripter
 *fill*         0x000000002000020d        0x3 
 .sdata.ADCPrescTable
                0x0000000020000210        0x4 ./Peripheral/src/ch32v20x_rcc.o
 .sdata.Device_Table
                0x0000000020000214        0x2 ./Device/USBLIB/CONFIG/usb_prop.o
                0x0000000020000214                Device_Table
 *fill*         0x0000000020000216        0x2 
 .sdata.fSuspendEnabled
                0x0000000020000218        0x4 ./Device/USBLIB/CONFIG/usb_pwr.o
                0x0000000020000218                fSuspendEnabled
 .sdata.curbrk.4583
                0x000000002000021c        0x4 ./Debug/debug.o
 .sdata._impure_ptr
                0x0000000020000220        0x4 /home/flinux/Downloads/MounRiver_Studio_Community_Linux_x64_V170/MRS_Community/toolchain/RISC-V_Embedded_GCC/bin/../lib/gcc/riscv-none-embed/8.2.0/../../../../riscv-none-embed/lib/rv32imac/ilp32/libg_nano.a(lib_a-impure.o)
                0x0000000020000220                _impure_ptr
 *(.sdata2.*)
 .sdata2.MyLangDescr
                0x0000000020000224        0x4 ./User/usb_desc.o
                0x0000000020000224                MyLangDescr
 .sdata2.SetupClearEndpStall
                0x0000000020000228        0x8 ./USB_Host/ch32v20x_usbfs_host.o
 .sdata2.SetupGetCfgDesc
                0x0000000020000230        0x8 ./USB_Host/ch32v20x_usbfs_host.o
 .sdata2.SetupGetDevDesc
                0x0000000020000238        0x8 ./USB_Host/ch32v20x_usbfs_host.o
 .sdata2.SetupGetStrDesc
                0x0000000020000240        0x8 ./USB_Host/ch32v20x_usbfs_host.o
 .sdata2.SetupSetAddr
                0x0000000020000248        0x8 ./USB_Host/ch32v20x_usbfs_host.o
 .sdata2.SetupSetConfig
                0x0000000020000250        0x8 ./USB_Host/ch32v20x_usbfs_host.o
 .sdata2.SetupGetHidDes
                0x0000000020000258        0x8 ./USB_Host/usb_host_hid.o
 .sdata2.SetupSetReport
                0x0000000020000260        0x8 ./USB_Host/usb_host_hid.o
 .sdata2.ClearPortFeature
                0x0000000020000268        0x8 ./USB_Host/usb_host_hub.o
 .sdata2.GetHubDescr
                0x0000000020000270        0x8 ./USB_Host/usb_host_hub.o
 .sdata2.GetPortStatus
                0x0000000020000278        0x8 ./USB_Host/usb_host_hub.o
 .sdata2.SetPortFeature
                0x0000000020000280        0x8 ./USB_Host/usb_host_hub.o
 .sdata2._global_impure_ptr
                0x0000000020000288        0x4 /home/flinux/Downloads/MounRiver_Studio_Community_Linux_x64_V170/MRS_Community/toolchain/RISC-V_Embedded_GCC/bin/../lib/gcc/riscv-none-embed/8.2.0/../../../../riscv-none-embed/lib/rv32imac/ilp32/libg_nano.a(lib_a-impure.o)
                0x0000000020000288                _global_impure_ptr
 *(.gnu.linkonce.s.*)
                0x0000000020000290                . = ALIGN (0x8)
 *fill*         0x000000002000028c        0x4 
 *(.srodata.cst16)
 *(.srodata.cst8)
 *(.srodata.cst4)
 *(.srodata.cst2)
 *(.srodata .srodata.*)
                0x0000000020000290                . = ALIGN (0x4)
                0x0000000020000290                PROVIDE (_edata = .)

.bss            0x0000000020000290     0x1128 load address 0x00000000000064a4
                0x0000000020000290                . = ALIGN (0x4)
                0x0000000020000290                PROVIDE (_sbss = .)
 *(.sbss*)
 .sbss.USBFS_DevAddr
                0x0000000020000290        0x1 ./User/ch32v20x_usbfs_device.o
                0x0000000020000290                USBFS_DevAddr
 .sbss.USBFS_DevConfig
                0x0000000020000291        0x1 ./User/ch32v20x_usbfs_device.o
                0x0000000020000291                USBFS_DevConfig
 .sbss.USBFS_DevEnumStatus
                0x0000000020000292        0x1 ./User/ch32v20x_usbfs_device.o
                0x0000000020000292                USBFS_DevEnumStatus
 .sbss.USBFS_DevSleepStatus
                0x0000000020000293        0x1 ./User/ch32v20x_usbfs_device.o
                0x0000000020000293                USBFS_DevSleepStatus
 .sbss.USBFS_Endp_Busy
                0x0000000020000294        0x8 ./User/ch32v20x_usbfs_device.o
                0x0000000020000294                USBFS_Endp_Busy
 .sbss.USBFS_SetupReqCode
                0x000000002000029c        0x1 ./User/ch32v20x_usbfs_device.o
                0x000000002000029c                USBFS_SetupReqCode
 *fill*         0x000000002000029d        0x1 
 .sbss.USBFS_SetupReqIndex
                0x000000002000029e        0x2 ./User/ch32v20x_usbfs_device.o
                0x000000002000029e                USBFS_SetupReqIndex
 .sbss.USBFS_SetupReqLen
                0x00000000200002a0        0x2 ./User/ch32v20x_usbfs_device.o
                0x00000000200002a0                USBFS_SetupReqLen
 .sbss.USBFS_SetupReqType
                0x00000000200002a2        0x1 ./User/ch32v20x_usbfs_device.o
                0x00000000200002a2                USBFS_SetupReqType
 *fill*         0x00000000200002a3        0x1 
 .sbss.USBFS_SetupReqValue
                0x00000000200002a4        0x2 ./User/ch32v20x_usbfs_device.o
                0x00000000200002a4                USBFS_SetupReqValue
 *fill*         0x00000000200002a6        0x2 
 .sbss.pUSBFS_Descr
                0x00000000200002a8        0x4 ./User/ch32v20x_usbfs_device.o
                0x00000000200002a8                pUSBFS_Descr
 .sbss.KB_Data_Buffer
                0x00000000200002ac        0x8 ./USB_Host/app_km.o
                0x00000000200002ac                KB_Data_Buffer
 .sbss.KB_Data_Buffer_Full
                0x00000000200002b4        0x1 ./USB_Host/app_km.o
                0x00000000200002b4                KB_Data_Buffer_Full
 *fill*         0x00000000200002b5        0x3 
 .sbss.KB_Data_Pack
                0x00000000200002b8        0x8 ./USB_Host/app_km.o
                0x00000000200002b8                KB_Data_Pack
 .sbss.KB_Data_Pack_Full
                0x00000000200002c0        0x1 ./USB_Host/app_km.o
                0x00000000200002c0                KB_Data_Pack_Full
 .sbss.KB_Data_State
                0x00000000200002c1        0x1 ./USB_Host/app_km.o
                0x00000000200002c1                KB_Data_State
 .sbss.MCU_Version
                0x00000000200002c2        0x1 ./Peripheral/src/ch32v20x_gpio.o
                0x00000000200002c2                MCU_Version
 *fill*         0x00000000200002c3        0x1 
 .sbss.NVIC_Priority_Group
                0x00000000200002c4        0x4 ./Peripheral/src/ch32v20x_misc.o
                0x00000000200002c4                NVIC_Priority_Group
 .sbss.Data_Mul_MaxPacketSize
                0x00000000200002c8        0x4 ./Device/USBLIB/USB-Driver/src/usb_core.o
                0x00000000200002c8                Data_Mul_MaxPacketSize
 .sbss.StatusInfo
                0x00000000200002cc        0x2 ./Device/USBLIB/USB-Driver/src/usb_core.o
                0x00000000200002cc                StatusInfo
 .sbss.EPindex  0x00000000200002ce        0x1 ./Device/USBLIB/USB-Driver/src/usb_init.o
                0x00000000200002ce                EPindex
 *fill*         0x00000000200002cf        0x1 
 .sbss.pInformation
                0x00000000200002d0        0x4 ./Device/USBLIB/USB-Driver/src/usb_init.o
                0x00000000200002d0                pInformation
 .sbss.pProperty
                0x00000000200002d4        0x4 ./Device/USBLIB/USB-Driver/src/usb_init.o
                0x00000000200002d4                pProperty
 .sbss.pUser_Standard_Requests
                0x00000000200002d8        0x4 ./Device/USBLIB/USB-Driver/src/usb_init.o
                0x00000000200002d8                pUser_Standard_Requests
 .sbss.wInterrupt_Mask
                0x00000000200002dc        0x2 ./Device/USBLIB/USB-Driver/src/usb_init.o
                0x00000000200002dc                wInterrupt_Mask
 .sbss.SaveRState
                0x00000000200002de        0x2 ./Device/USBLIB/USB-Driver/src/usb_int.o
                0x00000000200002de                SaveRState
 .sbss.SaveTState
                0x00000000200002e0        0x2 ./Device/USBLIB/USB-Driver/src/usb_int.o
                0x00000000200002e0                SaveTState
 .sbss.USBD_Endp1_Busy
                0x00000000200002e2        0x1 ./Device/USBLIB/CONFIG/usb_endp.o
                0x00000000200002e2                USBD_Endp1_Busy
 .sbss.USBD_Endp2_Busy
                0x00000000200002e3        0x1 ./Device/USBLIB/CONFIG/usb_endp.o
                0x00000000200002e3                USBD_Endp2_Busy
 .sbss.Ep0RxBlks
                0x00000000200002e4        0x2 ./Device/USBLIB/CONFIG/usb_istr.o
                0x00000000200002e4                Ep0RxBlks
 .sbss.bIntPackSOF
                0x00000000200002e6        0x1 ./Device/USBLIB/CONFIG/usb_istr.o
                0x00000000200002e6                bIntPackSOF
 *fill*         0x00000000200002e7        0x1 
 .sbss.esof_counter
                0x00000000200002e8        0x4 ./Device/USBLIB/CONFIG/usb_istr.o
                0x00000000200002e8                esof_counter
 .sbss.wCNTR    0x00000000200002ec        0x4 ./Device/USBLIB/CONFIG/usb_istr.o
                0x00000000200002ec                wCNTR
 .sbss.wIstr    0x00000000200002f0        0x2 ./Device/USBLIB/CONFIG/usb_istr.o
                0x00000000200002f0                wIstr
 *fill*         0x00000000200002f2        0x2 
 .sbss.HID_Idle_Value
                0x00000000200002f4        0x2 ./Device/USBLIB/CONFIG/usb_prop.o
                0x00000000200002f4                HID_Idle_Value
 *fill*         0x00000000200002f6        0x2 
 .sbss.HID_Protocol_Value
                0x00000000200002f8        0x2 ./Device/USBLIB/CONFIG/usb_prop.o
                0x00000000200002f8                HID_Protocol_Value
 .sbss.USBD_Sleep_Status
                0x00000000200002fa        0x1 ./Device/USBLIB/CONFIG/usb_prop.o
                0x00000000200002fa                USBD_Sleep_Status
 *fill*         0x00000000200002fb        0x1 
 .sbss.ResumeS  0x00000000200002fc        0x8 ./Device/USBLIB/CONFIG/usb_pwr.o
                0x00000000200002fc                ResumeS
 .sbss.bDeviceState
                0x0000000020000304        0x4 ./Device/USBLIB/CONFIG/usb_pwr.o
                0x0000000020000304                bDeviceState
 .sbss.remotewakeupon
                0x0000000020000308        0x4 ./Device/USBLIB/CONFIG/usb_pwr.o
                0x0000000020000308                remotewakeupon
 .sbss.KB_LED_Cur_Status
                0x000000002000030c        0x1 ./Device/usbd_composite_km.o
                0x000000002000030c                KB_LED_Cur_Status
 .sbss.USART_Recv_Dat
                0x000000002000030d        0x1 ./Device/usbd_composite_km.o
                0x000000002000030d                USART_Recv_Dat
 .sbss.p_ms     0x000000002000030e        0x2 ./Debug/debug.o
 .sbss.p_us     0x0000000020000310        0x1 ./Debug/debug.o
 *fill*         0x0000000020000311        0x3 
 .sbss.__malloc_free_list
                0x0000000020000314        0x4 /home/flinux/Downloads/MounRiver_Studio_Community_Linux_x64_V170/MRS_Community/toolchain/RISC-V_Embedded_GCC/bin/../lib/gcc/riscv-none-embed/8.2.0/../../../../riscv-none-embed/lib/rv32imac/ilp32/libg_nano.a(lib_a-nano-mallocr.o)
                0x0000000020000314                __malloc_free_list
 .sbss.__malloc_sbrk_start
                0x0000000020000318        0x4 /home/flinux/Downloads/MounRiver_Studio_Community_Linux_x64_V170/MRS_Community/toolchain/RISC-V_Embedded_GCC/bin/../lib/gcc/riscv-none-embed/8.2.0/../../../../riscv-none-embed/lib/rv32imac/ilp32/libg_nano.a(lib_a-nano-mallocr.o)
                0x0000000020000318                __malloc_sbrk_start
 *(.gnu.linkonce.sb.*)
 *(.bss*)
 .bss.Data_Buffer
                0x000000002000031c      0x400 ./User/ch32v20x_usbfs_device.o
                0x000000002000031c                Data_Buffer
 .bss.RingBuffer_Comm
                0x000000002000071c       0x14 ./User/ch32v20x_usbfs_device.o
                0x000000002000071c                RingBuffer_Comm
 .bss.USBFS_EP0_Buf
                0x0000000020000730       0x40 ./User/ch32v20x_usbfs_device.o
                0x0000000020000730                USBFS_EP0_Buf
 .bss.USBFS_EP3_Buf
                0x0000000020000770       0x80 ./User/ch32v20x_usbfs_device.o
                0x0000000020000770                USBFS_EP3_Buf
 .bss.USBFS_EP4_Buf
                0x00000000200007f0       0x80 ./User/ch32v20x_usbfs_device.o
                0x00000000200007f0                USBFS_EP4_Buf
 .bss.USBFS_EP5_Buf
                0x0000000020000870       0x80 ./User/ch32v20x_usbfs_device.o
                0x0000000020000870                USBFS_EP5_Buf
 .bss.USBFS_EP6_Buf
                0x00000000200008f0       0x80 ./User/ch32v20x_usbfs_device.o
                0x00000000200008f0                USBFS_EP6_Buf
 .bss.Com_Buf   0x0000000020000970      0x400 ./USB_Host/app_km.o
                0x0000000020000970                Com_Buf
 .bss.DevDesc_Buf
                0x0000000020000d70       0x12 ./USB_Host/app_km.o
                0x0000000020000d70                DevDesc_Buf
 *fill*         0x0000000020000d82        0x2 
 .bss.HostCtl   0x0000000020000d84      0x532 ./USB_Host/app_km.o
                0x0000000020000d84                HostCtl
 *fill*         0x00000000200012b6        0x2 
 .bss.RootHubDev
                0x00000000200012b8       0x1f ./USB_Host/app_km.o
                0x00000000200012b8                RootHubDev
 *fill*         0x00000000200012d7        0x1 
 .bss.String_Descriptor
                0x00000000200012d8       0x20 ./USB_Host/app_km.o
                0x00000000200012d8                String_Descriptor
 .bss.USBFS_RX_Buf
                0x00000000200012f8       0x40 ./USB_Host/ch32v20x_usbfs_host.o
                0x00000000200012f8                USBFS_RX_Buf
 .bss.USBFS_TX_Buf
                0x0000000020001338       0x40 ./USB_Host/ch32v20x_usbfs_host.o
                0x0000000020001338                USBFS_TX_Buf
 .bss.Device_Info
                0x0000000020001378       0x1c ./Device/USBLIB/USB-Driver/src/usb_init.o
                0x0000000020001378                Device_Info
 .bss.EP        0x0000000020001394       0x20 ./Device/USBLIB/CONFIG/usb_pwr.o
                0x0000000020001394                EP
 *(.gnu.linkonce.b.*)
 *(COMMON*)
 COMMON         0x00000000200013b4        0x4 /home/flinux/Downloads/MounRiver_Studio_Community_Linux_x64_V170/MRS_Community/toolchain/RISC-V_Embedded_GCC/bin/../lib/gcc/riscv-none-embed/8.2.0/../../../../riscv-none-embed/lib/rv32imac/ilp32/libg_nano.a(lib_a-reent.o)
                0x00000000200013b4                errno
                0x00000000200013b8                . = ALIGN (0x4)
                0x00000000200013b8                PROVIDE (_ebss = .)
                0x00000000200013b8                PROVIDE (_end = _ebss)
                [!provide]                        PROVIDE (end = .)

.stack          0x0000000020004800      0x800
                0x0000000020004800                PROVIDE (_heap_end = .)
                0x0000000020004800                . = ALIGN (0x4)
                [!provide]                        PROVIDE (_susrstack = .)
                0x0000000020005000                . = (. + __stack_size)
 *fill*         0x0000000020004800      0x800 
                0x0000000020005000                PROVIDE (_eusrstack = .)
OUTPUT(HOST_KM.elf elf32-littleriscv)

.debug_info     0x0000000000000000    0x235ac
 .debug_info    0x0000000000000000      0x962 ./User/ch32v20x_it.o
 .debug_info    0x0000000000000962     0x177e ./User/ch32v20x_usbfs_device.o
 .debug_info    0x00000000000020e0     0x1863 ./User/main.o
 .debug_info    0x0000000000003943      0xb89 ./User/system_ch32v20x.o
 .debug_info    0x00000000000044cc      0x9ff ./User/usb_desc.o
 .debug_info    0x0000000000004ecb     0x39f5 ./USB_Host/app_km.o
 .debug_info    0x00000000000088c0     0x1b7a ./USB_Host/ch32v20x_usbfs_host.o
 .debug_info    0x000000000000a43a      0xf8b ./USB_Host/usb_host_hid.o
 .debug_info    0x000000000000b3c5      0xff7 ./USB_Host/usb_host_hub.o
 .debug_info    0x000000000000c3bc       0x22 ./Startup/startup_ch32v20x_D6.o
 .debug_info    0x000000000000c3de      0xc0d ./Peripheral/src/ch32v20x_exti.o
 .debug_info    0x000000000000cfeb     0x10d9 ./Peripheral/src/ch32v20x_gpio.o
 .debug_info    0x000000000000e0c4      0xe7c ./Peripheral/src/ch32v20x_misc.o
 .debug_info    0x000000000000ef40     0x125c ./Peripheral/src/ch32v20x_rcc.o
 .debug_info    0x000000000001019c     0x29a2 ./Peripheral/src/ch32v20x_tim.o
 .debug_info    0x0000000000012b3e     0x13b4 ./Peripheral/src/ch32v20x_usart.o
 .debug_info    0x0000000000013ef2     0x17f6 ./Device/USBLIB/USB-Driver/src/usb_core.o
 .debug_info    0x00000000000156e8      0xdd9 ./Device/USBLIB/USB-Driver/src/usb_init.o
 .debug_info    0x00000000000164c1      0xee5 ./Device/USBLIB/USB-Driver/src/usb_int.o
 .debug_info    0x00000000000173a6      0xe75 ./Device/USBLIB/USB-Driver/src/usb_mem.o
 .debug_info    0x000000000001821b     0x1982 ./Device/USBLIB/USB-Driver/src/usb_regs.o
 .debug_info    0x0000000000019b9d      0xedf ./Device/USBLIB/USB-Driver/src/usb_sil.o
 .debug_info    0x000000000001aa7c     0x1473 ./Device/USBLIB/CONFIG/hw_config.o
 .debug_info    0x000000000001beef      0xe2b ./Device/USBLIB/CONFIG/usb_desc.o
 .debug_info    0x000000000001cd1a      0xf5e ./Device/USBLIB/CONFIG/usb_endp.o
 .debug_info    0x000000000001dc78      0xfdb ./Device/USBLIB/CONFIG/usb_istr.o
 .debug_info    0x000000000001ec53     0x16ae ./Device/USBLIB/CONFIG/usb_prop.o
 .debug_info    0x0000000000020301      0xfd5 ./Device/USBLIB/CONFIG/usb_pwr.o
 .debug_info    0x00000000000212d6     0x13bb ./Device/usbd_composite_km.o
 .debug_info    0x0000000000022691      0xf1b ./Debug/debug.o

.debug_abbrev   0x0000000000000000     0x5912
 .debug_abbrev  0x0000000000000000      0x1cf ./User/ch32v20x_it.o
 .debug_abbrev  0x00000000000001cf      0x374 ./User/ch32v20x_usbfs_device.o
 .debug_abbrev  0x0000000000000543      0x2fe ./User/main.o
 .debug_abbrev  0x0000000000000841      0x2c0 ./User/system_ch32v20x.o
 .debug_abbrev  0x0000000000000b01      0x1c5 ./User/usb_desc.o
 .debug_abbrev  0x0000000000000cc6      0x573 ./USB_Host/app_km.o
 .debug_abbrev  0x0000000000001239      0x47c ./USB_Host/ch32v20x_usbfs_host.o
 .debug_abbrev  0x00000000000016b5      0x251 ./USB_Host/usb_host_hid.o
 .debug_abbrev  0x0000000000001906      0x280 ./USB_Host/usb_host_hub.o
 .debug_abbrev  0x0000000000001b86       0x12 ./Startup/startup_ch32v20x_D6.o
 .debug_abbrev  0x0000000000001b98      0x2da ./Peripheral/src/ch32v20x_exti.o
 .debug_abbrev  0x0000000000001e72      0x33a ./Peripheral/src/ch32v20x_gpio.o
 .debug_abbrev  0x00000000000021ac      0x2fb ./Peripheral/src/ch32v20x_misc.o
 .debug_abbrev  0x00000000000024a7      0x351 ./Peripheral/src/ch32v20x_rcc.o
 .debug_abbrev  0x00000000000027f8      0x408 ./Peripheral/src/ch32v20x_tim.o
 .debug_abbrev  0x0000000000002c00      0x312 ./Peripheral/src/ch32v20x_usart.o
 .debug_abbrev  0x0000000000002f12      0x553 ./Device/USBLIB/USB-Driver/src/usb_core.o
 .debug_abbrev  0x0000000000003465      0x223 ./Device/USBLIB/USB-Driver/src/usb_init.o
 .debug_abbrev  0x0000000000003688      0x279 ./Device/USBLIB/USB-Driver/src/usb_int.o
 .debug_abbrev  0x0000000000003901      0x25a ./Device/USBLIB/USB-Driver/src/usb_mem.o
 .debug_abbrev  0x0000000000003b5b      0x3c3 ./Device/USBLIB/USB-Driver/src/usb_regs.o
 .debug_abbrev  0x0000000000003f1e      0x2a0 ./Device/USBLIB/USB-Driver/src/usb_sil.o
 .debug_abbrev  0x00000000000041be      0x2d8 ./Device/USBLIB/CONFIG/hw_config.o
 .debug_abbrev  0x0000000000004496      0x205 ./Device/USBLIB/CONFIG/usb_desc.o
 .debug_abbrev  0x000000000000469b      0x2d3 ./Device/USBLIB/CONFIG/usb_endp.o
 .debug_abbrev  0x000000000000496e      0x2af ./Device/USBLIB/CONFIG/usb_istr.o
 .debug_abbrev  0x0000000000004c1d      0x3f5 ./Device/USBLIB/CONFIG/usb_prop.o
 .debug_abbrev  0x0000000000005012      0x2fa ./Device/USBLIB/CONFIG/usb_pwr.o
 .debug_abbrev  0x000000000000530c      0x320 ./Device/usbd_composite_km.o
 .debug_abbrev  0x000000000000562c      0x2e6 ./Debug/debug.o

.debug_aranges  0x0000000000000000      0xdf0
 .debug_aranges
                0x0000000000000000       0x28 ./User/ch32v20x_it.o
 .debug_aranges
                0x0000000000000028       0x40 ./User/ch32v20x_usbfs_device.o
 .debug_aranges
                0x0000000000000068       0x28 ./User/main.o
 .debug_aranges
                0x0000000000000090       0x28 ./User/system_ch32v20x.o
 .debug_aranges
                0x00000000000000b8       0x18 ./User/usb_desc.o
 .debug_aranges
                0x00000000000000d0       0xb8 ./USB_Host/app_km.o
 .debug_aranges
                0x0000000000000188       0xb8 ./USB_Host/ch32v20x_usbfs_host.o
 .debug_aranges
                0x0000000000000240       0x30 ./USB_Host/usb_host_hid.o
 .debug_aranges
                0x0000000000000270       0x38 ./USB_Host/usb_host_hub.o
 .debug_aranges
                0x00000000000002a8       0x30 ./Startup/startup_ch32v20x_D6.o
 .debug_aranges
                0x00000000000002d8       0x50 ./Peripheral/src/ch32v20x_exti.o
 .debug_aranges
                0x0000000000000328       0xa8 ./Peripheral/src/ch32v20x_gpio.o
 .debug_aranges
                0x00000000000003d0       0x28 ./Peripheral/src/ch32v20x_misc.o
 .debug_aranges
                0x00000000000003f8      0x128 ./Peripheral/src/ch32v20x_rcc.o
 .debug_aranges
                0x0000000000000520      0x2d0 ./Peripheral/src/ch32v20x_tim.o
 .debug_aranges
                0x00000000000007f0      0x100 ./Peripheral/src/ch32v20x_usart.o
 .debug_aranges
                0x00000000000008f0       0x98 ./Device/USBLIB/USB-Driver/src/usb_core.o
 .debug_aranges
                0x0000000000000988       0x20 ./Device/USBLIB/USB-Driver/src/usb_init.o
 .debug_aranges
                0x00000000000009a8       0x28 ./Device/USBLIB/USB-Driver/src/usb_int.o
 .debug_aranges
                0x00000000000009d0       0x28 ./Device/USBLIB/USB-Driver/src/usb_mem.o
 .debug_aranges
                0x00000000000009f8      0x1a0 ./Device/USBLIB/USB-Driver/src/usb_regs.o
 .debug_aranges
                0x0000000000000b98       0x30 ./Device/USBLIB/USB-Driver/src/usb_sil.o
 .debug_aranges
                0x0000000000000bc8       0x60 ./Device/USBLIB/CONFIG/hw_config.o
 .debug_aranges
                0x0000000000000c28       0x18 ./Device/USBLIB/CONFIG/usb_desc.o
 .debug_aranges
                0x0000000000000c40       0x30 ./Device/USBLIB/CONFIG/usb_endp.o
 .debug_aranges
                0x0000000000000c70       0x20 ./Device/USBLIB/CONFIG/usb_istr.o
 .debug_aranges
                0x0000000000000c90       0xa8 ./Device/USBLIB/CONFIG/usb_prop.o
 .debug_aranges
                0x0000000000000d38       0x40 ./Device/USBLIB/CONFIG/usb_pwr.o
 .debug_aranges
                0x0000000000000d78       0x30 ./Device/usbd_composite_km.o
 .debug_aranges
                0x0000000000000da8       0x48 ./Debug/debug.o

.debug_ranges   0x0000000000000000     0x1048
 .debug_ranges  0x0000000000000000       0x18 ./User/ch32v20x_it.o
 .debug_ranges  0x0000000000000018       0x48 ./User/ch32v20x_usbfs_device.o
 .debug_ranges  0x0000000000000060       0x18 ./User/main.o
 .debug_ranges  0x0000000000000078       0x38 ./User/system_ch32v20x.o
 .debug_ranges  0x00000000000000b0      0x1d0 ./USB_Host/app_km.o
 .debug_ranges  0x0000000000000280       0xc0 ./USB_Host/ch32v20x_usbfs_host.o
 .debug_ranges  0x0000000000000340       0x20 ./USB_Host/usb_host_hid.o
 .debug_ranges  0x0000000000000360       0x28 ./USB_Host/usb_host_hub.o
 .debug_ranges  0x0000000000000388       0x28 ./Startup/startup_ch32v20x_D6.o
 .debug_ranges  0x00000000000003b0       0x40 ./Peripheral/src/ch32v20x_exti.o
 .debug_ranges  0x00000000000003f0       0x98 ./Peripheral/src/ch32v20x_gpio.o
 .debug_ranges  0x0000000000000488       0x48 ./Peripheral/src/ch32v20x_misc.o
 .debug_ranges  0x00000000000004d0      0x118 ./Peripheral/src/ch32v20x_rcc.o
 .debug_ranges  0x00000000000005e8      0x2f0 ./Peripheral/src/ch32v20x_tim.o
 .debug_ranges  0x00000000000008d8       0xf0 ./Peripheral/src/ch32v20x_usart.o
 .debug_ranges  0x00000000000009c8      0x148 ./Device/USBLIB/USB-Driver/src/usb_core.o
 .debug_ranges  0x0000000000000b10       0x10 ./Device/USBLIB/USB-Driver/src/usb_init.o
 .debug_ranges  0x0000000000000b20       0x60 ./Device/USBLIB/USB-Driver/src/usb_int.o
 .debug_ranges  0x0000000000000b80       0x18 ./Device/USBLIB/USB-Driver/src/usb_mem.o
 .debug_ranges  0x0000000000000b98      0x2c8 ./Device/USBLIB/USB-Driver/src/usb_regs.o
 .debug_ranges  0x0000000000000e60       0x20 ./Device/USBLIB/USB-Driver/src/usb_sil.o
 .debug_ranges  0x0000000000000e80       0x50 ./Device/USBLIB/CONFIG/hw_config.o
 .debug_ranges  0x0000000000000ed0       0x20 ./Device/USBLIB/CONFIG/usb_endp.o
 .debug_ranges  0x0000000000000ef0       0x10 ./Device/USBLIB/CONFIG/usb_istr.o
 .debug_ranges  0x0000000000000f00       0xc0 ./Device/USBLIB/CONFIG/usb_prop.o
 .debug_ranges  0x0000000000000fc0       0x30 ./Device/USBLIB/CONFIG/usb_pwr.o
 .debug_ranges  0x0000000000000ff0       0x20 ./Device/usbd_composite_km.o
 .debug_ranges  0x0000000000001010       0x38 ./Debug/debug.o

.debug_line     0x0000000000000000    0x188b4
 .debug_line    0x0000000000000000      0x2dd ./User/ch32v20x_it.o
 .debug_line    0x00000000000002dd     0x1b58 ./User/ch32v20x_usbfs_device.o
 .debug_line    0x0000000000001e35      0x834 ./User/main.o
 .debug_line    0x0000000000002669      0x76f ./User/system_ch32v20x.o
 .debug_line    0x0000000000002dd8      0x2a8 ./User/usb_desc.o
 .debug_line    0x0000000000003080     0x3e91 ./USB_Host/app_km.o
 .debug_line    0x0000000000006f11     0x15cf ./USB_Host/ch32v20x_usbfs_host.o
 .debug_line    0x00000000000084e0      0x4a1 ./USB_Host/usb_host_hid.o
 .debug_line    0x0000000000008981      0x521 ./USB_Host/usb_host_hub.o
 .debug_line    0x0000000000008ea2      0x299 ./Startup/startup_ch32v20x_D6.o
 .debug_line    0x000000000000913b      0x6d2 ./Peripheral/src/ch32v20x_exti.o
 .debug_line    0x000000000000980d     0x1127 ./Peripheral/src/ch32v20x_gpio.o
 .debug_line    0x000000000000a934      0x5cd ./Peripheral/src/ch32v20x_misc.o
 .debug_line    0x000000000000af01     0x126b ./Peripheral/src/ch32v20x_rcc.o
 .debug_line    0x000000000000c16c     0x31ec ./Peripheral/src/ch32v20x_tim.o
 .debug_line    0x000000000000f358     0x10df ./Peripheral/src/ch32v20x_usart.o
 .debug_line    0x0000000000010437     0x1b80 ./Device/USBLIB/USB-Driver/src/usb_core.o
 .debug_line    0x0000000000011fb7      0x407 ./Device/USBLIB/USB-Driver/src/usb_init.o
 .debug_line    0x00000000000123be      0xa50 ./Device/USBLIB/USB-Driver/src/usb_int.o
 .debug_line    0x0000000000012e0e      0x52d ./Device/USBLIB/USB-Driver/src/usb_mem.o
 .debug_line    0x000000000001333b     0x10ff ./Device/USBLIB/USB-Driver/src/usb_regs.o
 .debug_line    0x000000000001443a      0x49d ./Device/USBLIB/USB-Driver/src/usb_sil.o
 .debug_line    0x00000000000148d7      0x975 ./Device/USBLIB/CONFIG/hw_config.o
 .debug_line    0x000000000001524c      0x3a2 ./Device/USBLIB/CONFIG/usb_desc.o
 .debug_line    0x00000000000155ee      0x553 ./Device/USBLIB/CONFIG/usb_endp.o
 .debug_line    0x0000000000015b41      0x7b0 ./Device/USBLIB/CONFIG/usb_istr.o
 .debug_line    0x00000000000162f1      0xe8a ./Device/USBLIB/CONFIG/usb_prop.o
 .debug_line    0x000000000001717b      0x8b9 ./Device/USBLIB/CONFIG/usb_pwr.o
 .debug_line    0x0000000000017a34      0x682 ./Device/usbd_composite_km.o
 .debug_line    0x00000000000180b6      0x7fe ./Debug/debug.o

.debug_str      0x0000000000000000     0x536f
 .debug_str     0x0000000000000000      0x55a ./User/ch32v20x_it.o
                                        0x5cf (size before relaxing)
 .debug_str     0x000000000000055a      0x9d6 ./User/ch32v20x_usbfs_device.o
                                        0xfbf (size before relaxing)
 .debug_str     0x0000000000000f30      0x929 ./User/main.o
                                       0x1211 (size before relaxing)
 .debug_str     0x0000000000001859      0x10c ./User/system_ch32v20x.o
                                        0x6e6 (size before relaxing)
 .debug_str     0x0000000000001965       0x13 ./User/usb_desc.o
                                        0x605 (size before relaxing)
 .debug_str     0x0000000000001978      0xc11 ./USB_Host/app_km.o
                                       0x203f (size before relaxing)
 .debug_str     0x0000000000002589      0x17c ./USB_Host/ch32v20x_usbfs_host.o
                                        0xee2 (size before relaxing)
 .debug_str     0x0000000000002705       0x89 ./USB_Host/usb_host_hid.o
                                        0x9be (size before relaxing)
 .debug_str     0x000000000000278e       0x81 ./USB_Host/usb_host_hub.o
                                        0x9df (size before relaxing)
 .debug_str     0x000000000000280f       0x67 ./Startup/startup_ch32v20x_D6.o
                                         0xbe (size before relaxing)
 .debug_str     0x0000000000002876      0x1ff ./Peripheral/src/ch32v20x_exti.o
                                        0x7e0 (size before relaxing)
 .debug_str     0x0000000000002a75      0x27e ./Peripheral/src/ch32v20x_gpio.o
                                        0x9d0 (size before relaxing)
 .debug_str     0x0000000000002cf3       0xb4 ./Peripheral/src/ch32v20x_misc.o
                                        0xad8 (size before relaxing)
 .debug_str     0x0000000000002da7      0x3b9 ./Peripheral/src/ch32v20x_rcc.o
                                        0xb0f (size before relaxing)
 .debug_str     0x0000000000003160      0xa2d ./Peripheral/src/ch32v20x_tim.o
                                       0x12ce (size before relaxing)
 .debug_str     0x0000000000003b8d      0x456 ./Peripheral/src/ch32v20x_usart.o
                                        0xb6a (size before relaxing)
 .debug_str     0x0000000000003fe3      0x532 ./Device/USBLIB/USB-Driver/src/usb_core.o
                                        0xfd5 (size before relaxing)
 .debug_str     0x0000000000004515       0x7b ./Device/USBLIB/USB-Driver/src/usb_init.o
                                        0xa42 (size before relaxing)
 .debug_str     0x0000000000004590       0xba ./Device/USBLIB/USB-Driver/src/usb_int.o
                                        0xaa0 (size before relaxing)
 .debug_str     0x000000000000464a       0xaa ./Device/USBLIB/USB-Driver/src/usb_mem.o
                                        0xa90 (size before relaxing)
 .debug_str     0x00000000000046f4      0x3db ./Device/USBLIB/USB-Driver/src/usb_regs.o
                                        0xe18 (size before relaxing)
 .debug_str     0x0000000000004acf       0xd0 ./Device/USBLIB/USB-Driver/src/usb_sil.o
                                        0xae8 (size before relaxing)
 .debug_str     0x0000000000004b9f      0x157 ./Device/USBLIB/CONFIG/hw_config.o
                                       0x1220 (size before relaxing)
 .debug_str     0x0000000000004cf6       0x73 ./Device/USBLIB/CONFIG/usb_desc.o
                                        0xaaa (size before relaxing)
 .debug_str     0x0000000000004d69       0xbe ./Device/USBLIB/CONFIG/usb_endp.o
                                        0xb5a (size before relaxing)
 .debug_str     0x0000000000004e27      0x119 ./Device/USBLIB/CONFIG/usb_istr.o
                                        0xbe9 (size before relaxing)
 .debug_str     0x0000000000004f40      0x21e ./Device/USBLIB/CONFIG/usb_prop.o
                                        0xfb9 (size before relaxing)
 .debug_str     0x000000000000515e       0xb5 ./Device/USBLIB/CONFIG/usb_pwr.o
                                        0xbbe (size before relaxing)
 .debug_str     0x0000000000005213       0xac ./Device/usbd_composite_km.o
                                        0xd94 (size before relaxing)
 .debug_str     0x00000000000052bf       0xb0 ./Debug/debug.o
                                        0x952 (size before relaxing)

.comment        0x0000000000000000       0x33
 .comment       0x0000000000000000       0x33 ./User/ch32v20x_it.o
                                         0x34 (size before relaxing)
 .comment       0x0000000000000033       0x34 ./User/ch32v20x_usbfs_device.o
 .comment       0x0000000000000033       0x34 ./User/main.o
 .comment       0x0000000000000033       0x34 ./User/system_ch32v20x.o
 .comment       0x0000000000000033       0x34 ./User/usb_desc.o
 .comment       0x0000000000000033       0x34 ./USB_Host/app_km.o
 .comment       0x0000000000000033       0x34 ./USB_Host/ch32v20x_usbfs_host.o
 .comment       0x0000000000000033       0x34 ./USB_Host/usb_host_hid.o
 .comment       0x0000000000000033       0x34 ./USB_Host/usb_host_hub.o
 .comment       0x0000000000000033       0x34 ./Peripheral/src/ch32v20x_exti.o
 .comment       0x0000000000000033       0x34 ./Peripheral/src/ch32v20x_gpio.o
 .comment       0x0000000000000033       0x34 ./Peripheral/src/ch32v20x_misc.o
 .comment       0x0000000000000033       0x34 ./Peripheral/src/ch32v20x_rcc.o
 .comment       0x0000000000000033       0x34 ./Peripheral/src/ch32v20x_tim.o
 .comment       0x0000000000000033       0x34 ./Peripheral/src/ch32v20x_usart.o